03-08 01:10:52.361  5334  5334 I DEBUG LOG: [03-08 01:10:52.361] [jni_protocol.cpp] [Java_com_veryfit_multi_nativeprotocol_Protocol_SysEvtSet] [line 266] api sysEvtSet,intput evt base:VBUS_EVT_BASE_APP_GET evt:326
03-08 01:10:52.361  5334  5334 I DEBUG LOG: [03-08 01:10:52.361] [protocol_write.c] [protocol_write_data_add] [line 200] cur sync evt:114 intput evt:326
03-08 01:10:52.361  5334  5334 I DEBUG LOG: [03-08 01:10:52.361] [protocol_write.c] [protocol_write_data_add] [line 236] add queue to send evt:326(326)
03-08 01:10:52.361  5334  5334 I DEBUG LOG: [03-08 01:10:52.361] [protocol_write.c] [protocol_write_process] [line 102] warn:queue cmd 0x2 0xB1 not reply yet add queue to send failed,queue list size:3
03-08 01:10:52.374  5334  5401 I DEBUG LOG: [03-08 01:10:52.374] [protocol_sync_config.c] [request_sync] [line 599] request config sync evt:116(VBUS_EVT_APP_SET_DO_NOT_DISTURB)
03-08 01:10:52.374  5334  5401 I DEBUG LOG: [03-08 01:10:52.374] [jni_protocol.cpp] [jni_notice_app_evt] [line 436] jni send evt notice to app evt type:116
03-08 01:10:52.374  5334  5401 I DEBUG LOG: [03-08 01:10:52.374] [protocol_sync_config.c] [request_sync] [line 604] cur sync index:19,evt:116
03-08 01:10:52.377  5334  5334 I DEBUG LOG: [03-08 01:10:52.377] [jni_protocol.cpp] [Java_com_veryfit_multi_nativeprotocol_Protocol_WriteJsonData] [line 612] app send protocol evt:116(VBUS_EVT_APP_SET_DO_NOT_DISTURB)
03-08 01:10:52.378  5334  5334 I DEBUG LOG: [03-08 01:10:52.378] [protocol_write.c] [protocol_write_data_add] [line 200] cur sync evt:116 intput evt:116
03-08 01:10:52.378  5334  5334 I DEBUG LOG: [03-08 01:10:52.378] [protocol_write.c] [protocol_write_data_add] [line 210] add config queue to send evt:116(VBUS_EVT_APP_SET_DO_NOT_DISTURB)
03-08 01:10:52.378  5334  5334 I DEBUG LOG: [03-08 01:10:52.378] [protocol_write.c] [protocol_config_sync_write_process] [line 128] config_sync mem_pop is success
03-08 01:10:52.378  5334  5334 I DEBUG LOG: [03-08 01:10:52.378] [protocol.c] [protocol_write_data] [line 235]   TX : 03 29 55 17 00 07 00 00 FE 55 17 00 07 00 55 55 
03-08 01:10:52.378  5334  5334 I DEBUG LOG: [03-08 01:10:52.378] [jni_protocol.cpp] [jni_notice_app_tx_data] [line 345] jni send tx data to app data len:16
03-08 01:10:52.439  5334  5676 I DEBUG LOG: [03-08 01:10:52.439] [protocol.c] [protocol_receive_data] [line 469] RX : 02 B1 AA 05 01 00 00 17 3B 00 00 00 00 00 00 00 00 00 00 00 
03-08 01:10:52.439  5334  5676 I DEBUG LOG: [03-08 01:10:52.439] [protocol_write.c] [protocol_write_vbus_control] [line 1293] stop resend evt:326(326)
03-08 01:10:52.439  5334  5676 I DEBUG LOG: [03-08 01:10:52.439] [protocol_write.c] [protocol_write_process] [line 108] mem_pop is success
03-08 01:10:52.439  5334  5676 I DEBUG LOG: [03-08 01:10:52.439] [protocol.c] [protocol_write_data] [line 235]   TX : 02 B1 
03-08 01:10:52.439  5334  5676 I DEBUG LOG: [03-08 01:10:52.439] [jni_protocol.cpp] [jni_notice_app_tx_data] [line 345] jni send tx data to app data len:2
03-08 01:10:52.439  5334  5676 I DEBUG LOG: [03-08 01:10:52.439] [protocol_sync_config.c] [protocol_sync_config_vbus_control] [line 965] sync config reply evt:326(326),cur config table index:19,cur evt:VBUS_EVT_APP_SET_DO_NOT_DISTURB(116)
03-08 01:10:52.439  5334  5676 I DEBUG LOG: [03-08 01:10:52.439] [jni_protocol.cpp] [jni_notice_app_evt] [line 436] jni send evt notice to app evt type:326
03-08 01:10:52.720  5334  5676 I DEBUG LOG: [03-08 01:10:52.720] [protocol.c] [protocol_receive_data] [line 469] RX : 07 40 00 00 10 00 00 00 00 00 00 00 00 00 00 00 00 00 00 00 
03-08 01:10:52.721  5334  5676 I DEBUG LOG: [03-08 01:10:52.721] [protocol_sync_config.c] [protocol_sync_config_vbus_control] [line 965] sync config reply evt:577(577),cur config table index:19,cur evt:VBUS_EVT_APP_SET_DO_NOT_DISTURB(116)
03-08 01:10:52.721  5334  5676 I DEBUG LOG: [03-08 01:10:52.721] [jni_protocol.cpp] [jni_notice_app_evt] [line 436] jni send evt notice to app evt type:577
03-08 01:10:52.724  5334  5676 I DEBUG LOG: [03-08 01:10:52.724] [protocol.c] [protocol_write_data] [line 235]   TX : 07 40 00 00 10 00 00 00 00 00 00 00 00 00 00 00 00 00 
03-08 01:10:52.724  5334  5676 I DEBUG LOG: [03-08 01:10:52.724] [jni_protocol.cpp] [jni_notice_app_tx_data] [line 345] jni send tx data to app data len:18
03-08 01:10:52.743  5334  7275 I DEBUG LOG: [03-08 01:10:52.742] [protocol.c] [protocol_receive_data] [line 469] RX : 03 29 00 00 00 00 00 00 00 00 00 00 00 00 00 00 00 00 00 00 
03-08 01:10:52.743  5334  7275 I DEBUG LOG: [03-08 01:10:52.743] [protocol_write.c] [protocol_write_vbus_control] [line 1282] stop resend evt:116(VBUS_EVT_APP_SET_DO_NOT_DISTURB)
03-08 01:10:52.743  5334  7275 I DEBUG LOG: [03-08 01:10:52.743] [protocol_sync_config.c] [protocol_sync_config_vbus_control] [line 965] sync config reply evt:VBUS_EVT_APP_SET_DO_NOT_DISTURB(116),cur config table index:19,cur evt:VBUS_EVT_APP_SET_DO_NOT_DISTURB(116)
03-08 01:10:52.743  5334  7275 I DEBUG LOG: [03-08 01:10:52.743] [protocol_sync_config.c] [get_sync_next_index] [line 559] get next sync index = 20,all = 51
03-08 01:10:52.743  5334  7275 I DEBUG LOG: [03-08 01:10:52.743] [protocol_sync_config.c] [sync_next] [line 617] start sync config next
03-08 01:10:52.743  5334  7275 I DEBUG LOG: [03-08 01:10:52.743] [jni_protocol.cpp] [jni_notice_app_evt] [line 436] jni send evt notice to app evt type:116
03-08 01:10:52.764  5334  5401 I DEBUG LOG: [03-08 01:10:52.764] [protocol_sync_config.c] [request_sync] [line 599] request config sync evt:117(VBUS_EVT_APP_SET_MUISC_ONOFF)
03-08 01:10:52.764  5334  5401 I DEBUG LOG: [03-08 01:10:52.764] [jni_protocol.cpp] [jni_notice_app_evt] [line 436] jni send evt notice to app evt type:117
03-08 01:10:52.765  5334  5334 I DEBUG LOG: [03-08 01:10:52.765] [jni_protocol.cpp] [Java_com_veryfit_multi_nativeprotocol_Protocol_SysEvtSet] [line 266] api sysEvtSet,intput evt base:VBUS_EVT_BASE_APP_GET evt:VBUS_EVT_APP_GET_DO_NOT_DISTURB
03-08 01:10:52.765  5334  5334 I DEBUG LOG: [03-08 01:10:52.765] [protocol_write.c] [protocol_write_data_add] [line 200] cur sync evt:117 intput evt:316
03-08 01:10:52.765  5334  5334 I DEBUG LOG: [03-08 01:10:52.765] [protocol_write.c] [protocol_write_data_add] [line 236] add queue to send evt:316(VBUS_EVT_APP_GET_DO_NOT_DISTURB)
03-08 01:10:52.765  5334  5334 I DEBUG LOG: [03-08 01:10:52.765] [protocol_write.c] [protocol_write_process] [line 102] warn:queue cmd 0x2 0xB1 not reply yet add queue to send failed,queue list size:3
03-08 01:10:52.765  5334  5401 I DEBUG LOG: [03-08 01:10:52.765] [protocol_sync_config.c] [request_sync] [line 604] cur sync index:20,evt:117
03-08 01:10:52.769  5334  5334 I DEBUG LOG: [03-08 01:10:52.769] [jni_protocol.cpp] [Java_com_veryfit_multi_nativeprotocol_Protocol_WriteJsonData] [line 612] app send protocol evt:117(VBUS_EVT_APP_SET_MUISC_ONOFF)
03-08 01:10:52.770  5334  5334 I DEBUG LOG: [03-08 01:10:52.770] [protocol_write.c] [protocol_write_data_add] [line 200] cur sync evt:117 intput evt:117
03-08 01:10:52.770  5334  5334 I DEBUG LOG: [03-08 01:10:52.770] [protocol_write.c] [protocol_write_data_add] [line 210] add config queue to send evt:117(VBUS_EVT_APP_SET_MUISC_ONOFF)
03-08 01:10:52.770  5334  5334 I DEBUG LOG: [03-08 01:10:52.770] [protocol_write.c] [protocol_config_sync_write_process] [line 128] config_sync mem_pop is success
03-08 01:10:52.770  5334  5334 I DEBUG LOG: [03-08 01:10:52.770] [protocol.c] [protocol_write_data] [line 235]   TX : 03 2A AA 55 
03-08 01:10:52.770  5334  5334 I DEBUG LOG: [03-08 01:10:52.770] [jni_protocol.cpp] [jni_notice_app_tx_data] [line 345] jni send tx data to app data len:4
03-08 01:10:52.773  5334  7275 I DEBUG LOG: [03-08 01:10:52.773] [protocol.c] [protocol_receive_data] [line 469] RX : 02 B1 AA 05 01 00 00 17 3B 00 00 00 00 00 00 00 00 00 00 00 
03-08 01:10:52.773  5334  7275 I DEBUG LOG: [03-08 01:10:52.773] [protocol_write.c] [protocol_write_vbus_control] [line 1293] stop resend evt:326(326)
03-08 01:10:52.773  5334  7275 I DEBUG LOG: [03-08 01:10:52.773] [protocol_write.c] [protocol_write_process] [line 108] mem_pop is success
03-08 01:10:52.773  5334  7275 I DEBUG LOG: [03-08 01:10:52.773] [protocol.c] [protocol_write_data] [line 235]   TX : 02 B1 
03-08 01:10:52.773  5334  7275 I DEBUG LOG: [03-08 01:10:52.773] [jni_protocol.cpp] [jni_notice_app_tx_data] [line 345] jni send tx data to app data len:2
03-08 01:10:52.774  5334  7275 I DEBUG LOG: [03-08 01:10:52.774] [protocol_sync_config.c] [protocol_sync_config_vbus_control] [line 965] sync config reply evt:326(326),cur config table index:20,cur evt:VBUS_EVT_APP_SET_MUISC_ONOFF(117)
03-08 01:10:52.774  5334  7275 I DEBUG LOG: [03-08 01:10:52.774] [jni_protocol.cpp] [jni_notice_app_evt] [line 436] jni send evt notice to app evt type:326
03-08 01:10:52.899  5334  5676 I DEBUG LOG: [03-08 01:10:52.899] [protocol.c] [protocol_receive_data] [line 469] RX : 03 2A 00 00 00 00 00 00 00 00 00 00 00 00 00 00 00 00 00 00 
03-08 01:10:52.899  5334  5676 I DEBUG LOG: [03-08 01:10:52.899] [protocol_write.c] [protocol_write_vbus_control] [line 1282] stop resend evt:117(VBUS_EVT_APP_SET_MUISC_ONOFF)
03-08 01:10:52.899  5334  5676 I DEBUG LOG: [03-08 01:10:52.899] [protocol_sync_config.c] [protocol_sync_config_vbus_control] [line 965] sync config reply evt:VBUS_EVT_APP_SET_MUISC_ONOFF(117),cur config table index:20,cur evt:VBUS_EVT_APP_SET_MUISC_ONOFF(117)
03-08 01:10:52.899  5334  5676 I DEBUG LOG: [03-08 01:10:52.899] [protocol_sync_config.c] [get_sync_next_index] [line 559] get next sync index = 23,all = 51
03-08 01:10:52.899  5334  5676 I DEBUG LOG: [03-08 01:10:52.899] [protocol_sync_config.c] [sync_next] [line 617] start sync config next
03-08 01:10:52.899  5334  5676 I DEBUG LOG: [03-08 01:10:52.899] [jni_protocol.cpp] [jni_notice_app_evt] [line 436] jni send evt notice to app evt type:117
03-08 01:10:52.901  5334  5334 I DEBUG LOG: [03-08 01:10:52.901] [jni_protocol.cpp] [Java_com_veryfit_multi_nativeprotocol_Protocol_SysEvtSet] [line 266] api sysEvtSet,intput evt base:VBUS_EVT_BASE_APP_SET evt:VBUS_EVT_APP_APP_TO_BLE_MUSIC_START
03-08 01:10:52.901  5334  5334 I DEBUG LOG: [03-08 01:10:52.901] [protocol_write.c] [protocol_write_data_add] [line 200] cur sync evt:117 intput evt:500
03-08 01:10:52.901  5334  5334 I DEBUG LOG: [03-08 01:10:52.901] [protocol_write.c] [protocol_write_data_add] [line 236] add queue to send evt:500(VBUS_EVT_APP_APP_TO_BLE_MUSIC_START)
03-08 01:10:52.901  5334  5334 I DEBUG LOG: [03-08 01:10:52.901] [protocol_write.c] [protocol_write_process] [line 102] warn:queue cmd 0x2 0xB1 not reply yet add queue to send failed,queue list size:3
03-08 01:10:52.920  5334  5401 I DEBUG LOG: [03-08 01:10:52.920] [protocol_sync_config.c] [request_sync] [line 599] request config sync evt:150(VBUS_EVT_APP_SET_WEATHER_SWITCH)
03-08 01:10:52.920  5334  5401 I DEBUG LOG: [03-08 01:10:52.920] [jni_protocol.cpp] [jni_notice_app_evt] [line 436] jni send evt notice to app evt type:150
03-08 01:10:52.921  5334  5401 I DEBUG LOG: [03-08 01:10:52.920] [protocol_sync_config.c] [request_sync] [line 604] cur sync index:23,evt:150
03-08 01:10:52.924  5334  5334 I DEBUG LOG: [03-08 01:10:52.924] [jni_protocol.cpp] [Java_com_veryfit_multi_nativeprotocol_Protocol_WriteJsonData] [line 612] app send protocol evt:150(VBUS_EVT_APP_SET_WEATHER_SWITCH)
03-08 01:10:52.925  5334  5334 I DEBUG LOG: [03-08 01:10:52.925] [protocol_write.c] [protocol_write_data_add] [line 200] cur sync evt:150 intput evt:150
03-08 01:10:52.925  5334  5334 I DEBUG LOG: [03-08 01:10:52.925] [protocol_write.c] [protocol_write_data_add] [line 210] add config queue to send evt:150(VBUS_EVT_APP_SET_WEATHER_SWITCH)
03-08 01:10:52.925  5334  5334 I DEBUG LOG: [03-08 01:10:52.925] [protocol_write.c] [protocol_config_sync_write_process] [line 128] config_sync mem_pop is success
03-08 01:10:52.925  5334  5334 I DEBUG LOG: [03-08 01:10:52.925] [protocol.c] [protocol_write_data] [line 235]   TX : 03 2D 55 00 00 00 
03-08 01:10:52.925  5334  5334 I DEBUG LOG: [03-08 01:10:52.925] [jni_protocol.cpp] [jni_notice_app_tx_data] [line 345] jni send tx data to app data len:6
03-08 01:10:52.950  5334  5676 I DEBUG LOG: [03-08 01:10:52.950] [protocol.c] [protocol_receive_data] [line 469] RX : 02 B1 AA 05 01 00 00 17 3B 00 00 00 00 00 00 00 00 00 00 00 
03-08 01:10:52.950  5334  5676 I DEBUG LOG: [03-08 01:10:52.950] [protocol_write.c] [protocol_write_vbus_control] [line 1293] stop resend evt:326(326)
03-08 01:10:52.950  5334  5676 I DEBUG LOG: [03-08 01:10:52.950] [protocol_write.c] [protocol_write_process] [line 108] mem_pop is success
03-08 01:10:52.950  5334  5676 I DEBUG LOG: [03-08 01:10:52.950] [protocol.c] [protocol_write_data] [line 235]   TX : 02 B1 
03-08 01:10:52.950  5334  5676 I DEBUG LOG: [03-08 01:10:52.950] [jni_protocol.cpp] [jni_notice_app_tx_data] [line 345] jni send tx data to app data len:2
03-08 01:10:52.951  5334  5676 I DEBUG LOG: [03-08 01:10:52.951] [protocol_sync_config.c] [protocol_sync_config_vbus_control] [line 965] sync config reply evt:326(326),cur config table index:23,cur evt:VBUS_EVT_APP_SET_WEATHER_SWITCH(150)
03-08 01:10:52.951  5334  5676 I DEBUG LOG: [03-08 01:10:52.951] [jni_protocol.cpp] [jni_notice_app_evt] [line 436] jni send evt notice to app evt type:326
03-08 01:10:53.013  5334  5676 I DEBUG LOG: [03-08 01:10:53.013] [protocol.c] [protocol_receive_data] [line 469] RX : 03 2D 00 00 00 00 00 00 00 00 00 00 00 00 00 00 00 00 00 00 
03-08 01:10:53.013  5334  5676 I DEBUG LOG: [03-08 01:10:53.013] [protocol_write.c] [protocol_write_vbus_control] [line 1282] stop resend evt:150(VBUS_EVT_APP_SET_WEATHER_SWITCH)
03-08 01:10:53.014  5334  5676 I DEBUG LOG: [03-08 01:10:53.014] [protocol_sync_config.c] [protocol_sync_config_vbus_control] [line 965] sync config reply evt:VBUS_EVT_APP_SET_WEATHER_SWITCH(150),cur config table index:23,cur evt:VBUS_EVT_APP_SET_WEATHER_SWITCH(150)
03-08 01:10:53.014  5334  5676 I DEBUG LOG: [03-08 01:10:53.014] [protocol_sync_config.c] [get_sync_next_index] [line 559] get next sync index = 24,all = 51
03-08 01:10:53.014  5334  5676 I DEBUG LOG: [03-08 01:10:53.014] [protocol_sync_config.c] [sync_next] [line 617] start sync config next
03-08 01:10:53.014  5334  5676 I DEBUG LOG: [03-08 01:10:53.014] [jni_protocol.cpp] [jni_notice_app_evt] [line 436] jni send evt notice to app evt type:150
03-08 01:10:53.034  5334  5401 I DEBUG LOG: [03-08 01:10:53.034] [protocol_sync_config.c] [request_sync] [line 599] request config sync evt:112(VBUS_EVT_APP_SET_HEART_RATE_INTERVAL)
03-08 01:10:53.034  5334  5401 I DEBUG LOG: [03-08 01:10:53.034] [jni_protocol.cpp] [jni_notice_app_evt] [line 436] jni send evt notice to app evt type:112
03-08 01:10:53.035  5334  5401 I DEBUG LOG: [03-08 01:10:53.035] [protocol_sync_config.c] [request_sync] [line 604] cur sync index:24,evt:112
03-08 01:10:53.049  5334  5334 I DEBUG LOG: [03-08 01:10:53.049] [jni_protocol.cpp] [Java_com_veryfit_multi_nativeprotocol_Protocol_WriteJsonData] [line 612] app send protocol evt:112(VBUS_EVT_APP_SET_HEART_RATE_INTERVAL)
03-08 01:10:53.050  5334  5334 I DEBUG LOG: [03-08 01:10:53.050] [protocol_write.c] [protocol_write_data_add] [line 200] cur sync evt:112 intput evt:112
03-08 01:10:53.050  5334  5334 I DEBUG LOG: [03-08 01:10:53.050] [protocol_write.c] [protocol_write_data_add] [line 210] add config queue to send evt:112(VBUS_EVT_APP_SET_HEART_RATE_INTERVAL)
03-08 01:10:53.051  5334  5334 I DEBUG LOG: [03-08 01:10:53.051] [protocol_write.c] [protocol_config_sync_write_process] [line 128] config_sync mem_pop is success
03-08 01:10:53.051  5334  5334 I DEBUG LOG: [03-08 01:10:53.051] [protocol.c] [protocol_write_data] [line 235]   TX : 03 24 78 8C B4 C8 64 78 8C A0 B4 14 00 00 00 00 17 3B C8 00 
03-08 01:10:53.051  5334  5334 I DEBUG LOG: [03-08 01:10:53.051] [jni_protocol.cpp] [jni_notice_app_tx_data] [line 345] jni send tx data to app data len:20
03-08 01:10:53.070  5334  7275 I DEBUG LOG: [03-08 01:10:53.070] [protocol.c] [protocol_receive_data] [line 469] RX : 02 B1 AA 05 01 00 00 17 3B 00 00 00 00 00 00 00 00 00 00 00 
03-08 01:10:53.070  5334  7275 I DEBUG LOG: [03-08 01:10:53.070] [protocol_write.c] [protocol_write_vbus_control] [line 1293] stop resend evt:326(326)
03-08 01:10:53.070  5334  7275 I DEBUG LOG: [03-08 01:10:53.070] [protocol_write.c] [protocol_write_process] [line 108] mem_pop is success
03-08 01:10:53.071  5334  7275 I DEBUG LOG: [03-08 01:10:53.070] [protocol.c] [protocol_write_data] [line 235]   TX : 02 30 
03-08 01:10:53.071  5334  7275 I DEBUG LOG: [03-08 01:10:53.071] [jni_protocol.cpp] [jni_notice_app_tx_data] [line 345] jni send tx data to app data len:2
03-08 01:10:53.072  5334  7275 I DEBUG LOG: [03-08 01:10:53.071] [protocol_sync_config.c] [protocol_sync_config_vbus_control] [line 965] sync config reply evt:326(326),cur config table index:24,cur evt:VBUS_EVT_APP_SET_HEART_RATE_INTERVAL(112)
03-08 01:10:53.072  5334  7275 I DEBUG LOG: [03-08 01:10:53.072] [jni_protocol.cpp] [jni_notice_app_evt] [line 436] jni send evt notice to app evt type:326
03-08 01:10:53.134  5334  7275 I DEBUG LOG: [03-08 01:10:53.134] [protocol.c] [protocol_receive_data] [line 469] RX : 03 24 00 00 00 00 00 00 00 00 00 00 00 00 00 00 00 00 00 00 
03-08 01:10:53.134  5334  7275 I DEBUG LOG: [03-08 01:10:53.134] [protocol_write.c] [protocol_write_vbus_control] [line 1282] stop resend evt:112(VBUS_EVT_APP_SET_HEART_RATE_INTERVAL)
03-08 01:10:53.134  5334  7275 I DEBUG LOG: [03-08 01:10:53.134] [protocol_sync_config.c] [protocol_sync_config_vbus_control] [line 965] sync config reply evt:VBUS_EVT_APP_SET_HEART_RATE_INTERVAL(112),cur config table index:24,cur evt:VBUS_EVT_APP_SET_HEART_RATE_INTERVAL(112)
03-08 01:10:53.134  5334  7275 I DEBUG LOG: [03-08 01:10:53.134] [protocol_sync_config.c] [get_sync_next_index] [line 559] get next sync index = 30,all = 51
03-08 01:10:53.134  5334  7275 I DEBUG LOG: [03-08 01:10:53.134] [protocol_sync_config.c] [sync_next] [line 617] start sync config next
03-08 01:10:53.135  5334  7275 I DEBUG LOG: [03-08 01:10:53.135] [jni_protocol.cpp] [jni_notice_app_evt] [line 436] jni send evt notice to app evt type:112
03-08 01:10:53.155  5334  5401 I DEBUG LOG: [03-08 01:10:53.155] [protocol_sync_config.c] [request_sync] [line 599] request config sync evt:154(VBUS_EVT_APP_SET_SCREEN_BRIGHTNESS)
03-08 01:10:53.155  5334  5401 I DEBUG LOG: [03-08 01:10:53.155] [jni_protocol.cpp] [jni_notice_app_evt] [line 436] jni send evt notice to app evt type:154
03-08 01:10:53.156  5334  5401 I DEBUG LOG: [03-08 01:10:53.156] [protocol_sync_config.c] [request_sync] [line 604] cur sync index:30,evt:154
03-08 01:10:53.158  5334  5334 I DEBUG LOG: [03-08 01:10:53.158] [jni_protocol.cpp] [Java_com_veryfit_multi_nativeprotocol_Protocol_WriteJsonData] [line 612] app send protocol evt:154(VBUS_EVT_APP_SET_SCREEN_BRIGHTNESS)
03-08 01:10:53.160  5334  5334 I DEBUG LOG: [03-08 01:10:53.160] [protocol_write.c] [protocol_write_data_add] [line 200] cur sync evt:154 intput evt:154
03-08 01:10:53.160  5334  5334 I DEBUG LOG: [03-08 01:10:53.160] [protocol_write.c] [protocol_write_data_add] [line 210] add config queue to send evt:154(VBUS_EVT_APP_SET_SCREEN_BRIGHTNESS)
03-08 01:10:53.160  5334  5334 I DEBUG LOG: [03-08 01:10:53.160] [protocol_write.c] [protocol_config_sync_write_process] [line 128] config_sync mem_pop is success
03-08 01:10:53.160  5334  5334 I DEBUG LOG: [03-08 01:10:53.160] [protocol.c] [protocol_write_data] [line 235]   TX : 03 32 3C 00 02 03 13 00 06 00 00 00 
03-08 01:10:53.160  5334  5334 I DEBUG LOG: [03-08 01:10:53.160] [jni_protocol.cpp] [jni_notice_app_tx_data] [line 345] jni send tx data to app data len:12
03-08 01:10:53.190  5334  5676 I DEBUG LOG: [03-08 01:10:53.190] [protocol.c] [protocol_receive_data] [line 469] RX : 02 30 55 17 00 07 00 02 FE 55 17 00 07 00 00 00 00 00 00 00 
03-08 01:10:53.190  5334  5676 I DEBUG LOG: [03-08 01:10:53.190] [protocol_write.c] [protocol_write_vbus_control] [line 1293] stop resend evt:316(VBUS_EVT_APP_GET_DO_NOT_DISTURB)
03-08 01:10:53.190  5334  5676 I DEBUG LOG: [03-08 01:10:53.190] [protocol_write.c] [protocol_write_process] [line 108] mem_pop is success
03-08 01:10:53.190  5334  5676 I DEBUG LOG: [03-08 01:10:53.190] [protocol.c] [protocol_write_data] [line 235]   TX : 06 01 00 00 00 00 
03-08 01:10:53.190  5334  5676 I DEBUG LOG: [03-08 01:10:53.190] [jni_protocol.cpp] [jni_notice_app_tx_data] [line 345] jni send tx data to app data len:6
03-08 01:10:53.190  5334  5676 I DEBUG LOG: [03-08 01:10:53.190] [protocol_sync_config.c] [protocol_sync_config_vbus_control] [line 965] sync config reply evt:VBUS_EVT_APP_GET_DO_NOT_DISTURB(316),cur config table index:30,cur evt:VBUS_EVT_APP_SET_SCREEN_BRIGHTNESS(154)
03-08 01:10:53.190  5334  5676 I DEBUG LOG: [03-08 01:10:53.190] [jni_protocol.cpp] [jni_notice_app_evt] [line 436] jni send evt notice to app evt type:316
03-08 01:10:53.279  5334  5676 I DEBUG LOG: [03-08 01:10:53.279] [protocol.c] [protocol_receive_data] [line 469] RX : 07 40 00 00 04 00 00 00 00 00 00 00 00 00 00 00 00 00 00 00 
03-08 01:10:53.279  5334  5676 I DEBUG LOG: [03-08 01:10:53.279] [protocol_sync_config.c] [protocol_sync_config_vbus_control] [line 965] sync config reply evt:577(577),cur config table index:30,cur evt:VBUS_EVT_APP_SET_SCREEN_BRIGHTNESS(154)
03-08 01:10:53.279  5334  5676 I DEBUG LOG: [03-08 01:10:53.279] [jni_protocol.cpp] [jni_notice_app_evt] [line 436] jni send evt notice to app evt type:577
03-08 01:10:53.279  5334  5676 I DEBUG LOG: [03-08 01:10:53.279] [protocol.c] [protocol_write_data] [line 235]   TX : 07 40 00 00 04 00 00 00 00 00 00 00 00 00 00 00 00 00 
03-08 01:10:53.279  5334  5676 I DEBUG LOG: [03-08 01:10:53.279] [jni_protocol.cpp] [jni_notice_app_tx_data] [line 345] jni send tx data to app data len:18
03-08 01:10:53.282  5334  5681 I DEBUG LOG: [03-08 01:10:53.282] [protocol.c] [protocol_receive_data] [line 469] RX : 07 40 00 00 04 00 00 00 00 00 00 00 00 00 00 00 00 00 00 00 
03-08 01:10:53.282  5334  5681 I DEBUG LOG: [03-08 01:10:53.282] [protocol_sync_config.c] [protocol_sync_config_vbus_control] [line 965] sync config reply evt:577(577),cur config table index:30,cur evt:VBUS_EVT_APP_SET_SCREEN_BRIGHTNESS(154)
03-08 01:10:53.282  5334  5681 I DEBUG LOG: [03-08 01:10:53.282] [jni_protocol.cpp] [jni_notice_app_evt] [line 436] jni send evt notice to app evt type:577
03-08 01:10:53.283  5334  5681 I DEBUG LOG: [03-08 01:10:53.283] [protocol.c] [protocol_write_data] [line 235]   TX : 07 40 00 00 04 00 00 00 00 00 00 00 00 00 00 00 00 00 
03-08 01:10:53.283  5334  5681 I DEBUG LOG: [03-08 01:10:53.283] [jni_protocol.cpp] [jni_notice_app_tx_data] [line 345] jni send tx data to app data len:18
03-08 01:10:53.284  5334  5681 I DEBUG LOG: [03-08 01:10:53.284] [protocol.c] [protocol_receive_data] [line 469] RX : 03 32 00 00 00 00 00 00 00 00 00 00 00 00 00 00 00 00 00 00 
03-08 01:10:53.284  5334  5681 I DEBUG LOG: [03-08 01:10:53.284] [protocol_write.c] [protocol_write_vbus_control] [line 1282] stop resend evt:154(VBUS_EVT_APP_SET_SCREEN_BRIGHTNESS)
03-08 01:10:53.284  5334  5681 I DEBUG LOG: [03-08 01:10:53.284] [protocol_sync_config.c] [protocol_sync_config_vbus_control] [line 965] sync config reply evt:VBUS_EVT_APP_SET_SCREEN_BRIGHTNESS(154),cur config table index:30,cur evt:VBUS_EVT_APP_SET_SCREEN_BRIGHTNESS(154)
03-08 01:10:53.284  5334  5681 I DEBUG LOG: [03-08 01:10:53.284] [protocol_sync_config.c] [get_sync_next_index] [line 559] get next sync index = 31,all = 51
03-08 01:10:53.284  5334  5681 I DEBUG LOG: [03-08 01:10:53.284] [protocol_sync_config.c] [sync_next] [line 617] start sync config next
03-08 01:10:53.284  5334  5681 I DEBUG LOG: [03-08 01:10:53.284] [jni_protocol.cpp] [jni_notice_app_evt] [line 436] jni send evt notice to app evt type:154
03-08 01:10:53.305  5334  5401 I DEBUG LOG: [03-08 01:10:53.305] [protocol_sync_config.c] [request_sync] [line 599] request config sync evt:159(VBUS_EVT_APP_SET_MENSTRUATION)
03-08 01:10:53.305  5334  5401 I DEBUG LOG: [03-08 01:10:53.305] [jni_protocol.cpp] [jni_notice_app_evt] [line 436] jni send evt notice to app evt type:159
03-08 01:10:53.307  5334  5334 I DEBUG LOG: [03-08 01:10:53.307] [jni_protocol.cpp] [Java_com_veryfit_multi_nativeprotocol_Protocol_WriteJsonData] [line 612] app send protocol evt:159(VBUS_EVT_APP_SET_MENSTRUATION)
03-08 01:10:53.308  5334  5334 I DEBUG LOG: [03-08 01:10:53.308] [protocol_write.c] [protocol_write_data_add] [line 200] cur sync evt:159 intput evt:159
03-08 01:10:53.308  5334  5334 I DEBUG LOG: [03-08 01:10:53.308] [protocol_write.c] [protocol_write_data_add] [line 210] add config queue to send evt:159(VBUS_EVT_APP_SET_MENSTRUATION)
03-08 01:10:53.308  5334  5334 I DEBUG LOG: [03-08 01:10:53.308] [protocol_write.c] [protocol_config_sync_write_process] [line 128] config_sync mem_pop is success
03-08 01:10:53.308  5334  5334 I DEBUG LOG: [03-08 01:10:53.308] [protocol.c] [protocol_write_data] [line 235]   TX : 03 41 55 00 00 00 00 00 00 00 00 00 00 55 
03-08 01:10:53.308  5334  5334 I DEBUG LOG: [03-08 01:10:53.308] [jni_protocol.cpp] [jni_notice_app_tx_data] [line 345] jni send tx data to app data len:14
03-08 01:10:53.311  5334  5401 I DEBUG LOG: [03-08 01:10:53.311] [protocol_sync_config.c] [request_sync] [line 604] cur sync index:31,evt:159
03-08 01:10:53.342  5334  5676 I DEBUG LOG: [03-08 01:10:53.342] [protocol.c] [protocol_receive_data] [line 469] RX : 06 01 00 00 00 00 00 00 00 00 00 00 00 00 00 00 00 00 00 00 
03-08 01:10:53.342  5334  5676 I DEBUG LOG: [03-08 01:10:53.342] [protocol_write.c] [protocol_write_vbus_control] [line 1293] stop resend evt:500(VBUS_EVT_APP_APP_TO_BLE_MUSIC_START)
03-08 01:10:53.342  5334  5676 I DEBUG LOG: [03-08 01:10:53.342] [protocol_sync_config.c] [protocol_sync_config_vbus_control] [line 965] sync config reply evt:VBUS_EVT_APP_APP_TO_BLE_MUSIC_START(500),cur config table index:31,cur evt:VBUS_EVT_APP_SET_MENSTRUATION(159)
03-08 01:10:53.342  5334  5676 I DEBUG LOG: [03-08 01:10:53.342] [jni_protocol.cpp] [jni_notice_app_evt] [line 436] jni send evt notice to app evt type:500
03-08 01:10:53.519  5334  5676 I DEBUG LOG: [03-08 01:10:53.519] [protocol.c] [protocol_receive_data] [line 469] RX : 03 41 00 00 00 00 00 00 00 00 00 00 00 00 00 00 00 00 00 00 
03-08 01:10:53.519  5334  5676 I DEBUG LOG: [03-08 01:10:53.519] [protocol_write.c] [protocol_write_vbus_control] [line 1282] stop resend evt:159(VBUS_EVT_APP_SET_MENSTRUATION)
03-08 01:10:53.519  5334  5676 I DEBUG LOG: [03-08 01:10:53.519] [protocol_sync_config.c] [protocol_sync_config_vbus_control] [line 965] sync config reply evt:VBUS_EVT_APP_SET_MENSTRUATION(159),cur config table index:31,cur evt:VBUS_EVT_APP_SET_MENSTRUATION(159)
03-08 01:10:53.519  5334  5676 I DEBUG LOG: [03-08 01:10:53.519] [protocol_sync_config.c] [get_sync_next_index] [line 559] get next sync index = 32,all = 51
03-08 01:10:53.519  5334  5676 I DEBUG LOG: [03-08 01:10:53.519] [protocol_sync_config.c] [sync_next] [line 617] start sync config next
03-08 01:10:53.520  5334  5676 I DEBUG LOG: [03-08 01:10:53.520] [jni_protocol.cpp] [jni_notice_app_evt] [line 436] jni send evt notice to app evt type:159
03-08 01:10:53.540  5334  5401 I DEBUG LOG: [03-08 01:10:53.540] [protocol_sync_config.c] [request_sync] [line 599] request config sync evt:160(VBUS_EVT_APP_SET_MENSTRUATION_REMIND)
03-08 01:10:53.540  5334  5401 I DEBUG LOG: [03-08 01:10:53.540] [jni_protocol.cpp] [jni_notice_app_evt] [line 436] jni send evt notice to app evt type:160
03-08 01:10:53.541  5334  5401 I DEBUG LOG: [03-08 01:10:53.541] [protocol_sync_config.c] [request_sync] [line 604] cur sync index:32,evt:160
03-08 01:10:53.543  5334  5334 I DEBUG LOG: [03-08 01:10:53.543] [jni_protocol.cpp] [Java_com_veryfit_multi_nativeprotocol_Protocol_WriteJsonData] [line 612] app send protocol evt:160(VBUS_EVT_APP_SET_MENSTRUATION_REMIND)
03-08 01:10:53.544  5334  5334 I DEBUG LOG: [03-08 01:10:53.544] [protocol_write.c] [protocol_write_data_add] [line 200] cur sync evt:160 intput evt:160
03-08 01:10:53.544  5334  5334 I DEBUG LOG: [03-08 01:10:53.544] [protocol_write.c] [protocol_write_data_add] [line 210] add config queue to send evt:160(VBUS_EVT_APP_SET_MENSTRUATION_REMIND)
03-08 01:10:53.544  5334  5334 I DEBUG LOG: [03-08 01:10:53.544] [protocol_write.c] [protocol_config_sync_write_process] [line 128] config_sync mem_pop is success
03-08 01:10:53.544  5334  5334 I DEBUG LOG: [03-08 01:10:53.544] [protocol.c] [protocol_write_data] [line 235]   TX : 03 42 00 00 00 00 00 00 00 
03-08 01:10:53.544  5334  5334 I DEBUG LOG: [03-08 01:10:53.544] [jni_protocol.cpp] [jni_notice_app_tx_data] [line 345] jni send tx data to app data len:9
03-08 01:10:53.640  5334  5676 I DEBUG LOG: [03-08 01:10:53.640] [protocol.c] [protocol_receive_data] [line 469] RX : 03 42 00 00 00 00 00 00 00 00 00 00 00 00 00 00 00 00 00 00 
03-08 01:10:53.640  5334  5676 I DEBUG LOG: [03-08 01:10:53.640] [protocol_write.c] [protocol_write_vbus_control] [line 1282] stop resend evt:160(VBUS_EVT_APP_SET_MENSTRUATION_REMIND)
03-08 01:10:53.640  5334  5676 I DEBUG LOG: [03-08 01:10:53.640] [protocol_sync_config.c] [protocol_sync_config_vbus_control] [line 965] sync config reply evt:VBUS_EVT_APP_SET_MENSTRUATION_REMIND(160),cur config table index:32,cur evt:VBUS_EVT_APP_SET_MENSTRUATION_REMIND(160)
03-08 01:10:53.640  5334  5676 I DEBUG LOG: [03-08 01:10:53.640] [protocol_sync_config.c] [get_sync_next_index] [line 559] get next sync index = 33,all = 51
03-08 01:10:53.640  5334  5676 I DEBUG LOG: [03-08 01:10:53.640] [protocol_sync_config.c] [sync_next] [line 617] start sync config next
03-08 01:10:53.640  5334  5676 I DEBUG LOG: [03-08 01:10:53.640] [jni_protocol.cpp] [jni_notice_app_evt] [line 436] jni send evt notice to app evt type:160
03-08 01:10:53.661  5334  5401 I DEBUG LOG: [03-08 01:10:53.661] [protocol_sync_config.c] [request_sync] [line 599] request config sync evt:161(VBUS_EVT_APP_SET_CALORIE_DISTANCE_GOAL)
03-08 01:10:53.661  5334  5401 I DEBUG LOG: [03-08 01:10:53.661] [jni_protocol.cpp] [jni_notice_app_evt] [line 436] jni send evt notice to app evt type:161
03-08 01:10:53.662  5334  5401 I DEBUG LOG: [03-08 01:10:53.662] [protocol_sync_config.c] [request_sync] [line 604] cur sync index:33,evt:161
03-08 01:10:53.664  5334  5334 I DEBUG LOG: [03-08 01:10:53.664] [jni_protocol.cpp] [Java_com_veryfit_multi_nativeprotocol_Protocol_WriteJsonData] [line 612] app send protocol evt:161(VBUS_EVT_APP_SET_CALORIE_DISTANCE_GOAL)
03-08 01:10:53.665  5334  5334 I DEBUG LOG: [03-08 01:10:53.665] [protocol_write.c] [protocol_write_data_add] [line 200] cur sync evt:161 intput evt:161
03-08 01:10:53.665  5334  5334 I DEBUG LOG: [03-08 01:10:53.665] [protocol_write.c] [protocol_write_data_add] [line 210] add config queue to send evt:161(VBUS_EVT_APP_SET_CALORIE_DISTANCE_GOAL)
03-08 01:10:53.665  5334  5334 I DEBUG LOG: [03-08 01:10:53.665] [protocol_write.c] [protocol_config_sync_write_process] [line 128] config_sync mem_pop is success
03-08 01:10:53.665  5334  5334 I DEBUG LOG: [03-08 01:10:53.665] [protocol.c] [protocol_write_data] [line 235]   TX : 03 43 F4 01 00 00 00 00 00 00 08 07 00 00 FA 00 0E 06 0C 00 
03-08 01:10:53.665  5334  5334 I DEBUG LOG: [03-08 01:10:53.665] [jni_protocol.cpp] [jni_notice_app_tx_data] [line 345] jni send tx data to app data len:20
03-08 01:10:53.733  5334  7275 I DEBUG LOG: [03-08 01:10:53.733] [protocol.c] [protocol_receive_data] [line 469] RX : 03 43 00 00 00 00 00 00 00 00 00 00 00 00 00 00 00 00 00 00 
03-08 01:10:53.733  5334  7275 I DEBUG LOG: [03-08 01:10:53.733] [protocol_write.c] [protocol_write_vbus_control] [line 1282] stop resend evt:161(VBUS_EVT_APP_SET_CALORIE_DISTANCE_GOAL)
03-08 01:10:53.733  5334  7275 I DEBUG LOG: [03-08 01:10:53.733] [protocol_sync_config.c] [protocol_sync_config_vbus_control] [line 965] sync config reply evt:VBUS_EVT_APP_SET_CALORIE_DISTANCE_GOAL(161),cur config table index:33,cur evt:VBUS_EVT_APP_SET_CALORIE_DISTANCE_GOAL(161)
03-08 01:10:53.733  5334  7275 I DEBUG LOG: [03-08 01:10:53.733] [protocol_sync_config.c] [get_sync_next_index] [line 559] get next sync index = 35,all = 51
03-08 01:10:53.733  5334  7275 I DEBUG LOG: [03-08 01:10:53.733] [protocol_sync_config.c] [sync_next] [line 617] start sync config next
03-08 01:10:53.733  5334  7275 I DEBUG LOG: [03-08 01:10:53.733] [jni_protocol.cpp] [jni_notice_app_evt] [line 436] jni send evt notice to app evt type:161
03-08 01:10:53.753  5334  5401 I DEBUG LOG: [03-08 01:10:53.753] [protocol_sync_config.c] [request_sync] [line 599] request config sync evt:5013(VBUS_EVT_FUNC_V3_SPORT_SORT)
03-08 01:10:53.753  5334  5401 I DEBUG LOG: [03-08 01:10:53.753] [jni_protocol.cpp] [jni_notice_app_evt] [line 436] jni send evt notice to app evt type:5013
03-08 01:10:53.757  5334  5334 I DEBUG LOG: [03-08 01:10:53.757] [jni_protocol.cpp] [Java_com_veryfit_multi_nativeprotocol_Protocol_WriteJsonData] [line 612] app send protocol evt:5013(VBUS_EVT_FUNC_V3_SPORT_SORT)
03-08 01:10:53.761  5334  5401 I DEBUG LOG: [03-08 01:10:53.761] [protocol_sync_config.c] [request_sync] [line 604] cur sync index:35,evt:5013
03-08 01:10:53.762  5334  5334 I DEBUG LOG: [03-08 01:10:53.762] [protocol_v3_queue.c] [protocol_v3_queue_write_ex] [line 360] free ptr:tmp & queue_data
03-08 01:10:53.762  5334  5334 I DEBUG LOG: [03-08 01:10:53.762] [protocol_v3_queue.c] [protocol_v3_queue_write_ex] [line 362] v3 protocol add queue cmd id=0xC nseq=0x8 send queue cout=1
03-08 01:10:53.763  5334  5334 I DEBUG LOG: [03-08 01:10:53.763] [protocol_v3_queue.c] [send_packet] [line 193] v3 protocol send packet cmd id=0xC nseq=0x8
03-08 01:10:53.763  5334  5334 I DEBUG LOG: [03-08 01:10:53.763] [protocol_v3.c] [process_tx_buff] [line 88] v3 protocol write complete
03-08 01:10:53.763  5334  5334 I DEBUG LOG: [03-08 01:10:53.763] [protocol_v3.c] [process_tx_buff] [line 102] send data buff length:42,offset:0
03-08 01:10:53.763  5334  5334 I DEBUG LOG: [03-08 01:10:53.763] [protocol.c] [protocol_write_data] [line 235]   TX : 33 DA AD DA AD 01 28 00 0C 00 08 00 0E 01 30 02 31 03 34 04 35 05 04 06 32 07 4B 08 12 09 33 0A 09 0B 36 0C 37 0D 39 0E 38 24 B9 
03-08 01:10:53.763  5334  5334 I DEBUG LOG: [03-08 01:10:53.763] [jni_protocol.cpp] [jni_notice_app_tx_data] [line 345] jni send tx data to app data len:43
03-08 01:10:53.763  5334  5334 I DEBUG LOG: [03-08 01:10:53.763] [protocol_v3_queue.c] [send_packet] [line 208] v3 write data rel:0,free send buff
03-08 01:10:53.763  5334  5334 I DEBUG LOG: [03-08 01:10:53.763] [protocol_v3_queue.c] [process_queue] [line 265] free queue_data
03-08 01:10:53.854  5334  5676 I DEBUG LOG: [03-08 01:10:53.854] [protocol.c] [protocol_receive_data] [line 469] RX : 33 DA AD DA AD 01 0B 00 0C 00 08 00 AA 2A 
03-08 01:10:53.854  5334  5676 I DEBUG LOG: [03-08 01:10:53.854] [protocol_v3.c] [protocol_v3_exec] [line 394] rec v3 protocol cmd id:0xC,nseq:0x8,total length:11(+2Bytes CRC),cur get data length:13
03-08 01:10:53.854  5334  5676 I DEBUG LOG: [03-08 01:10:53.854] [protocol_v3_queue.c] [protocol_v3_rx_data_cb_handle] [line 109] rec v3 protocol cmd id:0xC nseq:0x8 vserion: 0x1 complete,length:11(+2Bytes CRC)
03-08 01:10:53.854  5334  5676 I DEBUG LOG: [03-08 01:10:53.854] [protocol_v3_queue.c] [cmd_reply_process] [line 86] cmd 0xC,nseq = 8,is reply
03-08 01:10:53.854  5334  5676 I DEBUG LOG: [03-08 01:10:53.854] [protocol_v3_queue.c] [process_queue] [line 269] warn:   queue is empty
03-08 01:10:53.854  5334  5676 I DEBUG LOG: [03-08 01:10:53.854] [protocol_sync_config.c] [protocol_sync_config_vbus_control] [line 965] sync config reply evt:VBUS_EVT_FUNC_V3_SPORT_SORT(5013),cur config table index:35,cur evt:VBUS_EVT_FUNC_V3_SPORT_SORT(5013)
03-08 01:10:53.854  5334  5676 I DEBUG LOG: [03-08 01:10:53.854] [protocol_sync_config.c] [get_sync_next_index] [line 559] get next sync index = 36,all = 51
03-08 01:10:53.854  5334  5676 I DEBUG LOG: [03-08 01:10:53.854] [protocol_sync_config.c] [sync_next] [line 617] start sync config next
03-08 01:10:53.854  5334  5676 I DEBUG LOG: [03-08 01:10:53.854] [jni_protocol.cpp] [jni_notice_app_evt] [line 436] jni send evt notice to app evt type:5013
03-08 01:10:53.856  5334  5676 I DEBUG LOG: [03-08 01:10:53.856] [protocol_v3.c] [process_tx_buff] [line 102] send data buff length:42,offset:42
03-08 01:10:53.856  5334  5676 I DEBUG LOG: [03-08 01:10:53.856] [protocol_v3.c] [send_end] [line 67] protocol cmd id:0xC nseq:0x8 send end
03-08 01:10:53.876  5334  5401 I DEBUG LOG: [03-08 01:10:53.876] [protocol_sync_config.c] [request_sync] [line 599] request config sync evt:165(VBUS_EVT_APP_SET_WALK_REMINDER)
03-08 01:10:53.876  5334  5401 I DEBUG LOG: [03-08 01:10:53.876] [jni_protocol.cpp] [jni_notice_app_evt] [line 436] jni send evt notice to app evt type:165
03-08 01:10:53.877  5334  5401 I DEBUG LOG: [03-08 01:10:53.877] [protocol_sync_config.c] [request_sync] [line 604] cur sync index:36,evt:165
03-08 01:10:53.880  5334  5334 I DEBUG LOG: [03-08 01:10:53.880] [jni_protocol.cpp] [Java_com_veryfit_multi_nativeprotocol_Protocol_WriteJsonData] [line 612] app send protocol evt:165(VBUS_EVT_APP_SET_WALK_REMINDER)
03-08 01:10:53.881  5334  5334 I DEBUG LOG: [03-08 01:10:53.881] [protocol_write.c] [protocol_write_data_add] [line 200] cur sync evt:165 intput evt:165
03-08 01:10:53.881  5334  5334 I DEBUG LOG: [03-08 01:10:53.881] [protocol_write.c] [protocol_write_data_add] [line 210] add config queue to send evt:165(VBUS_EVT_APP_SET_WALK_REMINDER)
03-08 01:10:53.881  5334  5334 I DEBUG LOG: [03-08 01:10:53.881] [protocol_write.c] [protocol_config_sync_write_process] [line 128] config_sync mem_pop is success
03-08 01:10:53.881  5334  5334 I DEBUG LOG: [03-08 01:10:53.881] [protocol.c] [protocol_write_data] [line 235]   TX : 03 47 00 64 00 09 00 15 00 FE 00 00 73 00 00 00 01 
03-08 01:10:53.881  5334  5334 I DEBUG LOG: [03-08 01:10:53.881] [jni_protocol.cpp] [jni_notice_app_tx_data] [line 345] jni send tx data to app data len:17
03-08 01:10:53.946  5334  5676 I DEBUG LOG: [03-08 01:10:53.946] [protocol.c] [protocol_receive_data] [line 469] RX : 03 47 00 00 00 00 00 00 00 00 00 00 00 00 00 00 00 00 00 00 
03-08 01:10:53.946  5334  5676 I DEBUG LOG: [03-08 01:10:53.946] [protocol_write.c] [protocol_write_vbus_control] [line 1282] stop resend evt:165(VBUS_EVT_APP_SET_WALK_REMINDER)
03-08 01:10:53.946  5334  5676 I DEBUG LOG: [03-08 01:10:53.946] [protocol_sync_config.c] [protocol_sync_config_vbus_control] [line 965] sync config reply evt:VBUS_EVT_APP_SET_WALK_REMINDER(165),cur config table index:36,cur evt:VBUS_EVT_APP_SET_WALK_REMINDER(165)
03-08 01:10:53.946  5334  5676 I DEBUG LOG: [03-08 01:10:53.946] [protocol_sync_config.c] [get_sync_next_index] [line 559] get next sync index = 38,all = 51
03-08 01:10:53.946  5334  5676 I DEBUG LOG: [03-08 01:10:53.946] [protocol_sync_config.c] [sync_next] [line 617] start sync config next
03-08 01:10:53.946  5334  5676 I DEBUG LOG: [03-08 01:10:53.946] [jni_protocol.cpp] [jni_notice_app_evt] [line 436] jni send evt notice to app evt type:165
03-08 01:10:53.966  5334  5401 I DEBUG LOG: [03-08 01:10:53.966] [protocol_sync_config.c] [request_sync] [line 599] request config sync evt:167(VBUS_EVT_APP_SET_ACTIVITY_SWITCH)
03-08 01:10:53.966  5334  5401 I DEBUG LOG: [03-08 01:10:53.966] [jni_protocol.cpp] [jni_notice_app_evt] [line 436] jni send evt notice to app evt type:167
03-08 01:10:53.967  5334  5401 I DEBUG LOG: [03-08 01:10:53.967] [protocol_sync_config.c] [request_sync] [line 604] cur sync index:38,evt:167
03-08 01:10:53.977  5334  5334 I DEBUG LOG: [03-08 01:10:53.977] [jni_protocol.cpp] [Java_com_veryfit_multi_nativeprotocol_Protocol_WriteJsonData] [line 612] app send protocol evt:167(VBUS_EVT_APP_SET_ACTIVITY_SWITCH)
03-08 01:10:53.978  5334  5334 I DEBUG LOG: [03-08 01:10:53.978] [protocol_write.c] [protocol_write_data_add] [line 200] cur sync evt:167 intput evt:167
03-08 01:10:53.978  5334  5334 I DEBUG LOG: [03-08 01:10:53.978] [protocol_write.c] [protocol_write_data_add] [line 210] add config queue to send evt:167(VBUS_EVT_APP_SET_ACTIVITY_SWITCH)
03-08 01:10:53.978  5334  5334 I DEBUG LOG: [03-08 01:10:53.978] [protocol_write.c] [protocol_config_sync_write_process] [line 128] config_sync mem_pop is success
03-08 01:10:53.978  5334  5334 I DEBUG LOG: [03-08 01:10:53.978] [protocol.c] [protocol_write_data] [line 235]   TX : 03 49 00 01 00 00 00 00 00 00 00 
03-08 01:10:53.978  5334  5334 I DEBUG LOG: [03-08 01:10:53.978] [jni_protocol.cpp] [jni_notice_app_tx_data] [line 345] jni send tx data to app data len:11
03-08 01:10:54.060  5334  7275 I DEBUG LOG: [03-08 01:10:54.060] [protocol.c] [protocol_receive_data] [line 469] RX : 03 49 00 00 00 00 00 00 00 00 00 00 00 00 00 00 00 00 00 00 
03-08 01:10:54.060  5334  7275 I DEBUG LOG: [03-08 01:10:54.060] [protocol_write.c] [protocol_write_vbus_control] [line 1282] stop resend evt:167(VBUS_EVT_APP_SET_ACTIVITY_SWITCH)
03-08 01:10:54.060  5334  7275 I DEBUG LOG: [03-08 01:10:54.060] [protocol_sync_config.c] [protocol_sync_config_vbus_control] [line 965] sync config reply evt:VBUS_EVT_APP_SET_ACTIVITY_SWITCH(167),cur config table index:38,cur evt:VBUS_EVT_APP_SET_ACTIVITY_SWITCH(167)
03-08 01:10:54.060  5334  7275 I DEBUG LOG: [03-08 01:10:54.060] [protocol_sync_config.c] [get_sync_next_index] [line 559] get next sync index = 39,all = 51
03-08 01:10:54.060  5334  7275 I DEBUG LOG: [03-08 01:10:54.060] [protocol_sync_config.c] [sync_next] [line 617] start sync config next
03-08 01:10:54.060  5334  7275 I DEBUG LOG: [03-08 01:10:54.060] [jni_protocol.cpp] [jni_notice_app_evt] [line 436] jni send evt notice to app evt type:167
03-08 01:10:54.081  5334  5401 I DEBUG LOG: [03-08 01:10:54.081] [protocol_sync_config.c] [request_sync] [line 599] request config sync evt:5010(VBUS_EVT_FUNC_V3_SET_HR_MODE)
03-08 01:10:54.081  5334  5401 I DEBUG LOG: [03-08 01:10:54.081] [jni_protocol.cpp] [jni_notice_app_evt] [line 436] jni send evt notice to app evt type:5010
03-08 01:10:54.081  5334  5401 I DEBUG LOG: [03-08 01:10:54.081] [protocol_sync_config.c] [request_sync] [line 604] cur sync index:39,evt:5010
03-08 01:10:54.084  5334  5334 I DEBUG LOG: [03-08 01:10:54.084] [jni_protocol.cpp] [Java_com_veryfit_multi_nativeprotocol_Protocol_WriteJsonData] [line 612] app send protocol evt:5010(VBUS_EVT_FUNC_V3_SET_HR_MODE)
03-08 01:10:54.086  5334  5334 I DEBUG LOG: [03-08 01:10:54.086] [protocol_v3_queue.c] [protocol_v3_queue_write_ex] [line 360] free ptr:tmp & queue_data
03-08 01:10:54.086  5334  5334 I DEBUG LOG: [03-08 01:10:54.086] [protocol_v3_queue.c] [protocol_v3_queue_write_ex] [line 362] v3 protocol add queue cmd id=0x9 nseq=0x9 send queue cout=1
03-08 01:10:54.086  5334  5334 I DEBUG LOG: [03-08 01:10:54.086] [protocol_v3_queue.c] [send_packet] [line 193] v3 protocol send packet cmd id=0x9 nseq=0x9
03-08 01:10:54.086  5334  5334 I DEBUG LOG: [03-08 01:10:54.086] [protocol_v3.c] [process_tx_buff] [line 88] v3 protocol write complete
03-08 01:10:54.086  5334  5334 I DEBUG LOG: [03-08 01:10:54.086] [protocol_v3.c] [process_tx_buff] [line 102] send data buff length:25,offset:0
03-08 01:10:54.086  5334  5334 I DEBUG LOG: [03-08 01:10:54.086] [protocol.c] [protocol_write_data] [line 235]   TX : 33 DA AD DA AD 01 17 00 09 00 09 00 00 00 00 00 00 00 00 00 00 00 00 00 AF F2 
03-08 01:10:54.086  5334  5334 I DEBUG LOG: [03-08 01:10:54.086] [jni_protocol.cpp] [jni_notice_app_tx_data] [line 345] jni send tx data to app data len:26
03-08 01:10:54.086  5334  5334 I DEBUG LOG: [03-08 01:10:54.086] [protocol_v3_queue.c] [send_packet] [line 208] v3 write data rel:0,free send buff
03-08 01:10:54.086  5334  5334 I DEBUG LOG: [03-08 01:10:54.086] [protocol_v3_queue.c] [process_queue] [line 265] free queue_data
03-08 01:10:54.149  5334  5676 I DEBUG LOG: [03-08 01:10:54.149] [protocol_v3.c] [process_tx_buff] [line 88] v3 protocol write complete
03-08 01:10:54.149  5334  5676 I DEBUG LOG: [03-08 01:10:54.149] [protocol_v3.c] [process_tx_buff] [line 102] send data buff length:25,offset:25
03-08 01:10:54.149  5334  5676 I DEBUG LOG: [03-08 01:10:54.149] [protocol_v3.c] [send_end] [line 67] protocol cmd id:0x9 nseq:0x9 send end
03-08 01:10:54.150  5334  5676 I DEBUG LOG: [03-08 01:10:54.150] [protocol.c] [protocol_receive_data] [line 469] RX : 33 DA AD DA AD 01 1F 00 09 00 09 00 00 00 00 00 00 00 00 00 00 00 00 00 00 00 00 00 04 00 00 00 91 74 
03-08 01:10:54.150  5334  5676 I DEBUG LOG: [03-08 01:10:54.150] [protocol_v3.c] [protocol_v3_exec] [line 394] rec v3 protocol cmd id:0x9,nseq:0x9,total length:31(+2Bytes CRC),cur get data length:33
03-08 01:10:54.150  5334  5676 I DEBUG LOG: [03-08 01:10:54.150] [protocol_v3_queue.c] [protocol_v3_rx_data_cb_handle] [line 109] rec v3 protocol cmd id:0x9 nseq:0x9 vserion: 0x1 complete,length:31(+2Bytes CRC)
03-08 01:10:54.150  5334  5676 I DEBUG LOG: [03-08 01:10:54.150] [protocol_v3_queue.c] [cmd_reply_process] [line 86] cmd 0x9,nseq = 9,is reply
03-08 01:10:54.150  5334  5676 I DEBUG LOG: [03-08 01:10:54.150] [protocol_v3_queue.c] [process_queue] [line 269] warn:   queue is empty
03-08 01:10:54.150  5334  5676 I DEBUG LOG: [03-08 01:10:54.150] [protocol_sync_config.c] [protocol_sync_config_vbus_control] [line 965] sync config reply evt:VBUS_EVT_FUNC_V3_SET_HR_MODE(5010),cur config table index:39,cur evt:VBUS_EVT_FUNC_V3_SET_HR_MODE(5010)
03-08 01:10:54.150  5334  5676 I DEBUG LOG: [03-08 01:10:54.150] [protocol_sync_config.c] [get_sync_next_index] [line 559] get next sync index = 49,all = 51
03-08 01:10:54.150  5334  5676 I DEBUG LOG: [03-08 01:10:54.150] [protocol_sync_config.c] [sync_next] [line 617] start sync config next
03-08 01:10:54.150  5334  5676 I DEBUG LOG: [03-08 01:10:54.150] [jni_protocol.cpp] [jni_notice_app_evt] [line 436] jni send evt notice to app evt type:5010
03-08 01:10:54.170  5334  5401 I DEBUG LOG: [03-08 01:10:54.170] [protocol_sync_config.c] [request_sync] [line 599] request config sync evt:168(VBUS_EVT_APP_SET_DRINK_WATER_REMINDER)
03-08 01:10:54.170  5334  5401 I DEBUG LOG: [03-08 01:10:54.170] [jni_protocol.cpp] [jni_notice_app_evt] [line 436] jni send evt notice to app evt type:168
03-08 01:10:54.171  5334  5401 I DEBUG LOG: [03-08 01:10:54.171] [protocol_sync_config.c] [request_sync] [line 604] cur sync index:49,evt:168
03-08 01:10:54.184  5334  5334 I DEBUG LOG: [03-08 01:10:54.184] [jni_protocol.cpp] [Java_com_veryfit_multi_nativeprotocol_Protocol_WriteJsonData] [line 612] app send protocol evt:168(VBUS_EVT_APP_SET_DRINK_WATER_REMINDER)
03-08 01:10:54.185  5334  5334 I DEBUG LOG: [03-08 01:10:54.185] [protocol_write.c] [protocol_write_data_add] [line 200] cur sync evt:168 intput evt:168
03-08 01:10:54.185  5334  5334 I DEBUG LOG: [03-08 01:10:54.185] [protocol_write.c] [protocol_write_data_add] [line 210] add config queue to send evt:168(VBUS_EVT_APP_SET_DRINK_WATER_REMINDER)
03-08 01:10:54.185  5334  5334 I DEBUG LOG: [03-08 01:10:54.185] [protocol_write.c] [protocol_config_sync_write_process] [line 128] config_sync mem_pop is success
03-08 01:10:54.185  5334  5334 I DEBUG LOG: [03-08 01:10:54.185] [protocol.c] [protocol_write_data] [line 235]   TX : 03 60 00 09 00 12 00 3E 1E 00 00 00 00 00 00 00 
03-08 01:10:54.185  5334  5334 I DEBUG LOG: [03-08 01:10:54.185] [jni_protocol.cpp] [jni_notice_app_tx_data] [line 345] jni send tx data to app data len:16
03-08 01:10:54.301  5334  5676 I DEBUG LOG: [03-08 01:10:54.301] [protocol.c] [protocol_receive_data] [line 469] RX : 03 60 00 00 00 00 00 00 00 00 00 00 00 00 00 00 00 00 00 00 
03-08 01:10:54.301  5334  5676 I DEBUG LOG: [03-08 01:10:54.301] [protocol_write.c] [protocol_write_vbus_control] [line 1282] stop resend evt:168(VBUS_EVT_APP_SET_DRINK_WATER_REMINDER)
03-08 01:10:54.301  5334  5676 I DEBUG LOG: [03-08 01:10:54.301] [protocol_sync_config.c] [protocol_sync_config_vbus_control] [line 965] sync config reply evt:VBUS_EVT_APP_SET_DRINK_WATER_REMINDER(168),cur config table index:49,cur evt:VBUS_EVT_APP_SET_DRINK_WATER_REMINDER(168)
03-08 01:10:54.302  5334  5676 I DEBUG LOG: [03-08 01:10:54.302] [protocol_sync_config.c] [get_sync_next_index] [line 559] get next sync index = 50,all = 51
03-08 01:10:54.302  5334  5676 I DEBUG LOG: [03-08 01:10:54.302] [protocol_sync_config.c] [sync_next] [line 617] start sync config next
03-08 01:10:54.302  5334  5676 I DEBUG LOG: [03-08 01:10:54.302] [jni_protocol.cpp] [jni_notice_app_evt] [line 436] jni send evt notice to app evt type:168
03-08 01:10:54.323  5334  5401 I DEBUG LOG: [03-08 01:10:54.323] [protocol_sync_config.c] [request_sync] [line 599] request config sync evt:111(VBUS_EVT_APP_SET_NOTICE)
03-08 01:10:54.323  5334  5401 I DEBUG LOG: [03-08 01:10:54.323] [jni_protocol.cpp] [jni_notice_app_evt] [line 436] jni send evt notice to app evt type:111
03-08 01:10:54.324  5334  5401 I DEBUG LOG: [03-08 01:10:54.324] [protocol_sync_config.c] [request_sync] [line 604] cur sync index:50,evt:111
03-08 01:10:54.333  5334  5334 I DEBUG LOG: [03-08 01:10:54.333] [jni_protocol.cpp] [Java_com_veryfit_multi_nativeprotocol_Protocol_WriteJsonData] [line 612] app send protocol evt:111(VBUS_EVT_APP_SET_NOTICE)
03-08 01:10:54.334  5334  5334 I DEBUG LOG: [03-08 01:10:54.334] [protocol_write.c] [protocol_write_data_add] [line 200] cur sync evt:111 intput evt:111
03-08 01:10:54.334  5334  5334 I DEBUG LOG: [03-08 01:10:54.334] [protocol_write.c] [protocol_write_data_add] [line 210] add config queue to send evt:111(VBUS_EVT_APP_SET_NOTICE)
03-08 01:10:54.334  5334  5334 I DEBUG LOG: [03-08 01:10:54.334] [protocol_write.c] [protocol_config_sync_write_process] [line 128] config_sync mem_pop is success
03-08 01:10:54.334  5334  5334 I DEBUG LOG: [03-08 01:10:54.334] [protocol.c] [protocol_write_data] [line 235]   TX : 03 30 88 00 00 AA 00 00 00 00 00 00 00 00 00 00 00 00 00 00 
03-08 01:10:54.334  5334  5334 I DEBUG LOG: [03-08 01:10:54.334] [jni_protocol.cpp] [jni_notice_app_tx_data] [line 345] jni send tx data to app data len:20
03-08 01:10:54.403  5334  5676 I DEBUG LOG: [03-08 01:10:54.403] [protocol.c] [protocol_receive_data] [line 469] RX : 03 30 88 01 00 00 00 00 00 00 00 00 00 00 00 00 00 00 00 00 
