03-08 01:10:46.509  5334  5334 I DEBUG LOG: [03-08 01:10:46.509] [protocol.c] [protocol_write_data] [line 235]   TX : 03 11 01 01 01 00 02 01 00 00 00 01 01 01 01 00 00 
03-08 01:10:46.509  5334  5334 I DEBUG LOG: [03-08 01:10:46.509] [jni_protocol.cpp] [jni_notice_app_tx_data] [line 345] jni send tx data to app data len:17
03-08 01:10:46.521  5334  5401 I DEBUG LOG: [03-08 01:10:46.521] [protocol_sync_config.c] [request_sync] [line 599] request config sync evt:300(VBUS_EVT_APP_APP_GET_MAC)
03-08 01:10:46.521  5334  5401 I DEBUG LOG: [03-08 01:10:46.521] [jni_protocol.cpp] [jni_notice_app_evt] [line 436] jni send evt notice to app evt type:300
03-08 01:10:46.521  5334  5401 I DEBUG LOG: [03-08 01:10:46.521] [protocol_sync_config.c] [request_sync] [line 604] cur sync index:0,evt:300
03-08 01:10:46.526  5334  5334 I DEBUG LOG: [03-08 01:10:46.526] [jni_protocol.cpp] [Java_com_veryfit_multi_nativeprotocol_Protocol_WriteJsonData] [line 612] app send protocol evt:322(VBUS_EVT_APP_GET_FLASH_BIN_INFO)
03-08 01:10:46.527  5334  5334 I DEBUG LOG: [03-08 01:10:46.527] [protocol_write.c] [protocol_write_data_add] [line 200] cur sync evt:300 intput evt:322
03-08 01:10:46.527  5334  5334 I DEBUG LOG: [03-08 01:10:46.527] [protocol_write.c] [protocol_write_data_add] [line 236] add queue to send evt:322(VBUS_EVT_APP_GET_FLASH_BIN_INFO)
03-08 01:10:46.527  5334  5334 I DEBUG LOG: [03-08 01:10:46.527] [protocol_write.c] [protocol_write_process] [line 102] warn:queue cmd 0x3 0x11 not reply yet add queue to send failed,queue list size:1
03-08 01:10:47.387  5334  5676 I DEBUG LOG: [03-08 01:10:47.387] [protocol.c] [protocol_receive_data] [line 469] RX : 03 35 02 00 00 00 00 00 00 00 00 00 00 00 00 00 00 00 00 00 
03-08 01:10:47.388  5334  5676 I DEBUG LOG: [03-08 01:10:47.388] [protocol_sync_config.c] [protocol_sync_config_vbus_control] [line 965] sync config reply evt:VBUS_EVT_APP_SET_CONN_PARAM(157),cur config table index:0,cur evt:VBUS_EVT_APP_APP_GET_MAC(300)
03-08 01:10:47.388  5334  5676 I DEBUG LOG: [03-08 01:10:47.388] [jni_protocol.cpp] [jni_notice_app_evt] [line 436] jni send evt notice to app evt type:157
03-08 01:10:47.699  5334  5676 I DEBUG LOG: [03-08 01:10:47.699] [protocol.c] [protocol_receive_data] [line 469] RX : 03 11 00 00 00 00 00 00 00 00 00 00 00 00 00 00 00 00 00 00 
03-08 01:10:47.699  5334  5676 I DEBUG LOG: [03-08 01:10:47.699] [protocol_write.c] [protocol_write_vbus_control] [line 1293] stop resend evt:108(VBUS_EVT_APP_SET_UINT)
03-08 01:10:47.699  5334  5676 I DEBUG LOG: [03-08 01:10:47.699] [protocol_write.c] [protocol_write_process] [line 108] mem_pop is success
03-08 01:10:47.699  5334  5676 I DEBUG LOG: [03-08 01:10:47.699] [protocol.c] [protocol_write_data] [line 235]   TX : 02 A7 
03-08 01:10:47.699  5334  5676 I DEBUG LOG: [03-08 01:10:47.699] [jni_protocol.cpp] [jni_notice_app_tx_data] [line 345] jni send tx data to app data len:2
03-08 01:10:47.699  5334  5676 I DEBUG LOG: [03-08 01:10:47.699] [protocol_sync_config.c] [protocol_sync_config_vbus_control] [line 965] sync config reply evt:VBUS_EVT_APP_SET_UINT(108),cur config table index:0,cur evt:VBUS_EVT_APP_APP_GET_MAC(300)
03-08 01:10:47.699  5334  5676 I DEBUG LOG: [03-08 01:10:47.699] [jni_protocol.cpp] [jni_notice_app_evt] [line 436] jni send evt notice to app evt type:108
03-08 01:10:48.359  5334  5681 I DEBUG LOG: [03-08 01:10:48.358] [protocol.c] [protocol_receive_data] [line 469] RX : 02 A7 00 01 01 78 56 34 12 00 00 00 00 00 00 00 00 00 00 00 
03-08 01:10:48.359  5334  5681 I DEBUG LOG: [03-08 01:10:48.359] [protocol_write.c] [protocol_write_vbus_control] [line 1293] stop resend evt:322(VBUS_EVT_APP_GET_FLASH_BIN_INFO)
03-08 01:10:48.359  5334  5681 I DEBUG LOG: [03-08 01:10:48.359] [protocol_sync_config.c] [protocol_sync_config_vbus_control] [line 965] sync config reply evt:VBUS_EVT_APP_GET_FLASH_BIN_INFO(322),cur config table index:0,cur evt:VBUS_EVT_APP_APP_GET_MAC(300)
03-08 01:10:48.359  5334  5681 I DEBUG LOG: [03-08 01:10:48.359] [jni_protocol.cpp] [jni_notice_app_evt] [line 436] jni send evt notice to app evt type:322
03-08 01:10:49.042  5334  5334 I DEBUG LOG: [03-08 01:10:49.042] [jni_protocol.cpp] [Java_com_veryfit_multi_nativeprotocol_Protocol_SysEvtSet] [line 266] api sysEvtSet,intput evt base:VBUS_EVT_BASE_APP_GET evt:VBUS_EVT_APP_APP_GET_MAC
03-08 01:10:49.043  5334  5334 I DEBUG LOG: [03-08 01:10:49.043] [protocol_write.c] [protocol_write_data_add] [line 200] cur sync evt:300 intput evt:300
03-08 01:10:49.043  5334  5334 I DEBUG LOG: [03-08 01:10:49.043] [protocol_write.c] [protocol_write_data_add] [line 210] add config queue to send evt:300(VBUS_EVT_APP_APP_GET_MAC)
03-08 01:10:49.043  5334  5334 I DEBUG LOG: [03-08 01:10:49.043] [protocol_write.c] [protocol_config_sync_write_process] [line 128] config_sync mem_pop is success
03-08 01:10:49.043  5334  5334 I DEBUG LOG: [03-08 01:10:49.043] [protocol.c] [protocol_write_data] [line 235]   TX : 02 04 
03-08 01:10:49.043  5334  5334 I DEBUG LOG: [03-08 01:10:49.043] [jni_protocol.cpp] [jni_notice_app_tx_data] [line 345] jni send tx data to app data len:2
03-08 01:10:49.298  5334  5676 I DEBUG LOG: [03-08 01:10:49.298] [protocol.c] [protocol_receive_data] [line 469] RX : 02 04 F9 24 12 2E 0C 32 00 00 00 00 00 00 00 00 00 00 00 00 
03-08 01:10:49.298  5334  5676 I DEBUG LOG: [03-08 01:10:49.298] [protocol_write.c] [protocol_write_vbus_control] [line 1282] stop resend evt:300(VBUS_EVT_APP_APP_GET_MAC)
03-08 01:10:49.299  5334  5676 I DEBUG LOG: [03-08 01:10:49.299] [protocol_sync_config.c] [protocol_sync_config_vbus_control] [line 965] sync config reply evt:VBUS_EVT_APP_APP_GET_MAC(300),cur config table index:0,cur evt:VBUS_EVT_APP_APP_GET_MAC(300)
03-08 01:10:49.299  5334  5676 I DEBUG LOG: [03-08 01:10:49.299] [protocol_sync_config.c] [get_sync_next_index] [line 559] get next sync index = 1,all = 51
03-08 01:10:49.299  5334  5676 I DEBUG LOG: [03-08 01:10:49.299] [protocol_sync_config.c] [sync_next] [line 617] start sync config next
03-08 01:10:49.299  5334  5676 I DEBUG LOG: [03-08 01:10:49.299] [jni_protocol.cpp] [jni_notice_app_evt] [line 436] jni send evt notice to app evt type:300
03-08 01:10:49.319  5334  5401 I DEBUG LOG: [03-08 01:10:49.319] [protocol_sync_config.c] [request_sync] [line 599] request config sync evt:303(VBUS_EVT_APP_GET_FUNC_TABLE_USER)
03-08 01:10:49.319  5334  5401 I DEBUG LOG: [03-08 01:10:49.319] [jni_protocol.cpp] [jni_notice_app_evt] [line 436] jni send evt notice to app evt type:303
03-08 01:10:49.320  5334  5401 I DEBUG LOG: [03-08 01:10:49.320] [protocol_sync_config.c] [request_sync] [line 604] cur sync index:1,evt:303
03-08 01:10:50.260  5334  5334 I DEBUG LOG: [03-08 01:10:50.260] [jni_protocol.cpp] [Java_com_veryfit_multi_nativeprotocol_Protocol_SysEvtSet] [line 266] api sysEvtSet,intput evt base:VBUS_EVT_BASE_APP_GET evt:VBUS_EVT_APP_GET_FUNC_TABLE_USER
03-08 01:10:50.260  5334  5334 I DEBUG LOG: [03-08 01:10:50.260] [protocol_sync_config.c] [protocol_sync_config_vbus_control] [line 847] get cache function table
03-08 01:10:50.260  5334  5334 I DEBUG LOG: [03-08 01:10:50.260] [protocol_sync_config.c] [protocol_sync_config_vbus_control] [line 965] sync config reply evt:VBUS_EVT_APP_GET_FUNC_TABLE_USER(303),cur config table index:1,cur evt:VBUS_EVT_APP_GET_FUNC_TABLE_USER(303)
03-08 01:10:50.260  5334  5334 I DEBUG LOG: [03-08 01:10:50.260] [protocol_sync_config.c] [get_sync_next_index] [line 559] get next sync index = 2,all = 51
03-08 01:10:50.260  5334  5334 I DEBUG LOG: [03-08 01:10:50.260] [protocol_sync_config.c] [sync_next] [line 617] start sync config next
03-08 01:10:50.261  5334  5334 I DEBUG LOG: [03-08 01:10:50.261] [jni_protocol.cpp] [jni_notice_app_evt] [line 436] jni send evt notice to app evt type:303
03-08 01:10:50.281  5334  5401 I DEBUG LOG: [03-08 01:10:50.281] [protocol_sync_config.c] [request_sync] [line 599] request config sync evt:301(VBUS_EVT_APP_GET_DEVICE_INFO)
03-08 01:10:50.281  5334  5401 I DEBUG LOG: [03-08 01:10:50.281] [jni_protocol.cpp] [jni_notice_app_evt] [line 436] jni send evt notice to app evt type:301
03-08 01:10:50.282  5334  5401 I DEBUG LOG: [03-08 01:10:50.282] [protocol_sync_config.c] [request_sync] [line 604] cur sync index:2,evt:301
03-08 01:10:50.498  5334  5334 I DEBUG LOG: [03-08 01:10:50.498] [jni_protocol.cpp] [Java_com_veryfit_multi_nativeprotocol_Protocol_SysEvtSet] [line 266] api sysEvtSet,intput evt base:VBUS_EVT_BASE_APP_GET evt:VBUS_EVT_APP_GET_DEVICE_INFO
03-08 01:10:50.498  5334  5334 I DEBUG LOG: [03-08 01:10:50.498] [protocol_write.c] [protocol_write_data_add] [line 200] cur sync evt:301 intput evt:301
03-08 01:10:50.498  5334  5334 I DEBUG LOG: [03-08 01:10:50.498] [protocol_write.c] [protocol_write_data_add] [line 210] add config queue to send evt:301(VBUS_EVT_APP_GET_DEVICE_INFO)
03-08 01:10:50.498  5334  5334 I DEBUG LOG: [03-08 01:10:50.498] [protocol_write.c] [protocol_config_sync_write_process] [line 128] config_sync mem_pop is success
03-08 01:10:50.498  5334  5334 I DEBUG LOG: [03-08 01:10:50.498] [protocol.c] [protocol_write_data] [line 235]   TX : 02 01 
03-08 01:10:50.498  5334  5334 I DEBUG LOG: [03-08 01:10:50.498] [jni_protocol.cpp] [jni_notice_app_tx_data] [line 345] jni send tx data to app data len:2
03-08 01:10:50.549  5334  5681 I DEBUG LOG: [03-08 01:10:50.549] [protocol.c] [protocol_receive_data] [line 469] RX : 02 01 14 02 11 01 03 0D 01 00 01 00 28 02 01 03 03 00 00 00 
03-08 01:10:50.549  5334  5681 I DEBUG LOG: [03-08 01:10:50.549] [protocol_write.c] [protocol_write_vbus_control] [line 1282] stop resend evt:301(VBUS_EVT_APP_GET_DEVICE_INFO)
03-08 01:10:50.550  5334  5681 I DEBUG LOG: [03-08 01:10:50.550] [protocol_sync_config.c] [protocol_sync_config_vbus_control] [line 965] sync config reply evt:VBUS_EVT_APP_GET_DEVICE_INFO(301),cur config table index:2,cur evt:VBUS_EVT_APP_GET_DEVICE_INFO(301)
03-08 01:10:50.550  5334  5681 I DEBUG LOG: [03-08 01:10:50.550] [protocol_sync_config.c] [get_sync_next_index] [line 559] get next sync index = 7,all = 51
03-08 01:10:50.550  5334  5681 I DEBUG LOG: [03-08 01:10:50.550] [protocol_sync_config.c] [sync_next] [line 617] start sync config next
03-08 01:10:50.550  5334  5681 I DEBUG LOG: [03-08 01:10:50.550] [jni_protocol.cpp] [jni_notice_app_evt] [line 436] jni send evt notice to app evt type:301
03-08 01:10:50.570  5334  5401 I DEBUG LOG: [03-08 01:10:50.570] [protocol_sync_config.c] [request_sync] [line 599] request config sync evt:350(VBUS_EVT_CHECK_REBOOT)
03-08 01:10:50.570  5334  5401 I DEBUG LOG: [03-08 01:10:50.570] [protocol_sync_config.c] [protocol_sync_config_evt_handle] [line 704] need sync config
03-08 01:10:50.570  5334  5401 I DEBUG LOG: [03-08 01:10:50.570] [jni_protocol.cpp] [jni_notice_app_evt] [line 436] jni send evt notice to app evt type:11
03-08 01:10:50.571  5334  5401 I DEBUG LOG: [03-08 01:10:50.571] [jni_protocol.cpp] [jni_notice_app_evt] [line 436] jni send evt notice to app evt type:350
03-08 01:10:50.572  5334  5401 I DEBUG LOG: [03-08 01:10:50.572] [protocol_sync_config.c] [request_sync] [line 604] cur sync index:7,evt:350
03-08 01:10:50.637  5334  5334 I DEBUG LOG: [03-08 01:10:50.637] [jni_protocol.cpp] [Java_com_veryfit_multi_nativeprotocol_Protocol_SysEvtSet] [line 266] api sysEvtSet,intput evt base:VBUS_EVT_BASE_APP_GET evt:VBUS_EVT_APP_GET_DEVICE_INFO
03-08 01:10:50.637  5334  5334 I DEBUG LOG: [03-08 01:10:50.637] [protocol_write.c] [protocol_write_data_add] [line 200] cur sync evt:350 intput evt:301
03-08 01:10:50.637  5334  5334 I DEBUG LOG: [03-08 01:10:50.637] [protocol_write.c] [protocol_write_data_add] [line 236] add queue to send evt:301(VBUS_EVT_APP_GET_DEVICE_INFO)
03-08 01:10:50.637  5334  5334 I DEBUG LOG: [03-08 01:10:50.637] [protocol_write.c] [protocol_write_process] [line 108] mem_pop is success
03-08 01:10:50.637  5334  5334 I DEBUG LOG: [03-08 01:10:50.637] [protocol.c] [protocol_write_data] [line 235]   TX : 02 01 
03-08 01:10:50.637  5334  5334 I DEBUG LOG: [03-08 01:10:50.637] [jni_protocol.cpp] [jni_notice_app_tx_data] [line 345] jni send tx data to app data len:2
03-08 01:10:50.648  5334  5334 I DEBUG LOG: [03-08 01:10:50.648] [jni_protocol.cpp] [Java_com_veryfit_multi_nativeprotocol_Protocol_WriteJsonData] [line 612] app send protocol evt:108(VBUS_EVT_APP_SET_UINT)
03-08 01:10:50.648  5334  5334 I DEBUG LOG: [03-08 01:10:50.648] [protocol_write.c] [protocol_write_data_add] [line 200] cur sync evt:350 intput evt:108
03-08 01:10:50.648  5334  5334 I DEBUG LOG: [03-08 01:10:50.648] [protocol_write.c] [protocol_write_data_add] [line 236] add queue to send evt:108(VBUS_EVT_APP_SET_UINT)
03-08 01:10:50.648  5334  5334 I DEBUG LOG: [03-08 01:10:50.648] [protocol_write.c] [protocol_write_process] [line 102] warn:queue cmd 0x2 0x1 not reply yet add queue to send failed,queue list size:1
03-08 01:10:50.652  5334  5334 I DEBUG LOG: [03-08 01:10:50.652] [jni_protocol.cpp] [Java_com_veryfit_multi_nativeprotocol_Protocol_WriteJsonData] [line 612] app send protocol evt:5007(5007)
03-08 01:10:50.652  5334  5334 I DEBUG LOG: [03-08 01:10:50.652] [protocol_v3_queue.c] [protocol_v3_queue_write_ex] [line 315] warn:v3 write data is null
03-08 01:10:50.652  5334  5334 I DEBUG LOG: [03-08 01:10:50.652] [protocol_v3_queue.c] [protocol_v3_queue_write_ex] [line 360] free ptr:tmp & queue_data
03-08 01:10:50.652  5334  5334 I DEBUG LOG: [03-08 01:10:50.652] [protocol_v3_queue.c] [protocol_v3_queue_write_ex] [line 362] v3 protocol add queue cmd id=0x7 nseq=0x7 send queue cout=1
03-08 01:10:50.652  5334  5334 I DEBUG LOG: [03-08 01:10:50.652] [protocol_v3_queue.c] [send_packet] [line 193] v3 protocol send packet cmd id=0x7 nseq=0x7
03-08 01:10:50.655  5334  5334 I DEBUG LOG: [03-08 01:10:50.655] [protocol_v3.c] [process_tx_buff] [line 88] v3 protocol write complete
03-08 01:10:50.655  5334  5334 I DEBUG LOG: [03-08 01:10:50.655] [protocol_v3.c] [process_tx_buff] [line 102] send data buff length:13,offset:0
03-08 01:10:50.655  5334  5334 I DEBUG LOG: [03-08 01:10:50.655] [protocol.c] [protocol_write_data] [line 235]   TX : 33 DA AD DA AD 01 0B 00 07 00 07 00 8B 24 
03-08 01:10:50.655  5334  5334 I DEBUG LOG: [03-08 01:10:50.655] [jni_protocol.cpp] [jni_notice_app_tx_data] [line 345] jni send tx data to app data len:14
03-08 01:10:50.656  5334  5334 I DEBUG LOG: [03-08 01:10:50.656] [protocol_v3_queue.c] [send_packet] [line 208] v3 write data rel:0,free send buff
03-08 01:10:50.656  5334  5334 I DEBUG LOG: [03-08 01:10:50.656] [protocol_v3_queue.c] [process_queue] [line 265] free queue_data
03-08 01:10:50.700  5334  5334 I DEBUG LOG: [03-08 01:10:50.700] [jni_protocol.cpp] [Java_com_veryfit_multi_nativeprotocol_Protocol_WriteJsonData] [line 612] app send protocol evt:174(174)
03-08 01:10:50.700  5334  5334 I DEBUG LOG: [03-08 01:10:50.700] [protocol_write.c] [protocol_write_data_add] [line 200] cur sync evt:350 intput evt:174
03-08 01:10:50.700  5334  5334 I DEBUG LOG: [03-08 01:10:50.700] [protocol_write.c] [protocol_write_data_add] [line 236] add queue to send evt:174(174)
03-08 01:10:50.700  5334  5334 I DEBUG LOG: [03-08 01:10:50.700] [protocol_write.c] [protocol_write_process] [line 102] warn:queue cmd 0x2 0x1 not reply yet add queue to send failed,queue list size:2
03-08 01:10:50.758  5334  5334 I DEBUG LOG: [03-08 01:10:50.758] [jni_protocol.cpp] [Java_com_veryfit_multi_nativeprotocol_Protocol_SysEvtSet] [line 266] api sysEvtSet,intput evt base:VBUS_EVT_BASE_APP_GET evt:VBUS_EVT_APP_GET_DEVICE_INFO
03-08 01:10:50.758  5334  5334 I DEBUG LOG: [03-08 01:10:50.758] [protocol_write.c] [protocol_write_data_add] [line 200] cur sync evt:350 intput evt:301
03-08 01:10:50.758  5334  5334 I DEBUG LOG: [03-08 01:10:50.758] [protocol_write.c] [protocol_write_data_add] [line 236] add queue to send evt:301(VBUS_EVT_APP_GET_DEVICE_INFO)
03-08 01:10:50.758  5334  5334 I DEBUG LOG: [03-08 01:10:50.758] [protocol_write.c] [protocol_write_process] [line 102] warn:queue cmd 0x2 0x1 not reply yet add queue to send failed,queue list size:3
03-08 01:10:50.767  5334  5334 I DEBUG LOG: [03-08 01:10:50.767] [jni_protocol.cpp] [Java_com_veryfit_multi_nativeprotocol_Protocol_SysEvtSet] [line 266] api sysEvtSet,intput evt base:VBUS_EVT_BASE_APP_SET evt:VBUS_EVT_APP_APP_TO_BLE_MUSIC_START
03-08 01:10:50.767  5334  5334 I DEBUG LOG: [03-08 01:10:50.767] [protocol_write.c] [protocol_write_data_add] [line 200] cur sync evt:350 intput evt:500
03-08 01:10:50.767  5334  5334 I DEBUG LOG: [03-08 01:10:50.767] [protocol_write.c] [protocol_write_data_add] [line 236] add queue to send evt:500(VBUS_EVT_APP_APP_TO_BLE_MUSIC_START)
03-08 01:10:50.767  5334  5334 I DEBUG LOG: [03-08 01:10:50.767] [protocol_write.c] [protocol_write_process] [line 102] warn:queue cmd 0x2 0x1 not reply yet add queue to send failed,queue list size:4
03-08 01:10:50.771  5334  5402 I DEBUG LOG: [03-08 01:10:50.771] [protocol_sync_config.c] [protocol_sync_config_vbus_control] [line 965] sync config reply evt:VBUS_EVT_CHECK_REBOOT(350),cur config table index:7,cur evt:VBUS_EVT_CHECK_REBOOT(350)
03-08 01:10:50.771  5334  5402 I DEBUG LOG: [03-08 01:10:50.771] [protocol_sync_config.c] [get_sync_next_index] [line 559] get next sync index = 8,all = 51
03-08 01:10:50.771  5334  5402 I DEBUG LOG: [03-08 01:10:50.771] [protocol_sync_config.c] [sync_next] [line 617] start sync config next
03-08 01:10:50.771  5334  5402 I DEBUG LOG: [03-08 01:10:50.771] [jni_protocol.cpp] [jni_notice_app_evt] [line 436] jni send evt notice to app evt type:350
03-08 01:10:50.791  5334  5401 I DEBUG LOG: [03-08 01:10:50.791] [protocol_sync_config.c] [request_sync] [line 599] request config sync evt:104(VBUS_EVT_APP_SET_TIME)
03-08 01:10:50.791  5334  5401 I DEBUG LOG: [03-08 01:10:50.791] [jni_protocol.cpp] [jni_notice_app_evt] [line 436] jni send evt notice to app evt type:104
03-08 01:10:50.793  5334  5401 I DEBUG LOG: [03-08 01:10:50.793] [protocol_sync_config.c] [request_sync] [line 604] cur sync index:8,evt:104
03-08 01:10:50.816  5334  5334 I DEBUG LOG: [03-08 01:10:50.816] [jni_protocol.cpp] [Java_com_veryfit_multi_nativeprotocol_Protocol_WriteJsonData] [line 612] app send protocol evt:322(VBUS_EVT_APP_GET_FLASH_BIN_INFO)
03-08 01:10:50.817  5334  5334 I DEBUG LOG: [03-08 01:10:50.817] [protocol_write.c] [protocol_write_data_add] [line 200] cur sync evt:104 intput evt:322
03-08 01:10:50.817  5334  5334 I DEBUG LOG: [03-08 01:10:50.817] [protocol_write.c] [protocol_write_data_add] [line 236] add queue to send evt:322(VBUS_EVT_APP_GET_FLASH_BIN_INFO)
03-08 01:10:50.817  5334  5334 I DEBUG LOG: [03-08 01:10:50.817] [protocol_write.c] [protocol_write_process] [line 102] warn:queue cmd 0x2 0x1 not reply yet add queue to send failed,queue list size:5
03-08 01:10:50.832  5334  5334 I DEBUG LOG: [03-08 01:10:50.832] [jni_protocol.cpp] [Java_com_veryfit_multi_nativeprotocol_Protocol_WriteJsonData] [line 612] app send protocol evt:104(VBUS_EVT_APP_SET_TIME)
03-08 01:10:50.833  5334  5334 I DEBUG LOG: [03-08 01:10:50.833] [protocol.c] [protocol_write_data] [line 235]   TX : 03 01 EA 07 03 08 01 0A 32 06 00 00 00 00 00 00 
03-08 01:10:50.833  5334  5334 I DEBUG LOG: [03-08 01:10:50.833] [jni_protocol.cpp] [jni_notice_app_tx_data] [line 345] jni send tx data to app data len:16
03-08 01:10:50.855  5334  5676 I DEBUG LOG: [03-08 01:10:50.855] [protocol.c] [protocol_receive_data] [line 469] RX : 02 01 14 02 11 01 03 0D 01 00 01 00 28 02 01 03 03 00 00 00 
03-08 01:10:50.855  5334  5676 I DEBUG LOG: [03-08 01:10:50.855] [protocol_write.c] [protocol_write_vbus_control] [line 1282] stop resend evt:301(VBUS_EVT_APP_GET_DEVICE_INFO)
03-08 01:10:50.855  5334  5676 I DEBUG LOG: [03-08 01:10:50.855] [protocol_write.c] [protocol_write_vbus_control] [line 1293] stop resend evt:301(VBUS_EVT_APP_GET_DEVICE_INFO)
03-08 01:10:50.855  5334  5676 I DEBUG LOG: [03-08 01:10:50.855] [protocol_write.c] [protocol_write_process] [line 108] mem_pop is success
03-08 01:10:50.855  5334  5676 I DEBUG LOG: [03-08 01:10:50.855] [protocol.c] [protocol_write_data] [line 235]   TX : 03 11 01 01 01 00 02 01 00 00 00 01 01 01 01 00 00 
03-08 01:10:50.855  5334  5676 I DEBUG LOG: [03-08 01:10:50.855] [jni_protocol.cpp] [jni_notice_app_tx_data] [line 345] jni send tx data to app data len:17
03-08 01:10:50.855  5334  5676 I DEBUG LOG: [03-08 01:10:50.855] [protocol_sync_config.c] [protocol_sync_config_vbus_control] [line 965] sync config reply evt:VBUS_EVT_APP_GET_DEVICE_INFO(301),cur config table index:8,cur evt:VBUS_EVT_APP_SET_TIME(104)
03-08 01:10:50.855  5334  5676 I DEBUG LOG: [03-08 01:10:50.855] [jni_protocol.cpp] [jni_notice_app_evt] [line 436] jni send evt notice to app evt type:301
03-08 01:10:50.858  5334  5676 I DEBUG LOG: [03-08 01:10:50.858] [protocol_v3.c] [process_tx_buff] [line 88] v3 protocol write complete
03-08 01:10:50.858  5334  5676 I DEBUG LOG: [03-08 01:10:50.858] [protocol_v3.c] [process_tx_buff] [line 102] send data buff length:13,offset:13
03-08 01:10:50.858  5334  5676 I DEBUG LOG: [03-08 01:10:50.858] [protocol_v3.c] [send_end] [line 67] protocol cmd id:0x7 nseq:0x7 send end
03-08 01:10:50.948  5334  5676 I DEBUG LOG: [03-08 01:10:50.948] [protocol_v3.c] [process_tx_buff] [line 88] v3 protocol write complete
03-08 01:10:50.972  5334  5676 I DEBUG LOG: [03-08 01:10:50.972] [protocol.c] [protocol_receive_data] [line 469] RX : 03 01 00 00 00 00 00 00 00 00 00 00 00 00 00 00 00 00 00 00 
03-08 01:10:50.972  5334  5676 I DEBUG LOG: [03-08 01:10:50.972] [protocol_sync_config.c] [protocol_sync_config_vbus_control] [line 965] sync config reply evt:VBUS_EVT_APP_SET_TIME(104),cur config table index:8,cur evt:VBUS_EVT_APP_SET_TIME(104)
03-08 01:10:50.972  5334  5676 I DEBUG LOG: [03-08 01:10:50.972] [protocol_sync_config.c] [get_sync_next_index] [line 559] get next sync index = 9,all = 51
03-08 01:10:50.972  5334  5676 I DEBUG LOG: [03-08 01:10:50.972] [protocol_sync_config.c] [sync_next] [line 617] start sync config next
03-08 01:10:50.972  5334  5676 I DEBUG LOG: [03-08 01:10:50.972] [jni_protocol.cpp] [jni_notice_app_evt] [line 436] jni send evt notice to app evt type:104
03-08 01:10:50.992  5334  5401 I DEBUG LOG: [03-08 01:10:50.992] [protocol_sync_config.c] [request_sync] [line 599] request config sync evt:107(VBUS_EVT_APP_SET_USER_INFO)
03-08 01:10:50.992  5334  5401 I DEBUG LOG: [03-08 01:10:50.992] [jni_protocol.cpp] [jni_notice_app_evt] [line 436] jni send evt notice to app evt type:107
03-08 01:10:50.995  5334  5334 I DEBUG LOG: [03-08 01:10:50.994] [jni_protocol.cpp] [Java_com_veryfit_multi_nativeprotocol_Protocol_WriteJsonData] [line 612] app send protocol evt:107(VBUS_EVT_APP_SET_USER_INFO)
03-08 01:10:50.995  5334  5401 I DEBUG LOG: [03-08 01:10:50.995] [protocol_sync_config.c] [request_sync] [line 604] cur sync index:9,evt:107
03-08 01:10:50.995  5334  5334 I DEBUG LOG: [03-08 01:10:50.995] [protocol_write.c] [protocol_write_data_add] [line 200] cur sync evt:107 intput evt:107
03-08 01:10:50.995  5334  5334 I DEBUG LOG: [03-08 01:10:50.995] [protocol_write.c] [protocol_write_data_add] [line 210] add config queue to send evt:107(VBUS_EVT_APP_SET_USER_INFO)
03-08 01:10:50.995  5334  5334 I DEBUG LOG: [03-08 01:10:50.995] [protocol_write.c] [protocol_config_sync_write_process] [line 128] config_sync mem_pop is success
03-08 01:10:50.995  5334  5334 I DEBUG LOG: [03-08 01:10:50.995] [protocol.c] [protocol_write_data] [line 235]   TX : 03 10 B4 40 1F 00 D6 07 03 01 
03-08 01:10:50.995  5334  5334 I DEBUG LOG: [03-08 01:10:50.995] [jni_protocol.cpp] [jni_notice_app_tx_data] [line 345] jni send tx data to app data len:10
03-08 01:10:51.004  5334  5676 I DEBUG LOG: [03-08 01:10:51.004] [protocol_v3.c] [process_tx_buff] [line 88] v3 protocol write complete
03-08 01:10:51.005  5334  5676 I DEBUG LOG: [03-08 01:10:51.005] [protocol.c] [protocol_receive_data] [line 469] RX : 33 DA AD DA AD 01 1E 00 07 00 07 00 42 61 6E 64 20 38 00 00 00 00 78 00 F0 00 85 00 00 00 04 70 DF 
03-08 01:10:51.005  5334  5676 I DEBUG LOG: [03-08 01:10:51.005] [protocol_v3.c] [protocol_v3_exec] [line 394] rec v3 protocol cmd id:0x7,nseq:0x7,total length:30(+2Bytes CRC),cur get data length:32
03-08 01:10:51.005  5334  5676 I DEBUG LOG: [03-08 01:10:51.005] [protocol_v3_queue.c] [protocol_v3_rx_data_cb_handle] [line 109] rec v3 protocol cmd id:0x7 nseq:0x7 vserion: 0x1 complete,length:30(+2Bytes CRC)
03-08 01:10:51.005  5334  5676 I DEBUG LOG: [03-08 01:10:51.005] [protocol_v3_queue.c] [cmd_reply_process] [line 86] cmd 0x7,nseq = 7,is reply
03-08 01:10:51.005  5334  5676 I DEBUG LOG: [03-08 01:10:51.005] [protocol_v3_queue.c] [process_queue] [line 269] warn:   queue is empty
03-08 01:10:51.063  5334  5676 I DEBUG LOG: [03-08 01:10:51.063] [protocol.c] [protocol_receive_data] [line 469] RX : 03 11 00 00 00 00 00 00 00 00 00 00 00 00 00 00 00 00 00 00 
03-08 01:10:51.063  5334  5676 I DEBUG LOG: [03-08 01:10:51.063] [protocol_write.c] [protocol_write_vbus_control] [line 1293] stop resend evt:108(VBUS_EVT_APP_SET_UINT)
03-08 01:10:51.063  5334  5676 I DEBUG LOG: [03-08 01:10:51.063] [protocol_write.c] [protocol_write_process] [line 108] mem_pop is success
03-08 01:10:51.063  5334  5676 I DEBUG LOG: [03-08 01:10:51.063] [protocol.c] [protocol_write_data] [line 235]   TX : 03 E3 10 02 
03-08 01:10:51.063  5334  5676 I DEBUG LOG: [03-08 01:10:51.063] [jni_protocol.cpp] [jni_notice_app_tx_data] [line 345] jni send tx data to app data len:4
03-08 01:10:51.064  5334  5676 I DEBUG LOG: [03-08 01:10:51.064] [protocol_sync_config.c] [protocol_sync_config_vbus_control] [line 965] sync config reply evt:VBUS_EVT_APP_SET_UINT(108),cur config table index:9,cur evt:VBUS_EVT_APP_SET_USER_INFO(107)
03-08 01:10:51.064  5334  5676 I DEBUG LOG: [03-08 01:10:51.064] [jni_protocol.cpp] [jni_notice_app_evt] [line 436] jni send evt notice to app evt type:108
03-08 01:10:51.125  5334  5676 I DEBUG LOG: [03-08 01:10:51.125] [protocol.c] [protocol_receive_data] [line 469] RX : 03 10 00 00 00 00 00 00 00 00 00 00 00 00 00 00 00 00 00 00 
03-08 01:10:51.125  5334  5676 I DEBUG LOG: [03-08 01:10:51.125] [protocol_write.c] [protocol_write_vbus_control] [line 1282] stop resend evt:107(VBUS_EVT_APP_SET_USER_INFO)
03-08 01:10:51.125  5334  5676 I DEBUG LOG: [03-08 01:10:51.125] [protocol_sync_config.c] [protocol_sync_config_vbus_control] [line 965] sync config reply evt:VBUS_EVT_APP_SET_USER_INFO(107),cur config table index:9,cur evt:VBUS_EVT_APP_SET_USER_INFO(107)
03-08 01:10:51.125  5334  5676 I DEBUG LOG: [03-08 01:10:51.125] [protocol_sync_config.c] [get_sync_next_index] [line 559] get next sync index = 10,all = 51
03-08 01:10:51.125  5334  5676 I DEBUG LOG: [03-08 01:10:51.125] [protocol_sync_config.c] [sync_next] [line 617] start sync config next
03-08 01:10:51.125  5334  5676 I DEBUG LOG: [03-08 01:10:51.125] [jni_protocol.cpp] [jni_notice_app_evt] [line 436] jni send evt notice to app evt type:107
03-08 01:10:51.146  5334  5401 I DEBUG LOG: [03-08 01:10:51.146] [protocol_sync_config.c] [request_sync] [line 599] request config sync evt:108(VBUS_EVT_APP_SET_UINT)
03-08 01:10:51.146  5334  5401 I DEBUG LOG: [03-08 01:10:51.146] [jni_protocol.cpp] [jni_notice_app_evt] [line 436] jni send evt notice to app evt type:108
03-08 01:10:51.146  5334  5401 I DEBUG LOG: [03-08 01:10:51.146] [protocol_sync_config.c] [request_sync] [line 604] cur sync index:10,evt:108
03-08 01:10:51.179  5334  5676 I DEBUG LOG: [03-08 01:10:51.179] [protocol.c] [protocol_receive_data] [line 469] RX : 03 E3 01 00 00 00 00 00 00 00 00 00 00 00 00 00 00 00 00 00 
03-08 01:10:51.179  5334  5676 I DEBUG LOG: [03-08 01:10:51.179] [protocol_write.c] [protocol_write_vbus_control] [line 1293] stop resend evt:174(174)
03-08 01:10:51.179  5334  5676 I DEBUG LOG: [03-08 01:10:51.179] [protocol_write.c] [protocol_write_process] [line 108] mem_pop is success
03-08 01:10:51.179  5334  5676 I DEBUG LOG: [03-08 01:10:51.179] [protocol.c] [protocol_write_data] [line 235]   TX : 02 01 
03-08 01:10:51.179  5334  5676 I DEBUG LOG: [03-08 01:10:51.179] [jni_protocol.cpp] [jni_notice_app_tx_data] [line 345] jni send tx data to app data len:2
03-08 01:10:51.179  5334  5676 I DEBUG LOG: [03-08 01:10:51.179] [protocol_sync_config.c] [protocol_sync_config_vbus_control] [line 965] sync config reply evt:174(174),cur config table index:10,cur evt:VBUS_EVT_APP_SET_UINT(108)
03-08 01:10:51.179  5334  5676 I DEBUG LOG: [03-08 01:10:51.179] [jni_protocol.cpp] [jni_notice_app_evt] [line 436] jni send evt notice to app evt type:174
03-08 01:10:51.194  5334  5334 I DEBUG LOG: [03-08 01:10:51.194] [jni_protocol.cpp] [Java_com_veryfit_multi_nativeprotocol_Protocol_WriteJsonData] [line 612] app send protocol evt:108(VBUS_EVT_APP_SET_UINT)
03-08 01:10:51.195  5334  5334 I DEBUG LOG: [03-08 01:10:51.195] [protocol_write.c] [protocol_write_data_add] [line 200] cur sync evt:108 intput evt:108
03-08 01:10:51.195  5334  5334 I DEBUG LOG: [03-08 01:10:51.195] [protocol_write.c] [protocol_write_data_add] [line 210] add config queue to send evt:108(VBUS_EVT_APP_SET_UINT)
03-08 01:10:51.195  5334  5334 I DEBUG LOG: [03-08 01:10:51.195] [protocol_write.c] [protocol_config_sync_write_process] [line 128] config_sync mem_pop is success
03-08 01:10:51.195  5334  5334 I DEBUG LOG: [03-08 01:10:51.195] [protocol.c] [protocol_write_data] [line 235]   TX : 03 11 01 01 01 00 02 01 00 00 00 01 01 01 01 00 00 
03-08 01:10:51.195  5334  5334 I DEBUG LOG: [03-08 01:10:51.195] [jni_protocol.cpp] [jni_notice_app_tx_data] [line 345] jni send tx data to app data len:17
03-08 01:10:51.239  5334  5676 I DEBUG LOG: [03-08 01:10:51.239] [protocol.c] [protocol_receive_data] [line 469] RX : 02 01 14 02 11 01 03 0D 01 00 01 00 28 02 01 03 03 00 00 00 
03-08 01:10:51.239  5334  5676 I DEBUG LOG: [03-08 01:10:51.239] [protocol_write.c] [protocol_write_vbus_control] [line 1293] stop resend evt:301(VBUS_EVT_APP_GET_DEVICE_INFO)
03-08 01:10:51.239  5334  5676 I DEBUG LOG: [03-08 01:10:51.239] [protocol_write.c] [protocol_write_process] [line 108] mem_pop is success
03-08 01:10:51.239  5334  5676 I DEBUG LOG: [03-08 01:10:51.239] [protocol.c] [protocol_write_data] [line 235]   TX : 06 01 00 00 00 00 
03-08 01:10:51.239  5334  5676 I DEBUG LOG: [03-08 01:10:51.239] [jni_protocol.cpp] [jni_notice_app_tx_data] [line 345] jni send tx data to app data len:6
03-08 01:10:51.239  5334  5676 I DEBUG LOG: [03-08 01:10:51.239] [protocol_sync_config.c] [protocol_sync_config_vbus_control] [line 965] sync config reply evt:VBUS_EVT_APP_GET_DEVICE_INFO(301),cur config table index:10,cur evt:VBUS_EVT_APP_SET_UINT(108)
03-08 01:10:51.239  5334  5676 I DEBUG LOG: [03-08 01:10:51.239] [jni_protocol.cpp] [jni_notice_app_evt] [line 436] jni send evt notice to app evt type:301
03-08 01:10:51.300  5334  5681 I DEBUG LOG: [03-08 01:10:51.300] [protocol.c] [protocol_receive_data] [line 469] RX : 03 11 00 00 00 00 00 00 00 00 00 00 00 00 00 00 00 00 00 00 
03-08 01:10:51.300  5334  5681 I DEBUG LOG: [03-08 01:10:51.300] [protocol_write.c] [protocol_write_vbus_control] [line 1282] stop resend evt:108(VBUS_EVT_APP_SET_UINT)
03-08 01:10:51.300  5334  5681 I DEBUG LOG: [03-08 01:10:51.300] [protocol_sync_config.c] [protocol_sync_config_vbus_control] [line 965] sync config reply evt:VBUS_EVT_APP_SET_UINT(108),cur config table index:10,cur evt:VBUS_EVT_APP_SET_UINT(108)
03-08 01:10:51.300  5334  5681 I DEBUG LOG: [03-08 01:10:51.300] [protocol_sync_config.c] [get_sync_next_index] [line 559] get next sync index = 11,all = 51
03-08 01:10:51.300  5334  5681 I DEBUG LOG: [03-08 01:10:51.300] [protocol_sync_config.c] [sync_next] [line 617] start sync config next
03-08 01:10:51.300  5334  5681 I DEBUG LOG: [03-08 01:10:51.300] [jni_protocol.cpp] [jni_notice_app_evt] [line 436] jni send evt notice to app evt type:108
03-08 01:10:51.321  5334  5401 I DEBUG LOG: [03-08 01:10:51.321] [protocol_sync_config.c] [request_sync] [line 599] request config sync evt:105(VBUS_EVT_APP_SET_SPORT_GOAL)
03-08 01:10:51.321  5334  5401 I DEBUG LOG: [03-08 01:10:51.321] [jni_protocol.cpp] [jni_notice_app_evt] [line 436] jni send evt notice to app evt type:105
03-08 01:10:51.321  5334  5401 I DEBUG LOG: [03-08 01:10:51.321] [protocol_sync_config.c] [request_sync] [line 604] cur sync index:11,evt:105
03-08 01:10:51.366  5334  5676 I DEBUG LOG: [03-08 01:10:51.366] [protocol.c] [protocol_receive_data] [line 469] RX : 06 01 00 00 00 00 00 00 00 00 00 00 00 00 00 00 00 00 00 00 
03-08 01:10:51.366  5334  5676 I DEBUG LOG: [03-08 01:10:51.366] [protocol_write.c] [protocol_write_vbus_control] [line 1293] stop resend evt:500(VBUS_EVT_APP_APP_TO_BLE_MUSIC_START)
03-08 01:10:51.366  5334  5676 I DEBUG LOG: [03-08 01:10:51.366] [protocol_write.c] [protocol_write_process] [line 108] mem_pop is success
03-08 01:10:51.366  5334  5676 I DEBUG LOG: [03-08 01:10:51.366] [protocol.c] [protocol_write_data] [line 235]   TX : 02 A7 
03-08 01:10:51.366  5334  5676 I DEBUG LOG: [03-08 01:10:51.366] [jni_protocol.cpp] [jni_notice_app_tx_data] [line 345] jni send tx data to app data len:2
03-08 01:10:51.366  5334  5676 I DEBUG LOG: [03-08 01:10:51.366] [protocol_sync_config.c] [protocol_sync_config_vbus_control] [line 965] sync config reply evt:VBUS_EVT_APP_APP_TO_BLE_MUSIC_START(500),cur config table index:11,cur evt:VBUS_EVT_APP_SET_SPORT_GOAL(105)
03-08 01:10:51.366  5334  5676 I DEBUG LOG: [03-08 01:10:51.366] [jni_protocol.cpp] [jni_notice_app_evt] [line 436] jni send evt notice to app evt type:500
03-08 01:10:51.427  5334  5676 I DEBUG LOG: [03-08 01:10:51.427] [protocol.c] [protocol_receive_data] [line 469] RX : 02 A7 00 01 01 78 56 34 12 00 00 00 00 00 00 00 00 00 00 00 
03-08 01:10:51.427  5334  5676 I DEBUG LOG: [03-08 01:10:51.427] [protocol_write.c] [protocol_write_vbus_control] [line 1293] stop resend evt:322(VBUS_EVT_APP_GET_FLASH_BIN_INFO)
03-08 01:10:51.427  5334  5676 I DEBUG LOG: [03-08 01:10:51.427] [protocol_sync_config.c] [protocol_sync_config_vbus_control] [line 965] sync config reply evt:VBUS_EVT_APP_GET_FLASH_BIN_INFO(322),cur config table index:11,cur evt:VBUS_EVT_APP_SET_SPORT_GOAL(105)
03-08 01:10:51.427  5334  5676 I DEBUG LOG: [03-08 01:10:51.427] [jni_protocol.cpp] [jni_notice_app_evt] [line 436] jni send evt notice to app evt type:322
03-08 01:10:51.622  5334  5334 I DEBUG LOG: [03-08 01:10:51.622] [jni_protocol.cpp] [Java_com_veryfit_multi_nativeprotocol_Protocol_WriteJsonData] [line 612] app send protocol evt:105(VBUS_EVT_APP_SET_SPORT_GOAL)
03-08 01:10:51.622  5334  5334 I DEBUG LOG: [03-08 01:10:51.622] [protocol_write.c] [protocol_write_data_add] [line 200] cur sync evt:105 intput evt:105
03-08 01:10:51.622  5334  5334 I DEBUG LOG: [03-08 01:10:51.622] [protocol_write.c] [protocol_write_data_add] [line 210] add config queue to send evt:105(VBUS_EVT_APP_SET_SPORT_GOAL)
03-08 01:10:51.622  5334  5334 I DEBUG LOG: [03-08 01:10:51.622] [protocol_write.c] [protocol_config_sync_write_process] [line 128] config_sync mem_pop is success
03-08 01:10:51.622  5334  5334 I DEBUG LOG: [03-08 01:10:51.622] [protocol.c] [protocol_write_data] [line 235]   TX : 03 03 00 10 27 00 00 00 00 00 00 01 00 00 00 00 00 
03-08 01:10:51.622  5334  5334 I DEBUG LOG: [03-08 01:10:51.622] [jni_protocol.cpp] [jni_notice_app_tx_data] [line 345] jni send tx data to app data len:17
03-08 01:10:51.720  5334  5681 I DEBUG LOG: [03-08 01:10:51.720] [protocol.c] [protocol_receive_data] [line 469] RX : 03 03 00 00 00 00 00 00 00 00 00 00 00 00 00 00 00 00 00 00 
03-08 01:10:51.720  5334  5681 I DEBUG LOG: [03-08 01:10:51.720] [protocol_write.c] [protocol_write_vbus_control] [line 1282] stop resend evt:105(VBUS_EVT_APP_SET_SPORT_GOAL)
03-08 01:10:51.720  5334  5681 I DEBUG LOG: [03-08 01:10:51.720] [protocol_sync_config.c] [protocol_sync_config_vbus_control] [line 965] sync config reply evt:VBUS_EVT_APP_SET_SPORT_GOAL(105),cur config table index:11,cur evt:VBUS_EVT_APP_SET_SPORT_GOAL(105)
03-08 01:10:51.720  5334  5681 I DEBUG LOG: [03-08 01:10:51.720] [protocol_sync_config.c] [get_sync_next_index] [line 559] get next sync index = 15,all = 51
03-08 01:10:51.720  5334  5681 I DEBUG LOG: [03-08 01:10:51.720] [protocol_sync_config.c] [sync_next] [line 617] start sync config next
03-08 01:10:51.720  5334  5681 I DEBUG LOG: [03-08 01:10:51.720] [jni_protocol.cpp] [jni_notice_app_evt] [line 436] jni send evt notice to app evt type:105
03-08 01:10:51.740  5334  5401 I DEBUG LOG: [03-08 01:10:51.740] [protocol_sync_config.c] [request_sync] [line 599] request config sync evt:103(VBUS_EVT_APP_SET_FIND_PHONE)
03-08 01:10:51.741  5334  5401 I DEBUG LOG: [03-08 01:10:51.741] [jni_protocol.cpp] [jni_notice_app_evt] [line 436] jni send evt notice to app evt type:103
03-08 01:10:51.741  5334  5401 I DEBUG LOG: [03-08 01:10:51.741] [protocol_sync_config.c] [request_sync] [line 604] cur sync index:15,evt:103
03-08 01:10:51.760  5334  5334 I DEBUG LOG: [03-08 01:10:51.760] [jni_protocol.cpp] [Java_com_veryfit_multi_nativeprotocol_Protocol_WriteJsonData] [line 612] app send protocol evt:103(VBUS_EVT_APP_SET_FIND_PHONE)
03-08 01:10:51.760  5334  5334 I DEBUG LOG: [03-08 01:10:51.760] [protocol_write.c] [protocol_write_data_add] [line 200] cur sync evt:103 intput evt:103
03-08 01:10:51.760  5334  5334 I DEBUG LOG: [03-08 01:10:51.760] [protocol_write.c] [protocol_write_data_add] [line 210] add config queue to send evt:103(VBUS_EVT_APP_SET_FIND_PHONE)
03-08 01:10:51.760  5334  5334 I DEBUG LOG: [03-08 01:10:51.760] [protocol_write.c] [protocol_config_sync_write_process] [line 128] config_sync mem_pop is success
03-08 01:10:51.760  5334  5334 I DEBUG LOG: [03-08 01:10:51.760] [protocol.c] [protocol_write_data] [line 235]   TX : 03 26 AA 00 00 00 
03-08 01:10:51.760  5334  5334 I DEBUG LOG: [03-08 01:10:51.760] [jni_protocol.cpp] [jni_notice_app_tx_data] [line 345] jni send tx data to app data len:6
03-08 01:10:51.877  5334  5676 I DEBUG LOG: [03-08 01:10:51.877] [protocol.c] [protocol_receive_data] [line 469] RX : 03 26 00 00 00 00 00 00 00 00 00 00 00 00 00 00 00 00 00 00 
03-08 01:10:51.877  5334  5676 I DEBUG LOG: [03-08 01:10:51.877] [protocol_write.c] [protocol_write_vbus_control] [line 1282] stop resend evt:103(VBUS_EVT_APP_SET_FIND_PHONE)
03-08 01:10:51.877  5334  5676 I DEBUG LOG: [03-08 01:10:51.877] [protocol_sync_config.c] [protocol_sync_config_vbus_control] [line 965] sync config reply evt:VBUS_EVT_APP_SET_FIND_PHONE(103),cur config table index:15,cur evt:VBUS_EVT_APP_SET_FIND_PHONE(103)
03-08 01:10:51.877  5334  5676 I DEBUG LOG: [03-08 01:10:51.877] [protocol_sync_config.c] [get_sync_next_index] [line 559] get next sync index = 16,all = 51
03-08 01:10:51.877  5334  5676 I DEBUG LOG: [03-08 01:10:51.877] [protocol_sync_config.c] [sync_next] [line 617] start sync config next
03-08 01:10:51.877  5334  5676 I DEBUG LOG: [03-08 01:10:51.877] [jni_protocol.cpp] [jni_notice_app_evt] [line 436] jni send evt notice to app evt type:103
03-08 01:10:51.898  5334  5401 I DEBUG LOG: [03-08 01:10:51.898] [protocol_sync_config.c] [request_sync] [line 599] request config sync evt:163(VBUS_EVT_APP_SET_PRESSURE)
03-08 01:10:51.898  5334  5401 I DEBUG LOG: [03-08 01:10:51.898] [jni_protocol.cpp] [jni_notice_app_evt] [line 436] jni send evt notice to app evt type:163
03-08 01:10:51.898  5334  5401 I DEBUG LOG: [03-08 01:10:51.898] [protocol_sync_config.c] [request_sync] [line 604] cur sync index:16,evt:163
03-08 01:10:51.901  5334  5334 I DEBUG LOG: [03-08 01:10:51.901] [jni_protocol.cpp] [Java_com_veryfit_multi_nativeprotocol_Protocol_WriteJsonData] [line 612] app send protocol evt:163(VBUS_EVT_APP_SET_PRESSURE)
03-08 01:10:51.902  5334  5334 I DEBUG LOG: [03-08 01:10:51.902] [protocol_write.c] [protocol_write_data_add] [line 200] cur sync evt:163 intput evt:163
03-08 01:10:51.902  5334  5334 I DEBUG LOG: [03-08 01:10:51.902] [protocol_write.c] [protocol_write_data_add] [line 210] add config queue to send evt:163(VBUS_EVT_APP_SET_PRESSURE)
03-08 01:10:51.902  5334  5334 I DEBUG LOG: [03-08 01:10:51.902] [protocol_write.c] [protocol_config_sync_write_process] [line 128] config_sync mem_pop is success
03-08 01:10:51.902  5334  5334 I DEBUG LOG: [03-08 01:10:51.902] [protocol.c] [protocol_write_data] [line 235]   TX : 03 45 AA 09 00 12 00 55 3F 3C 00 50 00 00 00 1E 
03-08 01:10:51.902  5334  5334 I DEBUG LOG: [03-08 01:10:51.902] [jni_protocol.cpp] [jni_notice_app_tx_data] [line 345] jni send tx data to app data len:16
03-08 01:10:52.147  5334  5681 I DEBUG LOG: [03-08 01:10:52.147] [protocol.c] [protocol_receive_data] [line 469] RX : 03 45 00 00 00 00 00 00 00 00 00 00 00 00 00 00 00 00 00 00 
03-08 01:10:52.147  5334  5681 I DEBUG LOG: [03-08 01:10:52.147] [protocol_write.c] [protocol_write_vbus_control] [line 1282] stop resend evt:163(VBUS_EVT_APP_SET_PRESSURE)
03-08 01:10:52.148  5334  5681 I DEBUG LOG: [03-08 01:10:52.148] [protocol_sync_config.c] [protocol_sync_config_vbus_control] [line 965] sync config reply evt:VBUS_EVT_APP_SET_PRESSURE(163),cur config table index:16,cur evt:VBUS_EVT_APP_SET_PRESSURE(163)
03-08 01:10:52.148  5334  5681 I DEBUG LOG: [03-08 01:10:52.148] [protocol_sync_config.c] [get_sync_next_index] [line 559] get next sync index = 18,all = 51
03-08 01:10:52.148  5334  5681 I DEBUG LOG: [03-08 01:10:52.148] [protocol_sync_config.c] [sync_next] [line 617] start sync config next
03-08 01:10:52.148  5334  5681 I DEBUG LOG: [03-08 01:10:52.148] [jni_protocol.cpp] [jni_notice_app_evt] [line 436] jni send evt notice to app evt type:163
03-08 01:10:52.170  5334  5401 I DEBUG LOG: [03-08 01:10:52.170] [protocol_sync_config.c] [request_sync] [line 599] request config sync evt:114(VBUS_EVT_APP_SET_UP_HAND_GESTURE)
03-08 01:10:52.170  5334  5401 I DEBUG LOG: [03-08 01:10:52.170] [jni_protocol.cpp] [jni_notice_app_evt] [line 436] jni send evt notice to app evt type:114
03-08 01:10:52.177  5334  5401 I DEBUG LOG: [03-08 01:10:52.177] [protocol_sync_config.c] [request_sync] [line 604] cur sync index:18,evt:114
03-08 01:10:52.182  5334  5334 I DEBUG LOG: [03-08 01:10:52.182] [jni_protocol.cpp] [Java_com_veryfit_multi_nativeprotocol_Protocol_WriteJsonData] [line 612] app send protocol evt:114(VBUS_EVT_APP_SET_UP_HAND_GESTURE)
03-08 01:10:52.183  5334  5334 I DEBUG LOG: [03-08 01:10:52.183] [protocol_write.c] [protocol_write_data_add] [line 200] cur sync evt:114 intput evt:114
03-08 01:10:52.183  5334  5334 I DEBUG LOG: [03-08 01:10:52.183] [protocol_write.c] [protocol_write_data_add] [line 210] add config queue to send evt:114(VBUS_EVT_APP_SET_UP_HAND_GESTURE)
03-08 01:10:52.183  5334  5334 I DEBUG LOG: [03-08 01:10:52.183] [protocol_write.c] [protocol_config_sync_write_process] [line 128] config_sync mem_pop is success
03-08 01:10:52.184  5334  5334 I DEBUG LOG: [03-08 01:10:52.184] [protocol.c] [protocol_write_data] [line 235]   TX : 03 28 AA 05 01 00 00 17 3B 
03-08 01:10:52.184  5334  5334 I DEBUG LOG: [03-08 01:10:52.184] [jni_protocol.cpp] [jni_notice_app_tx_data] [line 345] jni send tx data to app data len:9
03-08 01:10:52.303  5334  5681 I DEBUG LOG: [03-08 01:10:52.303] [protocol.c] [protocol_receive_data] [line 469] RX : 07 40 00 00 08 00 00 00 00 00 00 00 00 00 00 00 00 00 00 00 
03-08 01:10:52.303  5334  5681 I DEBUG LOG: [03-08 01:10:52.303] [protocol_sync_config.c] [protocol_sync_config_vbus_control] [line 965] sync config reply evt:577(577),cur config table index:18,cur evt:VBUS_EVT_APP_SET_UP_HAND_GESTURE(114)
03-08 01:10:52.304  5334  5681 I DEBUG LOG: [03-08 01:10:52.304] [jni_protocol.cpp] [jni_notice_app_evt] [line 436] jni send evt notice to app evt type:577
03-08 01:10:52.313  5334  5681 I DEBUG LOG: [03-08 01:10:52.312] [protocol.c] [protocol_write_data] [line 235]   TX : 07 40 00 00 08 00 00 00 00 00 00 00 00 00 00 00 00 00 
03-08 01:10:52.313  5334  5681 I DEBUG LOG: [03-08 01:10:52.313] [jni_protocol.cpp] [jni_notice_app_tx_data] [line 345] jni send tx data to app data len:18
03-08 01:10:52.320  5334  5334 I DEBUG LOG: [03-08 01:10:52.320] [jni_protocol.cpp] [Java_com_veryfit_multi_nativeprotocol_Protocol_SysEvtSet] [line 266] api sysEvtSet,intput evt base:VBUS_EVT_BASE_APP_GET evt:326
03-08 01:10:52.320  5334  5334 I DEBUG LOG: [03-08 01:10:52.320] [protocol_write.c] [protocol_write_data_add] [line 200] cur sync evt:114 intput evt:326
03-08 01:10:52.320  5334  5334 I DEBUG LOG: [03-08 01:10:52.320] [protocol_write.c] [protocol_write_data_add] [line 236] add queue to send evt:326(326)
03-08 01:10:52.320  5334  5334 I DEBUG LOG: [03-08 01:10:52.320] [protocol_write.c] [protocol_write_process] [line 108] mem_pop is success
03-08 01:10:52.320  5334  5334 I DEBUG LOG: [03-08 01:10:52.320] [protocol.c] [protocol_write_data] [line 235]   TX : 02 B1 
03-08 01:10:52.321  5334  5334 I DEBUG LOG: [03-08 01:10:52.321] [jni_protocol.cpp] [jni_notice_app_tx_data] [line 345] jni send tx data to app data len:2
03-08 01:10:52.342  5334  7275 I DEBUG LOG: [03-08 01:10:52.342] [protocol.c] [protocol_receive_data] [line 469] RX : 07 40 00 00 08 00 00 00 00 00 00 00 00 00 00 00 00 00 00 00 
03-08 01:10:52.342  5334  7275 I DEBUG LOG: [03-08 01:10:52.342] [protocol_sync_config.c] [protocol_sync_config_vbus_control] [line 965] sync config reply evt:577(577),cur config table index:18,cur evt:VBUS_EVT_APP_SET_UP_HAND_GESTURE(114)
03-08 01:10:52.342  5334  7275 I DEBUG LOG: [03-08 01:10:52.342] [jni_protocol.cpp] [jni_notice_app_evt] [line 436] jni send evt notice to app evt type:577
03-08 01:10:52.344  5334  7275 I DEBUG LOG: [03-08 01:10:52.344] [protocol.c] [protocol_write_data] [line 235]   TX : 07 40 00 00 08 00 00 00 00 00 00 00 00 00 00 00 00 00 
03-08 01:10:52.344  5334  7275 I DEBUG LOG: [03-08 01:10:52.344] [jni_protocol.cpp] [jni_notice_app_tx_data] [line 345] jni send tx data to app data len:18
03-08 01:10:52.347  5334  7275 I DEBUG LOG: [03-08 01:10:52.347] [protocol.c] [protocol_receive_data] [line 469] RX : 07 40 00 00 08 00 00 00 00 00 00 00 00 00 00 00 00 00 00 00 
03-08 01:10:52.347  5334  7275 I DEBUG LOG: [03-08 01:10:52.347] [protocol_sync_config.c] [protocol_sync_config_vbus_control] [line 965] sync config reply evt:577(577),cur config table index:18,cur evt:VBUS_EVT_APP_SET_UP_HAND_GESTURE(114)
03-08 01:10:52.347  5334  7275 I DEBUG LOG: [03-08 01:10:52.347] [jni_protocol.cpp] [jni_notice_app_evt] [line 436] jni send evt notice to app evt type:577
03-08 01:10:52.348  5334  7275 I DEBUG LOG: [03-08 01:10:52.348] [protocol.c] [protocol_write_data] [line 235]   TX : 07 40 00 00 08 00 00 00 00 00 00 00 00 00 00 00 00 00 
03-08 01:10:52.348  5334  7275 I DEBUG LOG: [03-08 01:10:52.348] [jni_protocol.cpp] [jni_notice_app_tx_data] [line 345] jni send tx data to app data len:18
03-08 01:10:52.351  5334  7275 I DEBUG LOG: [03-08 01:10:52.351] [protocol.c] [protocol_receive_data] [line 469] RX : 07 40 00 00 08 00 00 00 00 00 00 00 00 00 00 00 00 00 00 00 
03-08 01:10:52.351  5334  7275 I DEBUG LOG: [03-08 01:10:52.351] [protocol_sync_config.c] [protocol_sync_config_vbus_control] [line 965] sync config reply evt:577(577),cur config table index:18,cur evt:VBUS_EVT_APP_SET_UP_HAND_GESTURE(114)
03-08 01:10:52.351  5334  7275 I DEBUG LOG: [03-08 01:10:52.351] [jni_protocol.cpp] [jni_notice_app_evt] [line 436] jni send evt notice to app evt type:577
03-08 01:10:52.351  5334  7275 I DEBUG LOG: [03-08 01:10:52.351] [protocol.c] [protocol_write_data] [line 235]   TX : 07 40 00 00 08 00 00 00 00 00 00 00 00 00 00 00 00 00 
03-08 01:10:52.351  5334  7275 I DEBUG LOG: [03-08 01:10:52.351] [jni_protocol.cpp] [jni_notice_app_tx_data] [line 345] jni send tx data to app data len:18
03-08 01:10:52.352  5334  5334 I DEBUG LOG: [03-08 01:10:52.352] [jni_protocol.cpp] [Java_com_veryfit_multi_nativeprotocol_Protocol_SysEvtSet] [line 266] api sysEvtSet,intput evt base:VBUS_EVT_BASE_APP_GET evt:326
03-08 01:10:52.352  5334  5334 I DEBUG LOG: [03-08 01:10:52.352] [protocol_write.c] [protocol_write_data_add] [line 200] cur sync evt:114 intput evt:326
03-08 01:10:52.352  5334  5334 I DEBUG LOG: [03-08 01:10:52.352] [protocol_write.c] [protocol_write_data_add] [line 236] add queue to send evt:326(326)
03-08 01:10:52.352  5334  5334 I DEBUG LOG: [03-08 01:10:52.352] [protocol_write.c] [protocol_write_process] [line 102] warn:queue cmd 0x2 0xB1 not reply yet add queue to send failed,queue list size:1
03-08 01:10:52.352  5334  7275 I DEBUG LOG: [03-08 01:10:52.352] [protocol.c] [protocol_receive_data] [line 469] RX : 03 28 00 00 00 00 00 00 00 00 00 00 00 00 00 00 00 00 00 00 
03-08 01:10:52.352  5334  7275 I DEBUG LOG: [03-08 01:10:52.352] [protocol_write.c] [protocol_write_vbus_control] [line 1282] stop resend evt:114(VBUS_EVT_APP_SET_UP_HAND_GESTURE)
03-08 01:10:52.352  5334  7275 I DEBUG LOG: [03-08 01:10:52.352] [protocol_sync_config.c] [protocol_sync_config_vbus_control] [line 965] sync config reply evt:VBUS_EVT_APP_SET_UP_HAND_GESTURE(114),cur config table index:18,cur evt:VBUS_EVT_APP_SET_UP_HAND_GESTURE(114)
03-08 01:10:52.352  5334  7275 I DEBUG LOG: [03-08 01:10:52.352] [protocol_sync_config.c] [get_sync_next_index] [line 559] get next sync index = 19,all = 51
03-08 01:10:52.352  5334  7275 I DEBUG LOG: [03-08 01:10:52.352] [protocol_sync_config.c] [sync_next] [line 617] start sync config next
03-08 01:10:52.352  5334  7275 I DEBUG LOG: [03-08 01:10:52.352] [jni_protocol.cpp] [jni_notice_app_evt] [line 436] jni send evt notice to app evt type:114
03-08 01:10:52.359  5334  5334 I DEBUG LOG: [03-08 01:10:52.359] [jni_protocol.cpp] [Java_com_veryfit_multi_nativeprotocol_Protocol_SysEvtSet] [line 266] api sysEvtSet,intput evt base:VBUS_EVT_BASE_APP_GET evt:326
03-08 01:10:52.359  5334  5334 I DEBUG LOG: [03-08 01:10:52.359] [protocol_write.c] [protocol_write_data_add] [line 200] cur sync evt:114 intput evt:326
03-08 01:10:52.359  5334  5334 I DEBUG LOG: [03-08 01:10:52.359] [protocol_write.c] [protocol_write_data_add] [line 236] add queue to send evt:326(326)
03-08 01:10:52.359  5334  5334 I DEBUG LOG: [03-08 01:10:52.359] [protocol_write.c] [protocol_write_process] [line 102] warn:queue cmd 0x2 0xB1 not reply yet add queue to send failed,queue list size:2
