03-08 01:10:55.600  5334  7275 I DEBUG LOG: [03-08 01:10:55.600] [protocol_v3_health_client.c] [protocol_v3_queue_cmd_evt_handle] [line 738] health data rec exec, data_type = 7,PROTOCOL_V3_HEALTH_DATA_TYPE_SLEEP,raw raw length = 54,data_start_offset = 0,head_size = 40,data_size = 0
03-08 01:10:55.600  5334  7275 I DEBUG LOG: [03-08 01:10:55.600] [protocol_v3_health_resolve_sleep.c] [protocol_v3_health_client_data_cb_handle] [line 21] v3 health sleep(data type:7) cb handle data length:40 version:0x0 item cout:0
03-08 01:10:55.600  5334  7275 I DEBUG LOG: [03-08 01:10:55.600] [protocol_v3_health_client.c] [protocol_v3_queue_cmd_evt_handle] [line 759] ret = 0
03-08 01:10:55.600  5334  7275 I DEBUG LOG: [03-08 01:10:55.600] [protocol_v3_health_client.c] [process_sync_complete] [line 653] next sync_operate:PROTOCOL_V3_HEALTH_OPERATE_START,data_type:7(PROTOCOL_V3_HEALTH_DATA_TYPE_SLEEP),data_start_offset:0,item_count:0,data_size: 0,is_today:0.have next:0,count_err_time: 0
03-08 01:10:55.600  5334  7275 I DEBUG LOG: [03-08 01:10:55.600] [protocol_v3_health_client.c] [write_sync_stop_cmd] [line 989] write sync stop cmd type:7
03-08 01:10:55.600  5334  7275 I DEBUG LOG: [03-08 01:10:55.600] [protocol_v3_health_client.c] [client_sync] [line 944] sync v3 health data type:7(PROTOCOL_V3_HEALTH_DATA_TYPE_SLEEP) operate:1(stop) offset:0
03-08 01:10:55.601  5334  7275 I DEBUG LOG: [03-08 01:10:55.601] [protocol_v3_queue.c] [protocol_v3_queue_write_ex] [line 360] free ptr:tmp & queue_data
03-08 01:10:55.601  5334  7275 I DEBUG LOG: [03-08 01:10:55.601] [protocol_v3_queue.c] [protocol_v3_queue_write_ex] [line 362] v3 protocol add queue cmd id=0x4 nseq=0x14 send queue cout=1
03-08 01:10:55.601  5334  7275 I DEBUG LOG: [03-08 01:10:55.601] [protocol_v3_queue.c] [send_packet] [line 193] v3 protocol send packet cmd id=0x4 nseq=0x14
03-08 01:10:55.601  5334  7275 I DEBUG LOG: [03-08 01:10:55.601] [protocol_v3.c] [process_tx_buff] [line 88] v3 protocol write complete
03-08 01:10:55.601  5334  7275 I DEBUG LOG: [03-08 01:10:55.601] [protocol_v3.c] [process_tx_buff] [line 102] send data buff length:18,offset:0
03-08 01:10:55.601  5334  7275 I DEBUG LOG: [03-08 01:10:55.601] [protocol.c] [protocol_write_data] [line 235]   TX : 33 DA AD DA AD 01 10 00 04 00 14 00 01 07 00 00 00 1D F4 
03-08 01:10:55.601  5334  7275 I DEBUG LOG: [03-08 01:10:55.601] [jni_protocol.cpp] [jni_notice_app_tx_data] [line 345] jni send tx data to app data len:19
03-08 01:10:55.601  5334  7275 I DEBUG LOG: [03-08 01:10:55.601] [protocol_v3_queue.c] [send_packet] [line 208] v3 write data rel:0,free send buff
03-08 01:10:55.602  5334  7275 I DEBUG LOG: [03-08 01:10:55.602] [protocol_v3_queue.c] [process_queue] [line 265] free queue_data
03-08 01:10:55.683  5334  7275 I DEBUG LOG: [03-08 01:10:55.683] [protocol_v3.c] [process_tx_buff] [line 88] v3 protocol write complete
03-08 01:10:55.683  5334  7275 I DEBUG LOG: [03-08 01:10:55.683] [protocol_v3.c] [process_tx_buff] [line 102] send data buff length:18,offset:18
03-08 01:10:55.683  5334  7275 I DEBUG LOG: [03-08 01:10:55.683] [protocol_v3.c] [send_end] [line 67] protocol cmd id:0x4 nseq:0x14 send end
03-08 01:10:55.694  5334  7275 I DEBUG LOG: [03-08 01:10:55.694] [protocol.c] [protocol_receive_data] [line 469] RX : 33 DA AD DA AD 01 19 00 04 00 14 00 01 07 00 00 00 00 00 28 00 00 00 00 00 00 
03-08 01:10:55.694  5334  7275 I DEBUG LOG: [03-08 01:10:55.694] [protocol_v3.c] [protocol_v3_exec] [line 394] rec v3 protocol cmd id:0x4,nseq:0x14,total length:25,cur get data length:25
03-08 01:10:55.694  5334  7275 I DEBUG LOG: [03-08 01:10:55.694] [jni_protocol.cpp] [jni_notice_app_evt] [line 436] jni send evt notice to app evt type:19
03-08 01:10:55.694  5334  7275 I DEBUG LOG: [03-08 01:10:55.694] [protocol_v3_health_client.c] [protocol_v3_rx_data_status_cb_handle] [line 1236] sync progress:60 cur:176 all:291
03-08 01:10:55.694  5334  7275 I DEBUG LOG: [03-08 01:10:55.694] [protocol_v3_queue.c] [protocol_v3_rx_data_cb_handle] [line 109] rec v3 protocol cmd id:0x4 nseq:0x14 vserion: 0x1 complete,length:25
03-08 01:10:55.694  5334  7275 I DEBUG LOG: [03-08 01:10:55.694] [protocol_v3_queue.c] [cmd_reply_process] [line 86] cmd 0x4,nseq = 20,is reply
03-08 01:10:55.694  5334  7275 I DEBUG LOG: [03-08 01:10:55.694] [protocol_v3_queue.c] [process_queue] [line 269] warn:   queue is empty
03-08 01:10:55.694  5334  7275 I DEBUG LOG: [03-08 01:10:55.694] [protocol_v3_health_client.c] [protocol_v3_queue_cmd_evt_handle] [line 738] health data rec exec, data_type = 7,PROTOCOL_V3_HEALTH_DATA_TYPE_SLEEP,raw raw length = 14,data_start_offset = 0,head_size = 40,data_size = 0
03-08 01:10:55.694  5334  7275 I DEBUG LOG: [03-08 01:10:55.694] [protocol_v3_health_client.c] [protocol_v3_queue_cmd_evt_handle] [line 759] ret = 0
03-08 01:10:55.694  5334  7275 I DEBUG LOG: [03-08 01:10:55.694] [protocol_v3_health_client.c] [process_sync_complete] [line 698] next sync_operate:PROTOCOL_V3_HEALTH_OPERATE_STOP,data_type:7(PROTOCOL_V3_HEALTH_DATA_TYPE_SLEEP),item_count:0,is_today:0,have next: 0
03-08 01:10:55.694  5334  7275 I DEBUG LOG: [03-08 01:10:55.694] [protocol_v3_health_client.c] [sync_once_end] [line 594] sync one end:sync_index:5(sleep) is today:0 is cout type data not next same data tp data,rec end
03-08 01:10:55.694  5334  7275 I DEBUG LOG: [03-08 01:10:55.694] [protocol_v3_health_client.c] [process_sync_complete] [line 723] sync next
03-08 01:10:55.694  5334  7275 I DEBUG LOG: [03-08 01:10:55.694] [protocol_v3_health_client.c] [get_sync_offset] [line 431] get_sync_offset index = 8,temperature
03-08 01:10:55.694  5334  7275 I DEBUG LOG: [03-08 01:10:55.694] [protocol_v3_health_client.c] [client_sync] [line 944] sync v3 health data type:8(PROTOCOL_V3_HEALTH_DATA_TYPE_SPORT) operate:0(start) offset:0
03-08 01:10:55.695  5334  7275 I DEBUG LOG: [03-08 01:10:55.695] [protocol_v3_queue.c] [protocol_v3_queue_write_ex] [line 360] free ptr:tmp & queue_data
03-08 01:10:55.695  5334  7275 I DEBUG LOG: [03-08 01:10:55.695] [protocol_v3_queue.c] [protocol_v3_queue_write_ex] [line 362] v3 protocol add queue cmd id=0x4 nseq=0x15 send queue cout=1
03-08 01:10:55.695  5334  7275 I DEBUG LOG: [03-08 01:10:55.695] [protocol_v3_queue.c] [send_packet] [line 193] v3 protocol send packet cmd id=0x4 nseq=0x15
03-08 01:10:55.695  5334  7275 I DEBUG LOG: [03-08 01:10:55.695] [protocol_v3.c] [process_tx_buff] [line 88] v3 protocol write complete
03-08 01:10:55.695  5334  7275 I DEBUG LOG: [03-08 01:10:55.695] [protocol_v3.c] [process_tx_buff] [line 102] send data buff length:18,offset:0
03-08 01:10:55.695  5334  7275 I DEBUG LOG: [03-08 01:10:55.695] [protocol.c] [protocol_write_data] [line 235]   TX : 33 DA AD DA AD 01 10 00 04 00 15 00 00 08 01 00 00 F3 05 
03-08 01:10:55.695  5334  7275 I DEBUG LOG: [03-08 01:10:55.695] [jni_protocol.cpp] [jni_notice_app_tx_data] [line 345] jni send tx data to app data len:19
03-08 01:10:55.696  5334  7275 I DEBUG LOG: [03-08 01:10:55.696] [protocol_v3_queue.c] [send_packet] [line 208] v3 write data rel:0,free send buff
03-08 01:10:55.696  5334  7275 I DEBUG LOG: [03-08 01:10:55.696] [protocol_v3_queue.c] [process_queue] [line 265] free queue_data
03-08 01:10:55.742  5334  7275 I DEBUG LOG: [03-08 01:10:55.742] [protocol_v3.c] [process_tx_buff] [line 88] v3 protocol write complete
03-08 01:10:55.742  5334  7275 I DEBUG LOG: [03-08 01:10:55.742] [protocol_v3.c] [process_tx_buff] [line 102] send data buff length:18,offset:18
03-08 01:10:55.742  5334  7275 I DEBUG LOG: [03-08 01:10:55.742] [protocol_v3.c] [send_end] [line 67] protocol cmd id:0x4 nseq:0x15 send end
03-08 01:10:55.750  5334  7275 I DEBUG LOG: [03-08 01:10:55.750] [protocol.c] [protocol_receive_data] [line 469] RX : 33 DA AD DA AD 01 6F 00 04 00 15 00 00 08 01 00 00 05 00 24 00 32 00 00 00 00 00 EA 07 03 08 00 00 0F 00 00 00 00 00 00 00 00 00 00 00 00 00 00 00 00 05 00 00 00 00 00 00 00 00 00 00 00 00 00 00 00 00 00 00 00 00 00 00 00 00 00 00 00 00 00 00 00 00 00 00 00 00 00 00 00 00 00 00 00 00 00 00 00 00 00 00 00 00 00 00 00 00 00 00 00 00 00 
03-08 01:10:55.751  5334  7275 I DEBUG LOG: [03-08 01:10:55.750] [protocol_v3.c] [protocol_v3_exec] [line 394] rec v3 protocol cmd id:0x4,nseq:0x15,total length:111,cur get data length:111
03-08 01:10:55.751  5334  7275 I DEBUG LOG: [03-08 01:10:55.751] [protocol_v3.c] [protocol_v3_deal_each_head] [line 296] v3 health data type:8(PROTOCOL_V3_HEALTH_DATA_TYPE_SPORT) cmd pack cout:1
03-08 01:10:55.751  5334  7275 I DEBUG LOG: [03-08 01:10:55.751] [jni_protocol.cpp] [jni_notice_app_evt] [line 436] jni send evt notice to app evt type:5026
03-08 01:10:55.751  5334  7275 I DEBUG LOG: [03-08 01:10:55.751] [jni_protocol.cpp] [jni_notice_app_evt] [line 436] jni send evt notice to app evt type:19
03-08 01:10:55.751  5334  7275 I DEBUG LOG: [03-08 01:10:55.751] [protocol_v3_health_client.c] [protocol_v3_rx_data_status_cb_handle] [line 1236] sync progress:90 cur:262 all:291
03-08 01:10:55.751  5334  7275 I DEBUG LOG: [03-08 01:10:55.751] [protocol_v3_queue.c] [protocol_v3_rx_data_cb_handle] [line 109] rec v3 protocol cmd id:0x4 nseq:0x15 vserion: 0x1 complete,length:111
03-08 01:10:55.751  5334  7275 I DEBUG LOG: [03-08 01:10:55.751] [protocol_v3_queue.c] [cmd_reply_process] [line 86] cmd 0x4,nseq = 21,is reply
03-08 01:10:55.751  5334  7275 I DEBUG LOG: [03-08 01:10:55.751] [protocol_v3_queue.c] [process_queue] [line 269] warn:   queue is empty
03-08 01:10:55.751  5334  7275 I DEBUG LOG: [03-08 01:10:55.751] [protocol_v3_health_client.c] [protocol_v3_queue_cmd_evt_handle] [line 738] health data rec exec, data_type = 8,PROTOCOL_V3_HEALTH_DATA_TYPE_SPORT,raw raw length = 100,data_start_offset = 0,head_size = 36,data_size = 50
03-08 01:10:55.751  5334  7275 I DEBUG LOG: [03-08 01:10:55.751] [protocol_v3_health_resolve_sport.c] [protocol_v3_health_sports_data_cb_handle] [line 105] v3 health sport(data type:8) cb handle data length:86 start time:0 version:0x0 item cout:5
03-08 01:10:55.752  5334  7275 I DEBUG LOG: [03-08 01:10:55.752] [protocol_v3_health_client.c] [protocol_v3_queue_cmd_evt_handle] [line 759] ret = 0
03-08 01:10:55.752  5334  7275 I DEBUG LOG: [03-08 01:10:55.752] [protocol_v3_health_client.c] [process_sync_complete] [line 653] next sync_operate:PROTOCOL_V3_HEALTH_OPERATE_START,data_type:8(PROTOCOL_V3_HEALTH_DATA_TYPE_SPORT),data_start_offset:0,item_count:5,data_size: 50,is_today:1.have next:0,count_err_time: 0
03-08 01:10:55.752  5334  7275 I DEBUG LOG: [03-08 01:10:55.752] [protocol_v3_health_client.c] [set_sync_offset] [line 414] set_sync_offset index = 8,temperature,offset = 5
03-08 01:10:55.753  5334  7275 I DEBUG LOG: [03-08 01:10:55.753] [protocol_v3_health_client.c] [write_sync_stop_cmd] [line 989] write sync stop cmd type:8
03-08 01:10:55.753  5334  7275 I DEBUG LOG: [03-08 01:10:55.753] [protocol_v3_health_client.c] [client_sync] [line 944] sync v3 health data type:8(PROTOCOL_V3_HEALTH_DATA_TYPE_SPORT) operate:1(stop) offset:0
03-08 01:10:55.753  5334  7275 I DEBUG LOG: [03-08 01:10:55.753] [protocol_v3_queue.c] [protocol_v3_queue_write_ex] [line 360] free ptr:tmp & queue_data
03-08 01:10:55.753  5334  7275 I DEBUG LOG: [03-08 01:10:55.753] [protocol_v3_queue.c] [protocol_v3_queue_write_ex] [line 362] v3 protocol add queue cmd id=0x4 nseq=0x16 send queue cout=1
03-08 01:10:55.753  5334  7275 I DEBUG LOG: [03-08 01:10:55.753] [protocol_v3_queue.c] [send_packet] [line 193] v3 protocol send packet cmd id=0x4 nseq=0x16
03-08 01:10:55.753  5334  7275 I DEBUG LOG: [03-08 01:10:55.753] [protocol_v3.c] [process_tx_buff] [line 88] v3 protocol write complete
03-08 01:10:55.753  5334  7275 I DEBUG LOG: [03-08 01:10:55.753] [protocol_v3.c] [process_tx_buff] [line 102] send data buff length:18,offset:0
03-08 01:10:55.753  5334  7275 I DEBUG LOG: [03-08 01:10:55.753] [protocol.c] [protocol_write_data] [line 235]   TX : 33 DA AD DA AD 01 10 00 04 00 16 00 01 08 01 00 00 20 77 
03-08 01:10:55.753  5334  7275 I DEBUG LOG: [03-08 01:10:55.753] [jni_protocol.cpp] [jni_notice_app_tx_data] [line 345] jni send tx data to app data len:19
03-08 01:10:55.753  5334  7275 I DEBUG LOG: [03-08 01:10:55.753] [protocol_v3_queue.c] [send_packet] [line 208] v3 write data rel:0,free send buff
03-08 01:10:55.753  5334  7275 I DEBUG LOG: [03-08 01:10:55.753] [protocol_v3_queue.c] [process_queue] [line 265] free queue_data
03-08 01:10:55.760  5334  8901 I DEBUG LOG: [03-08 01:10:55.760] [jni_protocol.cpp] [Java_com_veryfit_multi_nativeprotocol_Protocol_SysEvtSet] [line 266] api sysEvtSet,intput evt base:VBUS_EVT_BASE_APP_GET evt:VBUS_EVT_APP_GET_DEVICE_INFO
03-08 01:10:55.760  5334  8901 I DEBUG LOG: [03-08 01:10:55.760] [protocol_write.c] [protocol_write_data_add] [line 236] add queue to send evt:301(VBUS_EVT_APP_GET_DEVICE_INFO)
03-08 01:10:55.760  5334  8901 I DEBUG LOG: [03-08 01:10:55.760] [protocol_write.c] [protocol_write_process] [line 108] mem_pop is success
03-08 01:10:55.760  5334  8901 I DEBUG LOG: [03-08 01:10:55.760] [protocol.c] [protocol_write_data] [line 235]   TX : 02 01 
03-08 01:10:55.760  5334  8901 I DEBUG LOG: [03-08 01:10:55.760] [jni_protocol.cpp] [jni_notice_app_tx_data] [line 345] jni send tx data to app data len:2
03-08 01:10:55.841  5334  7275 I DEBUG LOG: [03-08 01:10:55.841] [protocol_v3.c] [process_tx_buff] [line 88] v3 protocol write complete
03-08 01:10:55.841  5334  7275 I DEBUG LOG: [03-08 01:10:55.841] [protocol_v3.c] [process_tx_buff] [line 102] send data buff length:18,offset:18
03-08 01:10:55.841  5334  7275 I DEBUG LOG: [03-08 01:10:55.841] [protocol_v3.c] [send_end] [line 67] protocol cmd id:0x4 nseq:0x16 send end
03-08 01:10:55.841  5334  7275 I DEBUG LOG: [03-08 01:10:55.841] [protocol.c] [protocol_receive_data] [line 469] RX : 33 DA AD DA AD 01 19 00 04 00 16 00 01 08 01 00 00 05 00 24 00 00 00 00 00 00 
03-08 01:10:55.841  5334  7275 I DEBUG LOG: [03-08 01:10:55.841] [protocol_v3.c] [protocol_v3_exec] [line 394] rec v3 protocol cmd id:0x4,nseq:0x16,total length:25,cur get data length:25
03-08 01:10:55.841  5334  7275 I DEBUG LOG: [03-08 01:10:55.841] [jni_protocol.cpp] [jni_notice_app_evt] [line 436] jni send evt notice to app evt type:19
03-08 01:10:55.843  5334  7275 I DEBUG LOG: [03-08 01:10:55.843] [protocol_v3_health_client.c] [protocol_v3_rx_data_status_cb_handle] [line 1236] sync progress:90 cur:262 all:291
03-08 01:10:55.843  5334  7275 I DEBUG LOG: [03-08 01:10:55.843] [protocol_v3_queue.c] [protocol_v3_rx_data_cb_handle] [line 109] rec v3 protocol cmd id:0x4 nseq:0x16 vserion: 0x1 complete,length:25
03-08 01:10:55.843  5334  7275 I DEBUG LOG: [03-08 01:10:55.843] [protocol_v3_queue.c] [cmd_reply_process] [line 86] cmd 0x4,nseq = 22,is reply
03-08 01:10:55.843  5334  7275 I DEBUG LOG: [03-08 01:10:55.843] [protocol_v3_queue.c] [process_queue] [line 269] warn:   queue is empty
03-08 01:10:55.843  5334  7275 I DEBUG LOG: [03-08 01:10:55.843] [protocol_v3_health_client.c] [protocol_v3_queue_cmd_evt_handle] [line 738] health data rec exec, data_type = 8,PROTOCOL_V3_HEALTH_DATA_TYPE_SPORT,raw raw length = 14,data_start_offset = 0,head_size = 36,data_size = 0
03-08 01:10:55.843  5334  7275 I DEBUG LOG: [03-08 01:10:55.843] [protocol_v3_health_client.c] [protocol_v3_queue_cmd_evt_handle] [line 759] ret = 0
03-08 01:10:55.843  5334  7275 I DEBUG LOG: [03-08 01:10:55.843] [protocol_v3_health_client.c] [process_sync_complete] [line 698] next sync_operate:PROTOCOL_V3_HEALTH_OPERATE_STOP,data_type:8(PROTOCOL_V3_HEALTH_DATA_TYPE_SPORT),item_count:5,is_today:1,have next: 0
03-08 01:10:55.843  5334  7275 I DEBUG LOG: [03-08 01:10:55.843] [protocol_v3_health_client.c] [sync_once_end] [line 594] sync one end:sync_index:6(sports) is today:1 is day type data not next same data tp data,rec end
03-08 01:10:55.843  5334  7275 I DEBUG LOG: [03-08 01:10:55.843] [protocol_v3_health_client.c] [process_sync_complete] [line 723] sync next
03-08 01:10:55.843  5334  7275 I DEBUG LOG: [03-08 01:10:55.843] [protocol_v3_health_client.c] [get_sync_offset] [line 431] get_sync_offset index = 3,gps
03-08 01:10:55.843  5334  7275 I DEBUG LOG: [03-08 01:10:55.843] [protocol_v3_health_client.c] [client_sync] [line 944] sync v3 health data type:3(PROTOCOL_V3_HEALTH_CMD_TYPE_HR) operate:0(start) offset:0
03-08 01:10:55.843  5334  7275 I DEBUG LOG: [03-08 01:10:55.843] [protocol_v3_queue.c] [protocol_v3_queue_write_ex] [line 360] free ptr:tmp & queue_data
03-08 01:10:55.843  5334  7275 I DEBUG LOG: [03-08 01:10:55.843] [protocol_v3_queue.c] [protocol_v3_queue_write_ex] [line 362] v3 protocol add queue cmd id=0x4 nseq=0x17 send queue cout=1
03-08 01:10:55.844  5334  7275 I DEBUG LOG: [03-08 01:10:55.844] [protocol_v3_queue.c] [send_packet] [line 193] v3 protocol send packet cmd id=0x4 nseq=0x17
03-08 01:10:55.844  5334  7275 I DEBUG LOG: [03-08 01:10:55.844] [protocol_v3.c] [process_tx_buff] [line 88] v3 protocol write complete
03-08 01:10:55.844  5334  7275 I DEBUG LOG: [03-08 01:10:55.844] [protocol_v3.c] [process_tx_buff] [line 102] send data buff length:18,offset:0
03-08 01:10:55.844  5334  7275 I DEBUG LOG: [03-08 01:10:55.844] [protocol.c] [protocol_write_data] [line 235]   TX : 33 DA AD DA AD 01 10 00 04 00 17 00 00 03 01 00 00 0F 7B 
03-08 01:10:55.844  5334  7275 I DEBUG LOG: [03-08 01:10:55.844] [jni_protocol.cpp] [jni_notice_app_tx_data] [line 345] jni send tx data to app data len:19
03-08 01:10:55.845  5334  7275 I DEBUG LOG: [03-08 01:10:55.845] [protocol_v3_queue.c] [send_packet] [line 208] v3 write data rel:0,free send buff
03-08 01:10:55.845  5334  7275 I DEBUG LOG: [03-08 01:10:55.845] [protocol_v3_queue.c] [process_queue] [line 265] free queue_data
03-08 01:10:55.898  5334  7275 I DEBUG LOG: [03-08 01:10:55.898] [protocol.c] [protocol_receive_data] [line 469] RX : 02 01 14 02 11 01 03 0D 01 00 01 00 28 02 01 03 03 00 00 00 
03-08 01:10:55.898  5334  7275 I DEBUG LOG: [03-08 01:10:55.898] [protocol_write.c] [protocol_write_vbus_control] [line 1293] stop resend evt:301(VBUS_EVT_APP_GET_DEVICE_INFO)
03-08 01:10:55.898  5334  7275 I DEBUG LOG: [03-08 01:10:55.898] [jni_protocol.cpp] [jni_notice_app_evt] [line 436] jni send evt notice to app evt type:301
03-08 01:10:55.900  5334  7275 I DEBUG LOG: [03-08 01:10:55.900] [protocol_v3.c] [process_tx_buff] [line 88] v3 protocol write complete
03-08 01:10:55.900  5334  7275 I DEBUG LOG: [03-08 01:10:55.900] [protocol_v3.c] [process_tx_buff] [line 102] send data buff length:18,offset:18
03-08 01:10:55.900  5334  7275 I DEBUG LOG: [03-08 01:10:55.900] [protocol_v3.c] [send_end] [line 67] protocol cmd id:0x4 nseq:0x17 send end
03-08 01:10:55.952  5334  7275 I DEBUG LOG: [03-08 01:10:55.952] [protocol_v3.c] [process_tx_buff] [line 88] v3 protocol write complete
03-08 01:10:55.988  5334  7275 I DEBUG LOG: [03-08 01:10:55.988] [protocol.c] [protocol_receive_data] [line 469] RX : 33 DA AD DA AD 01 36 00 04 00 17 00 00 03 01 00 00 00 00 1D 00 00 00 00 00 00 00 00 00 00 00 00 00 00 00 00 00 00 00 00 00 00 00 00 00 00 00 00 00 00 00 00 00 00 00 
03-08 01:10:55.988  5334  7275 I DEBUG LOG: [03-08 01:10:55.988] [protocol_v3.c] [protocol_v3_exec] [line 394] rec v3 protocol cmd id:0x4,nseq:0x17,total length:54,cur get data length:54
03-08 01:10:55.988  5334  7275 I DEBUG LOG: [03-08 01:10:55.988] [protocol_v3.c] [protocol_v3_deal_each_head] [line 296] v3 health data type:3(PROTOCOL_V3_HEALTH_CMD_TYPE_HR) cmd pack cout:1
03-08 01:10:55.988  5334  7275 I DEBUG LOG: [03-08 01:10:55.988] [jni_protocol.cpp] [jni_notice_app_evt] [line 436] jni send evt notice to app evt type:5026
03-08 01:10:55.990  5334  7275 I DEBUG LOG: [03-08 01:10:55.990] [jni_protocol.cpp] [jni_notice_app_evt] [line 436] jni send evt notice to app evt type:19
03-08 01:10:55.991  5334  7275 I DEBUG LOG: [03-08 01:10:55.991] [protocol_v3_health_client.c] [protocol_v3_rx_data_status_cb_handle] [line 1236] sync progress:99 cur:291 all:291
03-08 01:10:55.991  5334  7275 I DEBUG LOG: [03-08 01:10:55.991] [protocol_v3_queue.c] [protocol_v3_rx_data_cb_handle] [line 109] rec v3 protocol cmd id:0x4 nseq:0x17 vserion: 0x1 complete,length:54
03-08 01:10:55.991  5334  7275 I DEBUG LOG: [03-08 01:10:55.991] [protocol_v3_queue.c] [cmd_reply_process] [line 86] cmd 0x4,nseq = 23,is reply
03-08 01:10:55.991  5334  7275 I DEBUG LOG: [03-08 01:10:55.991] [protocol_v3_queue.c] [process_queue] [line 269] warn:   queue is empty
03-08 01:10:55.991  5334  7275 I DEBUG LOG: [03-08 01:10:55.991] [protocol_v3_health_client.c] [protocol_v3_queue_cmd_evt_handle] [line 738] health data rec exec, data_type = 3,PROTOCOL_V3_HEALTH_CMD_TYPE_HR,raw raw length = 43,data_start_offset = 0,head_size = 29,data_size = 0
03-08 01:10:55.991  5334  7275 I DEBUG LOG: [03-08 01:10:55.991] [protocol_v3_health_resolve_heart_rate.c] [protocol_v3_health_client_data_cb_handle] [line 311] v3 health sports(data type:3) cb handle data length:29 start time:0 data size:0
03-08 01:10:55.991  5334  7275 I DEBUG LOG: [03-08 01:10:55.991] [protocol_v3_health_resolve_heart_rate.c] [protocol_v3_health_client_data_cb_handle] [line 324] length = 29,get_item_len=0,get_now_items_count = 0, start_time = 0
03-08 01:10:55.993  5334  7275 I DEBUG LOG: [03-08 01:10:55.993] [protocol_v3_health_client.c] [protocol_v3_queue_cmd_evt_handle] [line 759] ret = 0
03-08 01:10:55.993  5334  7275 I DEBUG LOG: [03-08 01:10:55.993] [protocol_v3_health_client.c] [process_sync_complete] [line 653] next sync_operate:PROTOCOL_V3_HEALTH_OPERATE_START,data_type:3(PROTOCOL_V3_HEALTH_CMD_TYPE_HR),data_start_offset:0,item_count:0,data_size: 0,is_today:1.have next:0,count_err_time: 0
03-08 01:10:55.993  5334  7275 I DEBUG LOG: [03-08 01:10:55.993] [protocol_v3_health_client.c] [write_sync_stop_cmd] [line 989] write sync stop cmd type:3
03-08 01:10:55.993  5334  7275 I DEBUG LOG: [03-08 01:10:55.993] [protocol_v3_health_client.c] [client_sync] [line 944] sync v3 health data type:3(PROTOCOL_V3_HEALTH_CMD_TYPE_HR) operate:1(stop) offset:0
03-08 01:10:55.993  5334  7275 I DEBUG LOG: [03-08 01:10:55.993] [protocol_v3_queue.c] [protocol_v3_queue_write_ex] [line 360] free ptr:tmp & queue_data
03-08 01:10:55.993  5334  7275 I DEBUG LOG: [03-08 01:10:55.993] [protocol_v3_queue.c] [protocol_v3_queue_write_ex] [line 362] v3 protocol add queue cmd id=0x4 nseq=0x18 send queue cout=1
03-08 01:10:55.994  5334  7275 I DEBUG LOG: [03-08 01:10:55.994] [protocol_v3_queue.c] [send_packet] [line 193] v3 protocol send packet cmd id=0x4 nseq=0x18
03-08 01:10:55.994  5334  7275 I DEBUG LOG: [03-08 01:10:55.994] [protocol_v3.c] [process_tx_buff] [line 88] v3 protocol write complete
03-08 01:10:55.994  5334  7275 I DEBUG LOG: [03-08 01:10:55.994] [protocol_v3.c] [process_tx_buff] [line 102] send data buff length:18,offset:0
03-08 01:10:55.994  5334  7275 I DEBUG LOG: [03-08 01:10:55.994] [protocol.c] [protocol_write_data] [line 235]   TX : 33 DA AD DA AD 01 10 00 04 00 18 00 01 03 01 00 00 B7 5B 
03-08 01:10:55.994  5334  7275 I DEBUG LOG: [03-08 01:10:55.994] [jni_protocol.cpp] [jni_notice_app_tx_data] [line 345] jni send tx data to app data len:19
03-08 01:10:55.994  5334  7275 I DEBUG LOG: [03-08 01:10:55.994] [protocol_v3_queue.c] [send_packet] [line 208] v3 write data rel:0,free send buff
03-08 01:10:55.994  5334  7275 I DEBUG LOG: [03-08 01:10:55.994] [protocol_v3_queue.c] [process_queue] [line 265] free queue_data
03-08 01:10:56.070  5334  7275 I DEBUG LOG: [03-08 01:10:56.070] [protocol_v3.c] [process_tx_buff] [line 88] v3 protocol write complete
03-08 01:10:56.070  5334  7275 I DEBUG LOG: [03-08 01:10:56.070] [protocol_v3.c] [process_tx_buff] [line 102] send data buff length:18,offset:18
03-08 01:10:56.070  5334  7275 I DEBUG LOG: [03-08 01:10:56.070] [protocol_v3.c] [send_end] [line 67] protocol cmd id:0x4 nseq:0x18 send end
03-08 01:10:56.073  5334  7275 I DEBUG LOG: [03-08 01:10:56.073] [protocol.c] [protocol_receive_data] [line 469] RX : 33 DA AD DA AD 01 19 00 04 00 18 00 01 03 01 00 00 00 00 1D 00 00 00 00 00 00 
03-08 01:10:56.074  5334  7275 I DEBUG LOG: [03-08 01:10:56.074] [protocol_v3.c] [protocol_v3_exec] [line 394] rec v3 protocol cmd id:0x4,nseq:0x18,total length:25,cur get data length:25
03-08 01:10:56.074  5334  7275 I DEBUG LOG: [03-08 01:10:56.074] [jni_protocol.cpp] [jni_notice_app_evt] [line 436] jni send evt notice to app evt type:19
03-08 01:10:56.076  5334  7275 I DEBUG LOG: [03-08 01:10:56.076] [protocol_v3_health_client.c] [protocol_v3_rx_data_status_cb_handle] [line 1236] sync progress:99 cur:291 all:291
03-08 01:10:56.076  5334  7275 I DEBUG LOG: [03-08 01:10:56.076] [protocol_v3_queue.c] [protocol_v3_rx_data_cb_handle] [line 109] rec v3 protocol cmd id:0x4 nseq:0x18 vserion: 0x1 complete,length:25
03-08 01:10:56.076  5334  7275 I DEBUG LOG: [03-08 01:10:56.076] [protocol_v3_queue.c] [cmd_reply_process] [line 86] cmd 0x4,nseq = 24,is reply
03-08 01:10:56.076  5334  7275 I DEBUG LOG: [03-08 01:10:56.076] [protocol_v3_queue.c] [process_queue] [line 269] warn:   queue is empty
03-08 01:10:56.076  5334  7275 I DEBUG LOG: [03-08 01:10:56.076] [protocol_v3_health_client.c] [protocol_v3_queue_cmd_evt_handle] [line 738] health data rec exec, data_type = 3,PROTOCOL_V3_HEALTH_CMD_TYPE_HR,raw raw length = 14,data_start_offset = 0,head_size = 29,data_size = 0
03-08 01:10:56.076  5334  7275 I DEBUG LOG: [03-08 01:10:56.076] [protocol_v3_health_client.c] [protocol_v3_queue_cmd_evt_handle] [line 759] ret = 0
03-08 01:10:56.076  5334  7275 I DEBUG LOG: [03-08 01:10:56.076] [protocol_v3_health_client.c] [process_sync_complete] [line 698] next sync_operate:PROTOCOL_V3_HEALTH_OPERATE_STOP,data_type:3(PROTOCOL_V3_HEALTH_CMD_TYPE_HR),item_count:0,is_today:1,have next: 0
03-08 01:10:56.076  5334  7275 I DEBUG LOG: [03-08 01:10:56.076] [protocol_v3_health_client.c] [sync_once_end] [line 594] sync one end:sync_index:20(hr) is today:1 is day type data not next same data tp data,rec end
03-08 01:10:56.076  5334  7275 I DEBUG LOG: [03-08 01:10:56.076] [protocol_v3_health_client.c] [process_sync_complete] [line 706] sync success
03-08 01:10:56.076  5334  7275 I DEBUG LOG: [03-08 01:10:56.076] [jni_protocol.cpp] [jni_notice_app_evt] [line 436] jni send evt notice to app evt type:19
03-08 01:10:56.076  5334  7275 I DEBUG LOG: [03-08 01:10:56.076] [protocol_v3_health_client.c] [protocol_v3_health_client_sync_stop] [line 1107] stop sync v3 health info
03-08 01:10:56.076  5334  7275 I DEBUG LOG: [03-08 01:10:56.076] [jni_protocol.cpp] [jni_notice_app_evt] [line 436] jni send evt notice to app evt type:18
03-08 01:10:56.088  5334  5334 I DEBUG LOG: [03-08 01:10:56.088] [jni_protocol.cpp] [Java_com_veryfit_multi_nativeprotocol_Protocol_WriteJsonData] [line 612] app send protocol evt:157(VBUS_EVT_APP_SET_CONN_PARAM)
03-08 01:10:56.089  5334  5334 I DEBUG LOG: [03-08 01:10:56.089] [protocol_write.c] [protocol_write_data_add] [line 236] add queue to send evt:157(VBUS_EVT_APP_SET_CONN_PARAM)
03-08 01:10:56.089  5334  5334 I DEBUG LOG: [03-08 01:10:56.089] [protocol_write.c] [protocol_write_process] [line 108] mem_pop is success
03-08 01:10:56.089  5334  5334 I DEBUG LOG: [03-08 01:10:56.089] [protocol.c] [protocol_write_data] [line 235]   TX : 03 35 02 00 00 00 00 00 00 00 00 00 
03-08 01:10:56.089  5334  5334 I DEBUG LOG: [03-08 01:10:56.089] [jni_protocol.cpp] [jni_notice_app_tx_data] [line 345] jni send tx data to app data len:12
03-08 01:10:56.171  5334  7275 I DEBUG LOG: [03-08 01:10:56.171] [protocol.c] [protocol_receive_data] [line 469] RX : 03 35 01 00 00 00 00 00 00 00 00 00 00 00 00 00 00 00 00 00 
03-08 01:10:56.171  5334  7275 I DEBUG LOG: [03-08 01:10:56.171] [protocol_write.c] [protocol_write_vbus_control] [line 1293] stop resend evt:157(VBUS_EVT_APP_SET_CONN_PARAM)
03-08 01:10:56.171  5334  7275 I DEBUG LOG: [03-08 01:10:56.171] [jni_protocol.cpp] [jni_notice_app_evt] [line 436] jni send evt notice to app evt type:157
03-08 01:10:57.180  5334  5334 I DEBUG LOG: [03-08 01:10:57.180] [jni_protocol.cpp] [Java_com_veryfit_multi_nativeprotocol_Protocol_WriteJsonData] [line 612] app send protocol evt:157(VBUS_EVT_APP_SET_CONN_PARAM)
03-08 01:10:57.185  5334  5334 I DEBUG LOG: [03-08 01:10:57.185] [protocol_write.c] [protocol_write_data_add] [line 236] add queue to send evt:157(VBUS_EVT_APP_SET_CONN_PARAM)
03-08 01:10:57.185  5334  5334 I DEBUG LOG: [03-08 01:10:57.185] [protocol_write.c] [protocol_write_process] [line 108] mem_pop is success
03-08 01:10:57.186  5334  5334 I DEBUG LOG: [03-08 01:10:57.186] [protocol.c] [protocol_write_data] [line 235]   TX : 03 35 02 00 00 00 00 00 00 00 00 00 
03-08 01:10:57.186  5334  5334 I DEBUG LOG: [03-08 01:10:57.186] [jni_protocol.cpp] [jni_notice_app_tx_data] [line 345] jni send tx data to app data len:12
03-08 01:10:57.200  5334  5334 I DEBUG LOG: [03-08 01:10:57.200] [jni_protocol.cpp] [Java_com_veryfit_multi_nativeprotocol_Protocol_WriteJsonData] [line 612] app send protocol evt:157(VBUS_EVT_APP_SET_CONN_PARAM)
03-08 01:10:57.201  5334  5334 I DEBUG LOG: [03-08 01:10:57.201] [protocol_write.c] [protocol_write_data_add] [line 236] add queue to send evt:157(VBUS_EVT_APP_SET_CONN_PARAM)
03-08 01:10:57.201  5334  5334 I DEBUG LOG: [03-08 01:10:57.201] [protocol_write.c] [protocol_write_process] [line 102] warn:queue cmd 0x3 0x35 not reply yet add queue to send failed,queue list size:1
03-08 01:10:57.470  5334  7275 I DEBUG LOG: [03-08 01:10:57.470] [protocol.c] [protocol_receive_data] [line 469] RX : 03 35 02 00 00 00 00 00 00 00 00 00 00 00 00 00 00 00 00 00 
03-08 01:10:57.470  5334  7275 I DEBUG LOG: [03-08 01:10:57.470] [protocol_write.c] [protocol_write_vbus_control] [line 1293] stop resend evt:157(VBUS_EVT_APP_SET_CONN_PARAM)
03-08 01:10:57.470  5334  7275 I DEBUG LOG: [03-08 01:10:57.470] [protocol_write.c] [protocol_write_process] [line 108] mem_pop is success
03-08 01:10:57.470  5334  7275 I DEBUG LOG: [03-08 01:10:57.470] [protocol.c] [protocol_write_data] [line 235]   TX : 03 35 02 00 00 00 00 00 00 00 00 00 
03-08 01:10:57.470  5334  7275 I DEBUG LOG: [03-08 01:10:57.470] [jni_protocol.cpp] [jni_notice_app_tx_data] [line 345] jni send tx data to app data len:12
03-08 01:10:57.471  5334  7275 I DEBUG LOG: [03-08 01:10:57.471] [jni_protocol.cpp] [jni_notice_app_evt] [line 436] jni send evt notice to app evt type:157
03-08 01:10:57.601  5334  5334 I DEBUG LOG: [03-08 01:10:57.601] [jni_protocol.cpp] [Java_com_veryfit_multi_nativeprotocol_Protocol_WriteJsonData] [line 612] app send protocol evt:108(VBUS_EVT_APP_SET_UINT)
03-08 01:10:57.601  5334  5334 I DEBUG LOG: [03-08 01:10:57.601] [protocol_write.c] [protocol_write_data_add] [line 236] add queue to send evt:108(VBUS_EVT_APP_SET_UINT)
03-08 01:10:57.602  5334  5334 I DEBUG LOG: [03-08 01:10:57.601] [protocol_write.c] [protocol_write_process] [line 102] warn:queue cmd 0x3 0x35 not reply yet add queue to send failed,queue list size:1
03-08 01:10:57.609  5334  5334 I DEBUG LOG: [03-08 01:10:57.609] [jni_protocol.cpp] [Java_com_veryfit_multi_nativeprotocol_Protocol_WriteJsonData] [line 612] app send protocol evt:161(VBUS_EVT_APP_SET_CALORIE_DISTANCE_GOAL)
03-08 01:10:57.609  5334  5334 I DEBUG LOG: [03-08 01:10:57.609] [protocol_write.c] [protocol_write_data_add] [line 236] add queue to send evt:161(VBUS_EVT_APP_SET_CALORIE_DISTANCE_GOAL)
03-08 01:10:57.609  5334  5334 I DEBUG LOG: [03-08 01:10:57.609] [protocol_write.c] [protocol_write_process] [line 102] warn:queue cmd 0x3 0x35 not reply yet add queue to send failed,queue list size:2
03-08 01:10:57.629  5334  5334 I DEBUG LOG: [03-08 01:10:57.629] [jni_protocol.cpp] [Java_com_veryfit_multi_nativeprotocol_Protocol_WriteJsonData] [line 612] app send protocol evt:104(VBUS_EVT_APP_SET_TIME)
03-08 01:10:57.629  5334  5334 I DEBUG LOG: [03-08 01:10:57.629] [protocol.c] [protocol_write_data] [line 235]   TX : 03 01 EA 07 03 08 01 0A 39 06 00 00 00 00 00 00 
03-08 01:10:57.629  5334  5334 I DEBUG LOG: [03-08 01:10:57.629] [jni_protocol.cpp] [jni_notice_app_tx_data] [line 345] jni send tx data to app data len:16
03-08 01:10:57.644  5334  5334 I DEBUG LOG: [03-08 01:10:57.644] [jni_protocol.cpp] [Java_com_veryfit_multi_nativeprotocol_Protocol_SysEvtSet] [line 266] api sysEvtSet,intput evt base:VBUS_EVT_BASE_APP_GET evt:422
03-08 01:10:57.644  5334  5334 I DEBUG LOG: [03-08 01:10:57.644] [protocol_write.c] [protocol_write_data_add] [line 236] add queue to send evt:422(422)
03-08 01:10:57.644  5334  5334 I DEBUG LOG: [03-08 01:10:57.644] [protocol_write.c] [protocol_write_process] [line 102] warn:queue cmd 0x3 0x35 not reply yet add queue to send failed,queue list size:3
03-08 01:10:57.720  5334  5334 I DEBUG LOG: [03-08 01:10:57.720] [jni_protocol.cpp] [Java_com_veryfit_multi_nativeprotocol_Protocol_SysEvtSet] [line 266] api sysEvtSet,intput evt base:VBUS_EVT_BASE_APP_GET evt:VBUS_EVT_APP_GET_DEVICE_INFO
03-08 01:10:57.721  5334  5334 I DEBUG LOG: [03-08 01:10:57.721] [protocol_write.c] [protocol_write_data_add] [line 236] add queue to send evt:301(VBUS_EVT_APP_GET_DEVICE_INFO)
03-08 01:10:57.721  5334  5334 I DEBUG LOG: [03-08 01:10:57.721] [protocol_write.c] [protocol_write_process] [line 102] warn:queue cmd 0x3 0x35 not reply yet add queue to send failed,queue list size:4
03-08 01:10:57.770  5334  5334 I DEBUG LOG: [03-08 01:10:57.770] [jni_protocol.cpp] [Java_com_veryfit_multi_nativeprotocol_Protocol_WriteJsonData] [line 612] app send protocol evt:322(VBUS_EVT_APP_GET_FLASH_BIN_INFO)
03-08 01:10:57.771  5334  5334 I DEBUG LOG: [03-08 01:10:57.771] [protocol_write.c] [protocol_write_data_add] [line 236] add queue to send evt:322(VBUS_EVT_APP_GET_FLASH_BIN_INFO)
03-08 01:10:57.771  5334  5334 I DEBUG LOG: [03-08 01:10:57.771] [protocol_write.c] [protocol_write_process] [line 102] warn:queue cmd 0x3 0x35 not reply yet add queue to send failed,queue list size:5
03-08 01:10:57.778  5334  7275 I DEBUG LOG: [03-08 01:10:57.778] [protocol.c] [protocol_receive_data] [line 469] RX : 03 35 02 0F 00 00 00 00 00 00 00 00 00 00 00 00 00 00 00 00 
03-08 01:10:57.778  5334  7275 I DEBUG LOG: [03-08 01:10:57.778] [protocol_write.c] [protocol_write_vbus_control] [line 1293] stop resend evt:157(VBUS_EVT_APP_SET_CONN_PARAM)
03-08 01:10:57.778  5334  7275 I DEBUG LOG: [03-08 01:10:57.778] [protocol_write.c] [protocol_write_process] [line 108] mem_pop is success
03-08 01:10:57.778  5334  7275 I DEBUG LOG: [03-08 01:10:57.778] [protocol.c] [protocol_write_data] [line 235]   TX : 03 11 01 01 01 00 02 01 00 00 00 01 01 01 01 00 00 
03-08 01:10:57.778  5334  7275 I DEBUG LOG: [03-08 01:10:57.778] [jni_protocol.cpp] [jni_notice_app_tx_data] [line 345] jni send tx data to app data len:17
03-08 01:10:57.778  5334  7275 I DEBUG LOG: [03-08 01:10:57.778] [jni_protocol.cpp] [jni_notice_app_evt] [line 436] jni send evt notice to app evt type:157
03-08 01:10:58.104  5334  5676 I DEBUG LOG: [03-08 01:10:58.104] [protocol.c] [protocol_receive_data] [line 469] RX : 03 01 00 00 00 00 00 00 00 00 00 00 00 00 00 00 00 00 00 00 
03-08 01:10:58.104  5334  5676 I DEBUG LOG: [03-08 01:10:58.104] [jni_protocol.cpp] [jni_notice_app_evt] [line 436] jni send evt notice to app evt type:104
03-08 01:10:58.420  5334  5676 I DEBUG LOG: [03-08 01:10:58.420] [protocol.c] [protocol_receive_data] [line 469] RX : 03 11 00 00 00 00 00 00 00 00 00 00 00 00 00 00 00 00 00 00 
03-08 01:10:58.420  5334  5676 I DEBUG LOG: [03-08 01:10:58.420] [protocol_write.c] [protocol_write_vbus_control] [line 1293] stop resend evt:108(VBUS_EVT_APP_SET_UINT)
03-08 01:10:58.420  5334  5676 I DEBUG LOG: [03-08 01:10:58.420] [protocol_write.c] [protocol_write_process] [line 108] mem_pop is success
03-08 01:10:58.420  5334  5676 I DEBUG LOG: [03-08 01:10:58.420] [protocol.c] [protocol_write_data] [line 235]   TX : 03 43 F4 01 00 00 88 13 00 00 08 07 00 00 FA 00 0E 06 0C 00 
03-08 01:10:58.420  5334  5676 I DEBUG LOG: [03-08 01:10:58.420] [jni_protocol.cpp] [jni_notice_app_tx_data] [line 345] jni send tx data to app data len:20
03-08 01:10:58.421  5334  5676 I DEBUG LOG: [03-08 01:10:58.421] [jni_protocol.cpp] [jni_notice_app_evt] [line 436] jni send evt notice to app evt type:108
03-08 01:10:58.751  5334  7275 I DEBUG LOG: [03-08 01:10:58.751] [protocol.c] [protocol_receive_data] [line 469] RX : 03 43 00 00 00 00 00 00 00 00 00 00 00 00 00 00 00 00 00 00 
03-08 01:10:58.751  5334  7275 I DEBUG LOG: [03-08 01:10:58.751] [protocol_write.c] [protocol_write_vbus_control] [line 1293] stop resend evt:161(VBUS_EVT_APP_SET_CALORIE_DISTANCE_GOAL)
03-08 01:10:58.752  5334  7275 I DEBUG LOG: [03-08 01:10:58.752] [protocol_write.c] [protocol_write_process] [line 108] mem_pop is success
03-08 01:10:58.752  5334  7275 I DEBUG LOG: [03-08 01:10:58.752] [protocol.c] [protocol_write_data] [line 235]   TX : 02 08 
03-08 01:10:58.752  5334  7275 I DEBUG LOG: [03-08 01:10:58.752] [jni_protocol.cpp] [jni_notice_app_tx_data] [line 345] jni send tx data to app data len:2
03-08 01:10:58.754  5334  7275 I DEBUG LOG: [03-08 01:10:58.754] [jni_protocol.cpp] [jni_notice_app_evt] [line 436] jni send evt notice to app evt type:161
03-08 01:11:01.755  5334  5398 I DEBUG LOG: [03-08 01:11:01.755] [protocol_write.c] [send_timer_handle] [line 161] warn:evt:422,cmd 0x2 0x8 response timeout,resend(resend time:1)
03-08 01:11:01.755  5334  5398 I DEBUG LOG: [03-08 01:11:01.755] [protocol.c] [protocol_write_data] [line 235]   TX : 02 08 
03-08 01:11:01.755  5334  5398 I DEBUG LOG: [03-08 01:11:01.755] [jni_protocol.cpp] [jni_notice_app_tx_data] [line 345] jni send tx data to app data len:2
03-08 01:11:04.755  5334  5398 I DEBUG LOG: [03-08 01:11:04.755] [protocol_write.c] [send_timer_handle] [line 161] warn:evt:422,cmd 0x2 0x8 response timeout,resend(resend time:2)
03-08 01:11:04.755  5334  5398 I DEBUG LOG: [03-08 01:11:04.755] [protocol.c] [protocol_write_data] [line 235]   TX : 02 08 
03-08 01:11:04.755  5334  5398 I DEBUG LOG: [03-08 01:11:04.755] [jni_protocol.cpp] [jni_notice_app_tx_data] [line 345] jni send tx data to app data len:2
03-08 01:11:07.664  5334  5334 I DEBUG LOG: [03-08 01:11:07.664] [jni_protocol.cpp] [Java_com_veryfit_multi_nativeprotocol_Protocol_WriteJsonData] [line 612] app send protocol evt:105(VBUS_EVT_APP_SET_SPORT_GOAL)
03-08 01:11:07.666  5334  5334 I DEBUG LOG: [03-08 01:11:07.666] [protocol_write.c] [protocol_write_data_add] [line 236] add queue to send evt:105(VBUS_EVT_APP_SET_SPORT_GOAL)
03-08 01:11:07.666  5334  5334 I DEBUG LOG: [03-08 01:11:07.666] [protocol_write.c] [protocol_write_process] [line 102] warn:queue cmd 0x2 0x8 not reply yet add queue to send failed,queue list size:3
03-08 01:11:07.756  5334  5398 I DEBUG LOG: [03-08 01:11:07.756] [protocol_write.c] [send_timer_handle] [line 161] warn:evt:422,cmd 0x2 0x8 response timeout,resend(resend time:3)
03-08 01:11:07.756  5334  5398 I DEBUG LOG: [03-08 01:11:07.756] [protocol.c] [protocol_write_data] [line 235]   TX : 02 08 
03-08 01:11:07.756  5334  5398 I DEBUG LOG: [03-08 01:11:07.756] [jni_protocol.cpp] [jni_notice_app_tx_data] [line 345] jni send tx data to app data len:2
03-08 01:11:10.756  5334  5398 I DEBUG LOG: [03-08 01:11:10.756] [jni_protocol.cpp] [jni_notice_app_evt] [line 436] jni send evt notice to app evt type:422
03-08 01:11:10.758  5334  5398 I DEBUG LOG: [03-08 01:11:10.758] [protocol_write.c] [protocol_write_process] [line 108] mem_pop is success
03-08 01:11:10.758  5334  5398 I DEBUG LOG: [03-08 01:11:10.758] [protocol.c] [protocol_write_data] [line 235]   TX : 02 01 
03-08 01:11:10.758  5334  5398 I DEBUG LOG: [03-08 01:11:10.758] [jni_protocol.cpp] [jni_notice_app_tx_data] [line 345] jni send tx data to app data len:2
03-08 01:11:11.551  5334  5676 I DEBUG LOG: [03-08 01:11:11.551] [protocol.c] [protocol_receive_data] [line 469] RX : 02 01 14 02 11 01 03 0D 01 00 01 00 28 02 01 03 03 00 00 00 
03-08 01:11:11.551  5334  5676 I DEBUG LOG: [03-08 01:11:11.551] [protocol_write.c] [protocol_write_vbus_control] [line 1293] stop resend evt:301(VBUS_EVT_APP_GET_DEVICE_INFO)
03-08 01:11:11.552  5334  5676 I DEBUG LOG: [03-08 01:11:11.552] [protocol_write.c] [protocol_write_process] [line 108] mem_pop is success
03-08 01:11:11.552  5334  5676 I DEBUG LOG: [03-08 01:11:11.552] [protocol.c] [protocol_write_data] [line 235]   TX : 02 A7 
03-08 01:11:11.552  5334  5676 I DEBUG LOG: [03-08 01:11:11.552] [jni_protocol.cpp] [jni_notice_app_tx_data] [line 345] jni send tx data to app data len:2
03-08 01:11:11.555  5334  5676 I DEBUG LOG: [03-08 01:11:11.555] [jni_protocol.cpp] [jni_notice_app_evt] [line 436] jni send evt notice to app evt type:301
03-08 01:11:11.859  5334  5676 I DEBUG LOG: [03-08 01:11:11.859] [protocol.c] [protocol_receive_data] [line 469] RX : 02 A7 00 01 01 78 56 34 12 00 00 00 00 00 00 00 00 00 00 00 
03-08 01:11:11.859  5334  5676 I DEBUG LOG: [03-08 01:11:11.859] [protocol_write.c] [protocol_write_vbus_control] [line 1293] stop resend evt:322(VBUS_EVT_APP_GET_FLASH_BIN_INFO)
03-08 01:11:11.859  5334  5676 I DEBUG LOG: [03-08 01:11:11.859] [protocol_write.c] [protocol_write_process] [line 108] mem_pop is success
03-08 01:11:11.859  5334  5676 I DEBUG LOG: [03-08 01:11:11.859] [protocol.c] [protocol_write_data] [line 235]   TX : 03 03 00 10 27 00 00 00 00 64 00 01 00 00 00 00 00 
03-08 01:11:11.859  5334  5676 I DEBUG LOG: [03-08 01:11:11.859] [jni_protocol.cpp] [jni_notice_app_tx_data] [line 345] jni send tx data to app data len:17
03-08 01:11:11.860  5334  5676 I DEBUG LOG: [03-08 01:11:11.860] [jni_protocol.cpp] [jni_notice_app_evt] [line 436] jni send evt notice to app evt type:322
03-08 01:11:12.178  5334  5676 I DEBUG LOG: [03-08 01:11:12.178] [protocol.c] [protocol_receive_data] [line 469] RX : 03 03 00 00 00 00 00 00 00 00 00 00 00 00 00 00 00 00 00 00 
03-08 01:11:12.179  5334  5676 I DEBUG LOG: [03-08 01:11:12.179] [protocol_write.c] [protocol_write_vbus_control] [line 1293] stop resend evt:105(VBUS_EVT_APP_SET_SPORT_GOAL)
03-08 01:11:12.179  5334  5676 I DEBUG LOG: [03-08 01:11:12.179] [jni_protocol.cpp] [jni_notice_app_evt] [line 436] jni send evt notice to app evt type:105
