03-08 01:06:29.045  4491  4491 I DEBUG LOG: [03-08 01:06:29.045] [protocol_data.c] [protocol_data_set_file_path] [line 49] set lasting path:/data/user/0/com.watch.life/files
03-08 01:06:29.045  4491  4491 I DEBUG LOG: [03-08 01:06:29.045] [protocol.c] [protocol_init] [line 574] protocol init
03-08 01:06:29.045  4491  4491 I DEBUG LOG: [03-08 01:06:29.045] [protocol.c] [protocol_init] [line 575] VERSION_DATE=20250109,VERSION_IS_RELEASE=0, VERSION_RELEASE_STRING = 1.20.25
03-08 01:06:29.051  4491  4491 I DEBUG LOG: [03-08 01:06:29.051] [protocol_func_table.c] [protocol_func_table_load_save_table] [line 405] connect,load local func table
03-08 01:06:29.068  4491  4491 I DEBUG LOG: [03-08 01:06:29.068] [jni_protocol.cpp] [Java_com_veryfit_multi_nativeprotocol_Protocol_callBackEnable] [line 254] c lib init ok
03-08 01:06:29.087  4491  4491 I DEBUG LOG: [03-08 01:06:29.087] [protocol_data.c] [protocol_set_mode] [line 26] set unbind mode
jj
03-08 01:07:25.600  5334  5334 I DEBUG LOG: [03-08 01:07:25.600] [protocol_data.c] [protocol_data_set_file_path] [line 49] set lasting path:/data/user/0/com.watch.life/files
03-08 01:07:25.600  5334  5334 I DEBUG LOG: [03-08 01:07:25.600] [protocol.c] [protocol_init] [line 574] protocol init
03-08 01:07:25.600  5334  5334 I DEBUG LOG: [03-08 01:07:25.600] [protocol.c] [protocol_init] [line 575] VERSION_DATE=20250109,VERSION_IS_RELEASE=0, VERSION_RELEASE_STRING = 1.20.25
03-08 01:07:25.602  5334  5334 I DEBUG LOG: [03-08 01:07:25.602] [protocol_func_table.c] [protocol_func_table_load_save_table] [line 405] connect,load local func table
03-08 01:07:25.610  5334  5334 I DEBUG LOG: [03-08 01:07:25.610] [jni_protocol.cpp] [Java_com_veryfit_multi_nativeprotocol_Protocol_callBackEnable] [line 254] c lib init ok
03-08 01:07:25.612  5334  5334 I DEBUG LOG: [03-08 01:07:25.612] [protocol_data.c] [protocol_set_mode] [line 26] set unbind mode


03-08 01:10:05.591  5334  5352 I DEBUG LOG: [03-08 01:10:05.588] [protocol_data.c] [protocol_set_mode] [line 26] set unbind mode
03-08 01:10:05.593  5334  5352 I DEBUG LOG: [03-08 01:10:05.593] [jni_protocol.cpp] [Java_com_veryfit_multi_nativeprotocol_Protocol_SysEvtSet] [line 266] api sysEvtSet,intput evt base:VBUS_EVT_BASE_APP_SET evt:SET_BLE_EVT_CONNECT
03-08 01:10:05.594  5334  5352 I DEBUG LOG: [03-08 01:10:05.594] [protocol_write.c] [protocol_write_clean_resend_buf] [line 315] clean protocol resend buf
03-08 01:10:05.594  5334  5352 I DEBUG LOG: [03-08 01:10:05.594] [protocol_func_table.c] [protocol_func_table_load_save_table] [line 405] connect,load local func table
03-08 01:10:05.604  5334  5352 I DEBUG LOG: [03-08 01:10:05.604] [protocol_v3_queue.c] [protocol_v3_queue_vbus_control] [line 464] vbus v3 queue,connected status set true
03-08 01:10:05.605  5334  5352 I DEBUG LOG: [03-08 01:10:05.605] [protocol.c] [set_connected_status] [line 154] set connected status 1
03-08 01:10:05.615  5334  5352 I DEBUG LOG: [03-08 01:10:05.615] [jni_protocol.cpp] [Java_com_veryfit_multi_nativeprotocol_Protocol_SysEvtSet] [line 266] api sysEvtSet,intput evt base:VBUS_EVT_BASE_APP_GET evt:VBUS_EVT_APP_GET_DEVICE_INFO
03-08 01:10:05.615  5334  5352 I DEBUG LOG: [03-08 01:10:05.615] [protocol_write.c] [protocol_write_data_add] [line 236] add queue to send evt:301(VBUS_EVT_APP_GET_DEVICE_INFO)
03-08 01:10:05.615  5334  5352 I DEBUG LOG: [03-08 01:10:05.615] [protocol_write.c] [protocol_write_process] [line 108] mem_pop is success
03-08 01:10:05.615  5334  5352 I DEBUG LOG: [03-08 01:10:05.615] [protocol.c] [protocol_write_data] [line 235]   TX : 02 01 
03-08 01:10:05.615  5334  5352 I DEBUG LOG: [03-08 01:10:05.615] [jni_protocol.cpp] [jni_notice_app_tx_data] [line 345] jni send tx data to app data len:2
03-08 01:10:05.633  5334  5334 I DEBUG LOG: [03-08 01:10:05.633] [jni_protocol.cpp] [Java_com_veryfit_multi_nativeprotocol_Protocol_SysEvtSet] [line 266] api sysEvtSet,intput evt base:VBUS_EVT_BASE_APP_GET evt:VBUS_EVT_APP_GET_DEVICE_INFO
03-08 01:10:05.633  5334  5334 I DEBUG LOG: [03-08 01:10:05.633] [protocol_write.c] [protocol_write_data_add] [line 236] add queue to send evt:301(VBUS_EVT_APP_GET_DEVICE_INFO)
03-08 01:10:05.633  5334  5334 I DEBUG LOG: [03-08 01:10:05.633] [protocol_write.c] [protocol_write_process] [line 102] warn:queue cmd 0x2 0x1 not reply yet add queue to send failed,queue list size:1
03-08 01:10:05.726  5334  5352 I DEBUG LOG: [03-08 01:10:05.726] [protocol.c] [protocol_receive_data] [line 469] RX : 02 01 14 02 11 01 03 0D 01 00 01 00 28 02 01 03 03 00 00 00 
03-08 01:10:05.726  5334  5352 I DEBUG LOG: [03-08 01:10:05.726] [protocol_write.c] [protocol_write_vbus_control] [line 1293] stop resend evt:301(VBUS_EVT_APP_GET_DEVICE_INFO)
03-08 01:10:05.727  5334  5352 I DEBUG LOG: [03-08 01:10:05.727] [protocol_write.c] [protocol_write_process] [line 108] mem_pop is success
03-08 01:10:05.727  5334  5352 I DEBUG LOG: [03-08 01:10:05.727] [protocol.c] [protocol_write_data] [line 235]   TX : 02 01 
03-08 01:10:05.727  5334  5352 I DEBUG LOG: [03-08 01:10:05.727] [jni_protocol.cpp] [jni_notice_app_tx_data] [line 345] jni send tx data to app data len:2
03-08 01:10:05.727  5334  5352 I DEBUG LOG: [03-08 01:10:05.727] [jni_protocol.cpp] [jni_notice_app_evt] [line 436] jni send evt notice to app evt type:301
03-08 01:10:05.769  5334  7275 I DEBUG LOG: [03-08 01:10:05.769] [protocol.c] [protocol_receive_data] [line 469] RX : 03 30 55 01 00 00 00 00 00 00 00 00 00 00 00 00 00 00 00 00 
03-08 01:10:05.769  5334  7275 I DEBUG LOG: [03-08 01:10:05.769] [protocol_v3_msg_notify_remind.c] [protocol_process_transfer] [line 228] 发送v3的 设置 消息指令 33 82,没有开功能表直接结束
03-08 01:10:05.769  5334  7275 I DEBUG LOG: [03-08 01:10:05.769] [jni_protocol.cpp] [jni_notice_app_evt] [line 436] jni send evt notice to app evt type:346
03-08 01:10:05.770  5334  7275 I DEBUG LOG: [03-08 01:10:05.770] [jni_protocol.cpp] [jni_notice_app_evt] [line 436] jni send evt notice to app evt type:111
03-08 01:10:05.812  5334  7275 I DEBUG LOG: [03-08 01:10:05.812] [protocol.c] [protocol_receive_data] [line 469] RX : 02 01 14 02 11 01 03 0D 01 00 01 00 28 02 01 03 03 00 00 00 
03-08 01:10:05.812  5334  7275 I DEBUG LOG: [03-08 01:10:05.812] [protocol_write.c] [protocol_write_vbus_control] [line 1293] stop resend evt:301(VBUS_EVT_APP_GET_DEVICE_INFO)
03-08 01:10:05.812  5334  7275 I DEBUG LOG: [03-08 01:10:05.812] [jni_protocol.cpp] [jni_notice_app_evt] [line 436] jni send evt notice to app evt type:301
03-08 01:10:07.129  5334  5334 I DEBUG LOG: [03-08 01:10:07.129] [jni_protocol.cpp] [Java_com_veryfit_multi_nativeprotocol_Protocol_SysEvtSet] [line 266] api sysEvtSet,intput evt base:VBUS_EVT_BASE_APP_GET evt:VBUS_EVT_APP_GET_DEVICE_INFO
03-08 01:10:07.130  5334  5334 I DEBUG LOG: [03-08 01:10:07.130] [protocol_write.c] [protocol_write_data_add] [line 236] add queue to send evt:301(VBUS_EVT_APP_GET_DEVICE_INFO)
03-08 01:10:07.130  5334  5334 I DEBUG LOG: [03-08 01:10:07.130] [protocol_write.c] [protocol_write_process] [line 108] mem_pop is success
03-08 01:10:07.130  5334  5334 I DEBUG LOG: [03-08 01:10:07.130] [protocol.c] [protocol_write_data] [line 235]   TX : 02 01 
03-08 01:10:07.131  5334  5334 I DEBUG LOG: [03-08 01:10:07.131] [jni_protocol.cpp] [jni_notice_app_tx_data] [line 345] jni send tx data to app data len:2
03-08 01:10:07.388  5334  7275 I DEBUG LOG: [03-08 01:10:07.388] [protocol.c] [protocol_receive_data] [line 469] RX : 02 01 14 02 11 01 03 0D 01 00 01 00 28 02 01 03 03 00 00 00 
03-08 01:10:07.388  5334  7275 I DEBUG LOG: [03-08 01:10:07.388] [protocol_write.c] [protocol_write_vbus_control] [line 1293] stop resend evt:301(VBUS_EVT_APP_GET_DEVICE_INFO)
03-08 01:10:07.389  5334  7275 I DEBUG LOG: [03-08 01:10:07.389] [jni_protocol.cpp] [jni_notice_app_evt] [line 436] jni send evt notice to app evt type:301
03-08 01:10:07.398  5334  5334 I DEBUG LOG: [03-08 01:10:07.398] [jni_protocol.cpp] [Java_com_veryfit_multi_nativeprotocol_Protocol_SysEvtSet] [line 266] api sysEvtSet,intput evt base:VBUS_EVT_BASE_APP_SET evt:515
03-08 01:10:07.398  5334  5334 I DEBUG LOG: [03-08 01:10:07.398] [protocol_write.c] [protocol_write_vbus_control] [line 949] warn:protocol write invalid evt:515
03-08 01:10:07.398  5334  5334 I DEBUG LOG: [03-08 01:10:07.398] [protocol_sync_config.c] [protocol_sync_config_evt_handle] [line 645] set sync config first bind evt
03-08 01:10:07.400  5334  5334 I DEBUG LOG: [03-08 01:10:07.400] [jni_protocol.cpp] [Java_com_veryfit_multi_nativeprotocol_Protocol_SysEvtSet] [line 266] api sysEvtSet,intput evt base:VBUS_EVT_BASE_APP_GET evt:VBUS_EVT_APP_GET_FUNC_TABLE_USER
03-08 01:10:07.400  5334  5334 I DEBUG LOG: [03-08 01:10:07.400] [protocol_write.c] [protocol_write_data_add] [line 236] add queue to send evt:302(VBUS_EVT_APP_GET_FUNC_TABLE)
03-08 01:10:07.400  5334  5334 I DEBUG LOG: [03-08 01:10:07.400] [protocol_write.c] [protocol_write_process] [line 108] mem_pop is success
03-08 01:10:07.400  5334  5334 I DEBUG LOG: [03-08 01:10:07.400] [protocol.c] [protocol_write_data] [line 235]   TX : 02 02 
03-08 01:10:07.400  5334  5334 I DEBUG LOG: [03-08 01:10:07.400] [jni_protocol.cpp] [jni_notice_app_tx_data] [line 345] jni send tx data to app data len:2
03-08 01:10:07.710  5334  5352 I DEBUG LOG: [03-08 01:10:07.710] [protocol.c] [protocol_receive_data] [line 469] RX : 02 02 FB 0A FF 4A 3F 6F E8 15 3F 0A 08 01 02 00 51 CF 0E 7E 
03-08 01:10:07.711  5334  5352 I DEBUG LOG: [03-08 01:10:07.711] [protocol_write.c] [protocol_write_vbus_control] [line 1293] stop resend evt:302(VBUS_EVT_APP_GET_FUNC_TABLE)
03-08 01:10:07.714  5334  5352 I DEBUG LOG: [03-08 01:10:07.714] [protocol_write.c] [protocol_write_data_add] [line 236] add queue to send evt:311(VBUS_EVT_APP_GET_FUNC_TABLE_EX)
03-08 01:10:07.714  5334  5352 I DEBUG LOG: [03-08 01:10:07.714] [protocol_write.c] [protocol_write_process] [line 108] mem_pop is success
03-08 01:10:07.714  5334  5352 I DEBUG LOG: [03-08 01:10:07.714] [protocol.c] [protocol_write_data] [line 235]   TX : 02 07 
03-08 01:10:07.715  5334  5352 I DEBUG LOG: [03-08 01:10:07.714] [jni_protocol.cpp] [jni_notice_app_tx_data] [line 345] jni send tx data to app data len:2
03-08 01:10:07.716  5334  5352 I DEBUG LOG: [03-08 01:10:07.716] [jni_protocol.cpp] [jni_notice_app_evt] [line 436] jni send evt notice to app evt type:302
03-08 01:10:08.029  5334  5352 I DEBUG LOG: [03-08 01:10:08.029] [protocol.c] [protocol_receive_data] [line 469] RX : 02 07 40 24 40 FF 38 4E D3 FF 0B 08 00 84 95 C7 06 01 00 34 
03-08 01:10:08.029  5334  5352 I DEBUG LOG: [03-08 01:10:08.029] [protocol_write.c] [protocol_write_vbus_control] [line 1293] stop resend evt:311(VBUS_EVT_APP_GET_FUNC_TABLE_EX)
03-08 01:10:08.031  5334  5352 I DEBUG LOG: [03-08 01:10:08.031] [protocol_write.c] [protocol_write_data_add] [line 236] add queue to send evt:317(VBUS_EVT_APP_GET_MTU_INFO)
03-08 01:10:08.031  5334  5352 I DEBUG LOG: [03-08 01:10:08.031] [protocol_write.c] [protocol_write_process] [line 108] mem_pop is success
03-08 01:10:08.031  5334  5352 I DEBUG LOG: [03-08 01:10:08.031] [protocol.c] [protocol_write_data] [line 235]   TX : 02 F0 
03-08 01:10:08.031  5334  5352 I DEBUG LOG: [03-08 01:10:08.031] [jni_protocol.cpp] [jni_notice_app_tx_data] [line 345] jni send tx data to app data len:2
03-08 01:10:08.033  5334  5352 I DEBUG LOG: [03-08 01:10:08.033] [protocol_v3_queue.c] [protocol_v3_queue_write_ex] [line 315] warn:v3 write data is null
03-08 01:10:08.035  5334  5352 I DEBUG LOG: [03-08 01:10:08.035] [protocol_v3_queue.c] [protocol_v3_queue_write_ex] [line 360] free ptr:tmp & queue_data
03-08 01:10:08.035  5334  5352 I DEBUG LOG: [03-08 01:10:08.035] [protocol_v3_queue.c] [protocol_v3_queue_write_ex] [line 362] v3 protocol add queue cmd id=0x1A nseq=0x2 send queue cout=1
03-08 01:10:08.036  5334  5352 I DEBUG LOG: [03-08 01:10:08.036] [protocol_v3_queue.c] [send_packet] [line 193] v3 protocol send packet cmd id=0x1A nseq=0x2
03-08 01:10:08.052  5334  5352 I DEBUG LOG: [03-08 01:10:08.052] [protocol_v3.c] [process_tx_buff] [line 88] v3 protocol write complete
03-08 01:10:08.052  5334  5352 I DEBUG LOG: [03-08 01:10:08.052] [protocol_v3.c] [process_tx_buff] [line 102] send data buff length:13,offset:0
03-08 01:10:08.052  5334  5352 I DEBUG LOG: [03-08 01:10:08.052] [protocol.c] [protocol_write_data] [line 235]   TX : 33 DA AD DA AD 01 0B 00 1A 00 02 00 5F F9 
03-08 01:10:08.052  5334  5352 I DEBUG LOG: [03-08 01:10:08.052] [jni_protocol.cpp] [jni_notice_app_tx_data] [line 345] jni send tx data to app data len:14
03-08 01:10:08.053  5334  5352 I DEBUG LOG: [03-08 01:10:08.053] [protocol_v3_queue.c] [send_packet] [line 208] v3 write data rel:0,free send buff
03-08 01:10:08.053  5334  5352 I DEBUG LOG: [03-08 01:10:08.053] [protocol_v3_queue.c] [process_queue] [line 265] free queue_data
03-08 01:10:08.053  5334  5352 I DEBUG LOG: [03-08 01:10:08.053] [jni_protocol.cpp] [jni_notice_app_evt] [line 436] jni send evt notice to app evt type:311
03-08 01:10:08.347  5334  5352 I DEBUG LOG: [03-08 01:10:08.347] [protocol.c] [protocol_receive_data] [line 469] RX : 02 F0 00 89 00 89 00 E8 03 8C 00 00 00 00 00 00 00 00 00 00 
03-08 01:10:08.347  5334  5352 I DEBUG LOG: [03-08 01:10:08.347] [protocol_write.c] [protocol_write_vbus_control] [line 1293] stop resend evt:317(VBUS_EVT_APP_GET_MTU_INFO)
03-08 01:10:08.348  5334  5352 I DEBUG LOG: [03-08 01:10:08.347] [protocol.c] [protocol_set_mtu] [line 773] set mtu tx:137 rx:137
03-08 01:10:08.348  5334  5352 I DEBUG LOG: [03-08 01:10:08.348] [jni_protocol.cpp] [jni_notice_app_evt] [line 436] jni send evt notice to app evt type:317
03-08 01:10:08.357  5334  5352 I DEBUG LOG: [03-08 01:10:08.357] [protocol_v3.c] [process_tx_buff] [line 88] v3 protocol write complete
03-08 01:10:08.358  5334  5352 I DEBUG LOG: [03-08 01:10:08.358] [protocol_v3.c] [process_tx_buff] [line 102] send data buff length:13,offset:13
03-08 01:10:08.358  5334  5352 I DEBUG LOG: [03-08 01:10:08.358] [protocol_v3.c] [send_end] [line 67] protocol cmd id:0x1A nseq:0x2 send end
03-08 01:10:08.658  5334  5352 I DEBUG LOG: [03-08 01:10:08.658] [protocol_v3.c] [process_tx_buff] [line 88] v3 protocol write complete
03-08 01:10:08.663  5334  5352 I DEBUG LOG: [03-08 01:10:08.663] [protocol.c] [protocol_receive_data] [line 469] RX : 33 DA AD DA AD 01 71 00 1A 00 02 00 01 09 40 00 00 00 00 00 00 00 04 00 00 00 00 00 00 00 00 00 00 00 00 00 00 00 00 00 00 00 00 00 00 00 00 00 00 00 00 00 00 00 00 00 00 00 00 00 00 00 00 00 00 00 00 00 00 00 00 00 00 00 00 00 00 00 00 00 00 00 00 00 00 00 00 00 00 00 00 00 00 00 00 00 00 00 00 00 00 00 00 00 00 00 00 00 00 00 00 00 00 00 FD DC 
03-08 01:10:08.663  5334  5352 I DEBUG LOG: [03-08 01:10:08.663] [protocol_v3.c] [protocol_v3_exec] [line 394] rec v3 protocol cmd id:0x1A,nseq:0x2,total length:113(+2Bytes CRC),cur get data length:115
03-08 01:10:08.663  5334  5352 I DEBUG LOG: [03-08 01:10:08.663] [protocol_v3_queue.c] [protocol_v3_rx_data_cb_handle] [line 109] rec v3 protocol cmd id:0x1A nseq:0x2 vserion: 0x1 complete,length:113(+2Bytes CRC)
03-08 01:10:08.664  5334  5352 I DEBUG LOG: [03-08 01:10:08.664] [protocol_v3_queue.c] [cmd_reply_process] [line 86] cmd 0x1A,nseq = 2,is reply
03-08 01:10:08.664  5334  5352 I DEBUG LOG: [03-08 01:10:08.664] [protocol_v3_queue.c] [process_queue] [line 269] warn:   queue is empty
03-08 01:10:08.665  5334  5352 I DEBUG LOG: [03-08 01:10:08.665] [jni_protocol.cpp] [jni_notice_app_evt] [line 436] jni send evt notice to app evt type:303
03-08 01:10:08.683  5334  5352 I DEBUG LOG: [03-08 01:10:08.683] [jni_protocol.cpp] [jni_notice_app_evt] [line 436] jni send evt notice to app evt type:5031
03-08 01:10:08.747  5334  5334 I DEBUG LOG: [03-08 01:10:08.747] [jni_protocol.cpp] [Java_com_veryfit_multi_nativeprotocol_Protocol_WriteJsonData] [line 612] app send protocol evt:200(VBUS_EVT_APP_BIND_START)
03-08 01:10:08.748  5334  5334 I DEBUG LOG: [03-08 01:10:08.748] [protocol.c] [protocol_write_data] [line 235]   TX : 04 01 F1 01 01 02 02 01 00 
03-08 01:10:08.748  5334  5334 I DEBUG LOG: [03-08 01:10:08.748] [jni_protocol.cpp] [jni_notice_app_tx_data] [line 345] jni send tx data to app data len:9
03-08 01:10:08.748  5334  5334 I DEBUG LOG: [03-08 01:10:08.748] [protocol_sync_config.c] [protocol_sync_config_evt_handle] [line 640] ==> first bind
03-08 01:10:09.619  5334  5352 I DEBUG LOG: [03-08 01:10:09.619] [protocol.c] [protocol_receive_data] [line 469] RX : 04 01 00 00 00 00 00 00 00 00 00 00 00 00 00 00 00 00 00 00 
03-08 01:10:09.619  5334  5352 I DEBUG LOG: [03-08 01:10:09.619] [protocol_exec.c] [protocol_exec_bind] [line 692] app request bind
03-08 01:10:09.619  5334  5352 I DEBUG LOG: [03-08 01:10:09.619] [jni_protocol.cpp] [jni_notice_app_evt] [line 436] jni send evt notice to app evt type:200
03-08 01:10:09.676  5334  5334 I DEBUG LOG: [03-08 01:10:09.676] [protocol_data.c] [protocol_set_mode] [line 30] set bind mode
03-08 01:10:09.684  5334  5334 I DEBUG LOG: [03-08 01:10:09.684] [jni_protocol.cpp] [Java_com_veryfit_multi_nativeprotocol_Protocol_WriteJsonData] [line 612] app send protocol evt:5514(5514)
03-08 01:10:09.685  5334  5334 I DEBUG LOG: [03-08 01:10:09.685] [protocol_v3_health_client.c] [protocol_v3_health_client_reset_sync_offset] [line 438] reset sync offset
03-08 01:10:09.685  5334  5334 I DEBUG LOG: [03-08 01:10:09.685] [protocol_v3_health_data_save.c] [protocol_v3_health_data_save_clear_all] [line 583] clean v3 health data save cout num
03-08 01:10:09.706  5334  5334 I DEBUG LOG: [03-08 01:10:09.705] [jni_protocol.cpp] [Java_com_veryfit_multi_nativeprotocol_Protocol_WriteJsonData] [line 612] app send protocol evt:150(VBUS_EVT_APP_SET_WEATHER_SWITCH)
03-08 01:10:09.706  5334  5334 I DEBUG LOG: [03-08 01:10:09.706] [protocol_write.c] [protocol_write_data_add] [line 236] add queue to send evt:150(VBUS_EVT_APP_SET_WEATHER_SWITCH)
03-08 01:10:09.706  5334  5334 I DEBUG LOG: [03-08 01:10:09.706] [protocol_write.c] [protocol_write_process] [line 108] mem_pop is success
03-08 01:10:09.706  5334  5334 I DEBUG LOG: [03-08 01:10:09.706] [protocol.c] [protocol_write_data] [line 235]   TX : 03 2D 55 00 00 00 
03-08 01:10:09.706  5334  5334 I DEBUG LOG: [03-08 01:10:09.706] [jni_protocol.cpp] [jni_notice_app_tx_data] [line 345] jni send tx data to app data len:6
03-08 01:10:09.746  5334  5334 I DEBUG LOG: [03-08 01:10:09.746] [jni_protocol.cpp] [Java_com_veryfit_multi_nativeprotocol_Protocol_funcTableOutputOnJsonFile] [line 903] jni api funcTableOutputOnJsonFile
03-08 01:10:09.755  5334  5334 I DEBUG LOG: [03-08 01:10:09.755] [protocol_func_table_output.cpp] [protocol_func_table_output_on_file] [line 1459] write function table on json file finish
03-08 01:10:10.079  5334  5334 I DEBUG LOG: [03-08 01:10:10.079] [jni_protocol.cpp] [Java_com_veryfit_multi_nativeprotocol_Protocol_WriteJsonData] [line 612] app send protocol evt:161(VBUS_EVT_APP_SET_CALORIE_DISTANCE_GOAL)
03-08 01:10:10.080  5334  5334 I DEBUG LOG: [03-08 01:10:10.080] [protocol_write.c] [protocol_write_data_add] [line 236] add queue to send evt:161(VBUS_EVT_APP_SET_CALORIE_DISTANCE_GOAL)
03-08 01:10:10.080  5334  5334 I DEBUG LOG: [03-08 01:10:10.080] [protocol_write.c] [protocol_write_process] [line 102] warn:queue cmd 0x3 0x2D not reply yet add queue to send failed,queue list size:1
03-08 01:10:10.083  5334  5334 I DEBUG LOG: [03-08 01:10:10.083] [jni_protocol.cpp] [Java_com_veryfit_multi_nativeprotocol_Protocol_AppControlAllConfigSync] [line 301] jni api AppControlAllConfigSync
03-08 01:10:11.229  5334  5352 I DEBUG LOG: [03-08 01:10:11.229] [protocol.c] [protocol_receive_data] [line 469] RX : 03 2D 00 00 00 00 00 00 00 00 00 00 00 00 00 00 00 00 00 00 
03-08 01:10:11.230  5334  5352 I DEBUG LOG: [03-08 01:10:11.230] [protocol_write.c] [protocol_write_vbus_control] [line 1293] stop resend evt:150(VBUS_EVT_APP_SET_WEATHER_SWITCH)
03-08 01:10:11.230  5334  5352 I DEBUG LOG: [03-08 01:10:11.230] [protocol_write.c] [protocol_write_process] [line 108] mem_pop is success
03-08 01:10:11.230  5334  5352 I DEBUG LOG: [03-08 01:10:11.230] [protocol.c] [protocol_write_data] [line 235]   TX : 03 43 F4 01 00 00 00 00 00 00 08 07 00 00 FA 00 0E 06 0C 00 
03-08 01:10:11.231  5334  5352 I DEBUG LOG: [03-08 01:10:11.231] [jni_protocol.cpp] [jni_notice_app_tx_data] [line 345] jni send tx data to app data len:20
03-08 01:10:11.233  5334  5352 I DEBUG LOG: [03-08 01:10:11.233] [jni_protocol.cpp] [jni_notice_app_evt] [line 436] jni send evt notice to app evt type:150
03-08 01:10:11.544  5334  7275 I DEBUG LOG: [03-08 01:10:11.543] [protocol.c] [protocol_receive_data] [line 469] RX : 03 43 00 00 00 00 00 00 00 00 00 00 00 00 00 00 00 00 00 00 
03-08 01:10:11.544  5334  7275 I DEBUG LOG: [03-08 01:10:11.544] [protocol_write.c] [protocol_write_vbus_control] [line 1293] stop resend evt:161(VBUS_EVT_APP_SET_CALORIE_DISTANCE_GOAL)
03-08 01:10:11.544  5334  7275 I DEBUG LOG: [03-08 01:10:11.544] [jni_protocol.cpp] [jni_notice_app_evt] [line 436] jni send evt notice to app evt type:161
03-08 01:10:16.973  5334  5334 I DEBUG LOG: [03-08 01:10:16.973] [jni_protocol.cpp] [Java_com_veryfit_multi_nativeprotocol_Protocol_WriteJsonData] [line 612] app send protocol evt:108(VBUS_EVT_APP_SET_UINT)
03-08 01:10:16.974  5334  5334 I DEBUG LOG: [03-08 01:10:16.974] [protocol_write.c] [protocol_write_data_add] [line 236] add queue to send evt:108(VBUS_EVT_APP_SET_UINT)
03-08 01:10:16.974  5334  5334 I DEBUG LOG: [03-08 01:10:16.974] [protocol_write.c] [protocol_write_process] [line 108] mem_pop is success
03-08 01:10:16.974  5334  5334 I DEBUG LOG: [03-08 01:10:16.974] [protocol.c] [protocol_write_data] [line 235]   TX : 03 11 01 01 01 00 02 01 00 00 00 01 01 01 01 00 00 
03-08 01:10:16.974  5334  5334 I DEBUG LOG: [03-08 01:10:16.974] [jni_protocol.cpp] [jni_notice_app_tx_data] [line 345] jni send tx data to app data len:17
03-08 01:10:18.431  5334  5681 I DEBUG LOG: [03-08 01:10:18.431] [protocol.c] [protocol_receive_data] [line 469] RX : 03 11 00 00 00 00 00 00 00 00 00 00 00 00 00 00 00 00 00 00 
03-08 01:10:18.431  5334  5681 I DEBUG LOG: [03-08 01:10:18.431] [protocol_write.c] [protocol_write_vbus_control] [line 1293] stop resend evt:108(VBUS_EVT_APP_SET_UINT)
03-08 01:10:18.432  5334  5681 I DEBUG LOG: [03-08 01:10:18.432] [jni_protocol.cpp] [jni_notice_app_evt] [line 436] jni send evt notice to app evt type:108
03-08 01:10:25.888  5334  5334 I DEBUG LOG: [03-08 01:10:25.888] [jni_protocol.cpp] [Java_com_veryfit_multi_nativeprotocol_Protocol_WriteJsonData] [line 612] app send protocol evt:108(VBUS_EVT_APP_SET_UINT)
03-08 01:10:25.890  5334  5334 I DEBUG LOG: [03-08 01:10:25.890] [protocol_write.c] [protocol_write_data_add] [line 236] add queue to send evt:108(VBUS_EVT_APP_SET_UINT)
03-08 01:10:25.890  5334  5334 I DEBUG LOG: [03-08 01:10:25.890] [protocol_write.c] [protocol_write_process] [line 108] mem_pop is success
03-08 01:10:25.890  5334  5334 I DEBUG LOG: [03-08 01:10:25.890] [protocol.c] [protocol_write_data] [line 235]   TX : 03 11 01 01 01 00 02 01 00 00 00 01 01 01 01 00 00 
03-08 01:10:25.890  5334  5334 I DEBUG LOG: [03-08 01:10:25.890] [jni_protocol.cpp] [jni_notice_app_tx_data] [line 345] jni send tx data to app data len:17
03-08 01:10:27.061  5334  5352 I DEBUG LOG: [03-08 01:10:27.061] [protocol.c] [protocol_receive_data] [line 469] RX : 03 11 00 00 00 00 00 00 00 00 00 00 00 00 00 00 00 00 00 00 
03-08 01:10:27.061  5334  5352 I DEBUG LOG: [03-08 01:10:27.061] [protocol_write.c] [protocol_write_vbus_control] [line 1293] stop resend evt:108(VBUS_EVT_APP_SET_UINT)
03-08 01:10:27.061  5334  5352 I DEBUG LOG: [03-08 01:10:27.061] [jni_protocol.cpp] [jni_notice_app_evt] [line 436] jni send evt notice to app evt type:108
03-08 01:10:32.268  5334  5334 I DEBUG LOG: [03-08 01:10:32.268] [jni_protocol.cpp] [Java_com_veryfit_multi_nativeprotocol_Protocol_SysEvtSet] [line 266] api sysEvtSet,intput evt base:VBUS_EVT_BASE_APP_GET evt:VBUS_EVT_APP_GET_DEVICE_INFO
03-08 01:10:32.268  5334  5334 I DEBUG LOG: [03-08 01:10:32.268] [protocol_write.c] [protocol_write_data_add] [line 236] add queue to send evt:301(VBUS_EVT_APP_GET_DEVICE_INFO)
03-08 01:10:32.268  5334  5334 I DEBUG LOG: [03-08 01:10:32.268] [protocol_write.c] [protocol_write_process] [line 108] mem_pop is success
03-08 01:10:32.268  5334  5334 I DEBUG LOG: [03-08 01:10:32.268] [protocol.c] [protocol_write_data] [line 235]   TX : 02 01 
03-08 01:10:32.268  5334  5334 I DEBUG LOG: [03-08 01:10:32.268] [jni_protocol.cpp] [jni_notice_app_tx_data] [line 345] jni send tx data to app data len:2
03-08 01:10:32.268  5334  5334 I DEBUG LOG: [03-08 01:10:32.268] [jni_protocol.cpp] [Java_com_veryfit_multi_nativeprotocol_Protocol_WriteJsonData] [line 612] app send protocol evt:321(VBUS_EVT_APP_GET_BATT_INFO)
03-08 01:10:32.269  5334  5334 I DEBUG LOG: [03-08 01:10:32.269] [protocol_write.c] [protocol_write_data_add] [line 236] add queue to send evt:321(VBUS_EVT_APP_GET_BATT_INFO)
03-08 01:10:32.269  5334  5334 I DEBUG LOG: [03-08 01:10:32.269] [protocol_write.c] [protocol_write_process] [line 102] warn:queue cmd 0x2 0x1 not reply yet add queue to send failed,queue list size:1
03-08 01:10:32.312  5334  5334 I DEBUG LOG: [03-08 01:10:32.312] [jni_protocol.cpp] [Java_com_veryfit_multi_nativeprotocol_Protocol_WriteJsonData] [line 612] app send protocol evt:5010(VBUS_EVT_FUNC_V3_SET_HR_MODE)
03-08 01:10:32.313  5334  5334 I DEBUG LOG: [03-08 01:10:32.313] [protocol_v3_queue.c] [protocol_v3_queue_write_ex] [line 360] free ptr:tmp & queue_data
03-08 01:10:32.313  5334  5334 I DEBUG LOG: [03-08 01:10:32.313] [protocol_v3_queue.c] [protocol_v3_queue_write_ex] [line 362] v3 protocol add queue cmd id=0x9 nseq=0x3 send queue cout=1
03-08 01:10:32.313  5334  5334 I DEBUG LOG: [03-08 01:10:32.313] [protocol_v3_queue.c] [send_packet] [line 193] v3 protocol send packet cmd id=0x9 nseq=0x3
03-08 01:10:32.313  5334  5334 I DEBUG LOG: [03-08 01:10:32.313] [protocol_v3.c] [process_tx_buff] [line 88] v3 protocol write complete
03-08 01:10:32.313  5334  5334 I DEBUG LOG: [03-08 01:10:32.313] [protocol_v3.c] [process_tx_buff] [line 102] send data buff length:25,offset:0
03-08 01:10:32.313  5334  5334 I DEBUG LOG: [03-08 01:10:32.313] [protocol.c] [protocol_write_data] [line 235]   TX : 33 DA AD DA AD 01 17 00 09 00 03 00 00 00 00 00 00 01 00 00 17 3B 00 00 B9 28 
03-08 01:10:32.313  5334  5334 I DEBUG LOG: [03-08 01:10:32.313] [jni_protocol.cpp] [jni_notice_app_tx_data] [line 345] jni send tx data to app data len:26
03-08 01:10:32.313  5334  5334 I DEBUG LOG: [03-08 01:10:32.313] [protocol_v3_queue.c] [send_packet] [line 208] v3 write data rel:0,free send buff
03-08 01:10:32.313  5334  5334 I DEBUG LOG: [03-08 01:10:32.313] [protocol_v3_queue.c] [process_queue] [line 265] free queue_data
03-08 01:10:32.336  5334  5334 I DEBUG LOG: [03-08 01:10:32.336] [jni_protocol.cpp] [Java_com_veryfit_multi_nativeprotocol_Protocol_WriteJsonData] [line 612] app send protocol evt:5010(VBUS_EVT_FUNC_V3_SET_HR_MODE)
03-08 01:10:32.337  5334  5334 I DEBUG LOG: [03-08 01:10:32.337] [protocol_v3_queue.c] [protocol_v3_queue_write_ex] [line 360] free ptr:tmp & queue_data
03-08 01:10:32.337  5334  5334 I DEBUG LOG: [03-08 01:10:32.337] [protocol_v3_queue.c] [protocol_v3_queue_write_ex] [line 362] v3 protocol add queue cmd id=0x9 nseq=0x4 send queue cout=1
03-08 01:10:32.337  5334  5334 I DEBUG LOG: [03-08 01:10:32.337] [protocol_v3_queue.c] [process_queue] [line 269] warn:  cmd is not reply 
03-08 01:10:32.337  5334  5334 I DEBUG LOG: [03-08 01:10:32.337] [protocol_v3_queue.c] [send_packet] [line 193] v3 protocol send packet cmd id=0x9 nseq=0x4
03-08 01:10:32.337  5334  5334 I DEBUG LOG: [03-08 01:10:32.337] [protocol_v3.c] [process_tx_buff] [line 88] v3 protocol write complete
03-08 01:10:32.337  5334  5334 I DEBUG LOG: [03-08 01:10:32.337] [protocol_v3.c] [process_tx_buff] [line 102] send data buff length:25,offset:0
03-08 01:10:32.337  5334  5334 I DEBUG LOG: [03-08 01:10:32.337] [protocol.c] [protocol_write_data] [line 235]   TX : 33 DA AD DA AD 01 17 00 09 00 04 00 00 00 00 00 00 01 00 00 17 3B 00 00 BF 58 
03-08 01:10:32.337  5334  5334 I DEBUG LOG: [03-08 01:10:32.337] [jni_protocol.cpp] [jni_notice_app_tx_data] [line 345] jni send tx data to app data len:26
03-08 01:10:32.338  5334  5334 I DEBUG LOG: [03-08 01:10:32.338] [protocol_v3_queue.c] [send_packet] [line 208] v3 write data rel:0,free send buff
03-08 01:10:32.338  5334  5334 I DEBUG LOG: [03-08 01:10:32.338] [protocol_v3_queue.c] [process_queue] [line 265] free queue_data
03-08 01:10:33.147  5334  5681 I DEBUG LOG: [03-08 01:10:33.147] [protocol.c] [protocol_receive_data] [line 469] RX : 02 01 14 02 11 01 03 0D 01 00 01 00 28 02 01 03 03 00 00 00 
03-08 01:10:33.148  5334  5681 I DEBUG LOG: [03-08 01:10:33.148] [protocol_write.c] [protocol_write_vbus_control] [line 1293] stop resend evt:301(VBUS_EVT_APP_GET_DEVICE_INFO)
03-08 01:10:33.148  5334  5681 I DEBUG LOG: [03-08 01:10:33.148] [protocol_write.c] [protocol_write_process] [line 108] mem_pop is success
03-08 01:10:33.148  5334  5681 I DEBUG LOG: [03-08 01:10:33.148] [protocol.c] [protocol_write_data] [line 235]   TX : 02 05 
03-08 01:10:33.148  5334  5681 I DEBUG LOG: [03-08 01:10:33.148] [jni_protocol.cpp] [jni_notice_app_tx_data] [line 345] jni send tx data to app data len:2
03-08 01:10:33.150  5334  5681 I DEBUG LOG: [03-08 01:10:33.150] [jni_protocol.cpp] [jni_notice_app_evt] [line 436] jni send evt notice to app evt type:301
03-08 01:10:33.158  5334  5681 I DEBUG LOG: [03-08 01:10:33.158] [protocol_v3.c] [process_tx_buff] [line 88] v3 protocol write complete
03-08 01:10:33.158  5334  5681 I DEBUG LOG: [03-08 01:10:33.158] [protocol_v3.c] [process_tx_buff] [line 102] send data buff length:25,offset:25
03-08 01:10:33.158  5334  5681 I DEBUG LOG: [03-08 01:10:33.158] [protocol_v3.c] [send_end] [line 67] protocol cmd id:0x9 nseq:0x4 send end
03-08 01:10:33.475  5334  5681 I DEBUG LOG: [03-08 01:10:33.475] [protocol_v3.c] [process_tx_buff] [line 88] v3 protocol write complete
03-08 01:10:33.479  5334  5681 I DEBUG LOG: [03-08 01:10:33.479] [protocol.c] [protocol_receive_data] [line 469] RX : 33 DA AD DA AD 01 1F 00 09 00 03 00 00 00 00 00 00 00 00 00 00 00 00 00 00 00 00 00 04 00 00 00 82 F1 
03-08 01:10:33.480  5334  5681 I DEBUG LOG: [03-08 01:10:33.480] [protocol_v3.c] [protocol_v3_exec] [line 394] rec v3 protocol cmd id:0x9,nseq:0x3,total length:31(+2Bytes CRC),cur get data length:33
03-08 01:10:33.480  5334  5681 I DEBUG LOG: [03-08 01:10:33.480] [protocol_v3_queue.c] [protocol_v3_rx_data_cb_handle] [line 109] rec v3 protocol cmd id:0x9 nseq:0x3 vserion: 0x1 complete,length:31(+2Bytes CRC)
03-08 01:10:33.480  5334  5681 I DEBUG LOG: [03-08 01:10:33.480] [jni_protocol.cpp] [jni_notice_app_evt] [line 436] jni send evt notice to app evt type:5010
03-08 01:10:33.790  5334  5681 I DEBUG LOG: [03-08 01:10:33.790] [protocol_v3.c] [process_tx_buff] [line 88] v3 protocol write complete
03-08 01:10:33.792  5334  5681 I DEBUG LOG: [03-08 01:10:33.792] [protocol.c] [protocol_receive_data] [line 469] RX : 33 DA AD DA AD 01 1F 00 09 00 04 00 00 00 00 00 00 00 00 00 00 00 00 00 00 00 00 00 04 00 00 00 AB E0 
03-08 01:10:33.793  5334  5681 I DEBUG LOG: [03-08 01:10:33.793] [protocol_v3.c] [protocol_v3_exec] [line 394] rec v3 protocol cmd id:0x9,nseq:0x4,total length:31(+2Bytes CRC),cur get data length:33
03-08 01:10:33.793  5334  5681 I DEBUG LOG: [03-08 01:10:33.793] [protocol_v3_queue.c] [protocol_v3_rx_data_cb_handle] [line 109] rec v3 protocol cmd id:0x9 nseq:0x4 vserion: 0x1 complete,length:31(+2Bytes CRC)
03-08 01:10:33.793  5334  5681 I DEBUG LOG: [03-08 01:10:33.793] [protocol_v3_queue.c] [cmd_reply_process] [line 86] cmd 0x9,nseq = 4,is reply
03-08 01:10:33.793  5334  5681 I DEBUG LOG: [03-08 01:10:33.793] [protocol_v3_queue.c] [process_queue] [line 269] warn:   queue is empty
03-08 01:10:33.794  5334  5681 I DEBUG LOG: [03-08 01:10:33.794] [jni_protocol.cpp] [jni_notice_app_evt] [line 436] jni send evt notice to app evt type:5010
03-08 01:10:34.109  5334  5681 I DEBUG LOG: [03-08 01:10:34.109] [protocol.c] [protocol_receive_data] [line 469] RX : 02 05 00 A0 0E 00 0D 00 00 00 00 00 00 00 00 00 00 00 00 00 
03-08 01:10:34.109  5334  5681 I DEBUG LOG: [03-08 01:10:34.109] [protocol_write.c] [protocol_write_vbus_control] [line 1293] stop resend evt:321(VBUS_EVT_APP_GET_BATT_INFO)
03-08 01:10:34.110  5334  5681 I DEBUG LOG: [03-08 01:10:34.110] [jni_protocol.cpp] [jni_notice_app_evt] [line 436] jni send evt notice to app evt type:321
03-08 01:10:39.130  5334  5334 I DEBUG LOG: [03-08 01:10:39.130] [jni_protocol.cpp] [Java_com_veryfit_multi_nativeprotocol_Protocol_WriteJsonData] [line 612] app send protocol evt:5007(5007)
03-08 01:10:39.131  5334  5334 I DEBUG LOG: [03-08 01:10:39.131] [protocol_v3_queue.c] [protocol_v3_queue_write_ex] [line 315] warn:v3 write data is null
03-08 01:10:39.131  5334  5334 I DEBUG LOG: [03-08 01:10:39.131] [protocol_v3_queue.c] [protocol_v3_queue_write_ex] [line 360] free ptr:tmp & queue_data
03-08 01:10:39.131  5334  5334 I DEBUG LOG: [03-08 01:10:39.131] [protocol_v3_queue.c] [protocol_v3_queue_write_ex] [line 362] v3 protocol add queue cmd id=0x7 nseq=0x5 send queue cout=1
03-08 01:10:39.131  5334  5334 I DEBUG LOG: [03-08 01:10:39.131] [protocol_v3_queue.c] [send_packet] [line 193] v3 protocol send packet cmd id=0x7 nseq=0x5
03-08 01:10:39.131  5334  5334 I DEBUG LOG: [03-08 01:10:39.131] [protocol_v3.c] [process_tx_buff] [line 88] v3 protocol write complete
03-08 01:10:39.131  5334  5334 I DEBUG LOG: [03-08 01:10:39.131] [protocol_v3.c] [process_tx_buff] [line 102] send data buff length:13,offset:0
03-08 01:10:39.131  5334  5334 I DEBUG LOG: [03-08 01:10:39.131] [protocol.c] [protocol_write_data] [line 235]   TX : 33 DA AD DA AD 01 0B 00 07 00 05 00 E9 42 
03-08 01:10:39.131  5334  5334 I DEBUG LOG: [03-08 01:10:39.131] [jni_protocol.cpp] [jni_notice_app_tx_data] [line 345] jni send tx data to app data len:14
03-08 01:10:39.132  5334  5334 I DEBUG LOG: [03-08 01:10:39.132] [protocol_v3_queue.c] [send_packet] [line 208] v3 write data rel:0,free send buff
03-08 01:10:39.132  5334  5334 I DEBUG LOG: [03-08 01:10:39.132] [protocol_v3_queue.c] [process_queue] [line 265] free queue_data
03-08 01:10:39.478  5334  5334 I DEBUG LOG: [03-08 01:10:39.478] [jni_protocol.cpp] [Java_com_veryfit_multi_nativeprotocol_Protocol_WriteJsonData] [line 612] app send protocol evt:107(VBUS_EVT_APP_SET_USER_INFO)
03-08 01:10:39.478  5334  5334 I DEBUG LOG: [03-08 01:10:39.478] [protocol_write.c] [protocol_write_data_add] [line 236] add queue to send evt:107(VBUS_EVT_APP_SET_USER_INFO)
03-08 01:10:39.478  5334  5334 I DEBUG LOG: [03-08 01:10:39.478] [protocol_write.c] [protocol_write_process] [line 108] mem_pop is success
03-08 01:10:39.478  5334  5334 I DEBUG LOG: [03-08 01:10:39.478] [protocol.c] [protocol_write_data] [line 235]   TX : 03 10 B4 40 1F 00 D6 07 03 01 
03-08 01:10:39.478  5334  5334 I DEBUG LOG: [03-08 01:10:39.478] [jni_protocol.cpp] [jni_notice_app_tx_data] [line 345] jni send tx data to app data len:10
03-08 01:10:40.632  5334  5429 I DEBUG LOG: [03-08 01:10:40.632] [protocol_v3.c] [re_send_timer_handle] [line 169] warn:send timeout resend (resend cout:1),resend evt id:7,nseq:5,byte offset:0
03-08 01:10:40.632  5334  5429 I DEBUG LOG: [03-08 01:10:40.632] [protocol_v3.c] [process_tx_buff] [line 88] v3 protocol write complete
03-08 01:10:40.632  5334  5429 I DEBUG LOG: [03-08 01:10:40.632] [protocol_v3.c] [process_tx_buff] [line 102] send data buff length:13,offset:0
03-08 01:10:40.632  5334  5429 I DEBUG LOG: [03-08 01:10:40.632] [protocol.c] [protocol_write_data] [line 235]   TX : 33 DA AD DA AD 01 0B 00 07 00 05 00 E9 42 
03-08 01:10:40.632  5334  5429 I DEBUG LOG: [03-08 01:10:40.632] [jni_protocol.cpp] [jni_notice_app_tx_data] [line 345] jni send tx data to app data len:14
03-08 01:10:40.832  5334  5334 I DEBUG LOG: [03-08 01:10:40.832] [jni_protocol.cpp] [Java_com_veryfit_multi_nativeprotocol_Protocol_SysEvtSet] [line 266] api sysEvtSet,intput evt base:VBUS_EVT_BASE_APP_GET evt:VBUS_EVT_APP_GET_DEVICE_INFO
03-08 01:10:40.832  5334  5334 I DEBUG LOG: [03-08 01:10:40.832] [protocol_write.c] [protocol_write_data_add] [line 236] add queue to send evt:301(VBUS_EVT_APP_GET_DEVICE_INFO)
03-08 01:10:40.832  5334  5334 I DEBUG LOG: [03-08 01:10:40.832] [protocol_write.c] [protocol_write_process] [line 102] warn:queue cmd 0x3 0x10 not reply yet add queue to send failed,queue list size:1
03-08 01:10:40.846  5334  5334 I DEBUG LOG: [03-08 01:10:40.846] [jni_protocol.cpp] [Java_com_veryfit_multi_nativeprotocol_Protocol_WriteJsonData] [line 612] app send protocol evt:108(VBUS_EVT_APP_SET_UINT)
03-08 01:10:40.847  5334  5334 I DEBUG LOG: [03-08 01:10:40.847] [protocol_write.c] [protocol_write_data_add] [line 236] add queue to send evt:108(VBUS_EVT_APP_SET_UINT)
03-08 01:10:40.848  5334  5334 I DEBUG LOG: [03-08 01:10:40.848] [protocol_write.c] [protocol_write_process] [line 102] warn:queue cmd 0x3 0x10 not reply yet add queue to send failed,queue list size:2
03-08 01:10:40.853  5334  5334 I DEBUG LOG: [03-08 01:10:40.853] [jni_protocol.cpp] [Java_com_veryfit_multi_nativeprotocol_Protocol_WriteJsonData] [line 612] app send protocol evt:5007(5007)
03-08 01:10:40.854  5334  5334 I DEBUG LOG: [03-08 01:10:40.854] [protocol_v3_queue.c] [protocol_v3_queue_write_ex] [line 315] warn:v3 write data is null
03-08 01:10:40.854  5334  5334 I DEBUG LOG: [03-08 01:10:40.854] [protocol_v3_queue.c] [protocol_v3_queue_write_ex] [line 360] free ptr:tmp & queue_data
03-08 01:10:40.854  5334  5334 I DEBUG LOG: [03-08 01:10:40.854] [protocol_v3_queue.c] [protocol_v3_queue_write_ex] [line 362] v3 protocol add queue cmd id=0x7 nseq=0x6 send queue cout=1
03-08 01:10:40.854  5334  5334 I DEBUG LOG: [03-08 01:10:40.854] [protocol_v3_queue.c] [process_queue] [line 269] warn:  cmd is not reply 
03-08 01:10:40.854  5334  5334 I DEBUG LOG: [03-08 01:10:40.854] [protocol_v3_queue.c] [send_packet] [line 193] v3 protocol send packet cmd id=0x7 nseq=0x6
03-08 01:10:40.854  5334  5334 I DEBUG LOG: [03-08 01:10:40.854] [protocol_v3.c] [process_tx_buff] [line 88] v3 protocol write complete
03-08 01:10:40.854  5334  5334 I DEBUG LOG: [03-08 01:10:40.854] [protocol_v3.c] [process_tx_buff] [line 102] send data buff length:13,offset:0
03-08 01:10:40.854  5334  5334 I DEBUG LOG: [03-08 01:10:40.854] [protocol.c] [protocol_write_data] [line 235]   TX : 33 DA AD DA AD 01 0B 00 07 00 06 00 BA 17 
03-08 01:10:40.854  5334  5334 I DEBUG LOG: [03-08 01:10:40.854] [jni_protocol.cpp] [jni_notice_app_tx_data] [line 345] jni send tx data to app data len:14
03-08 01:10:40.855  5334  5334 I DEBUG LOG: [03-08 01:10:40.855] [protocol_v3_queue.c] [send_packet] [line 208] v3 write data rel:0,free send buff
03-08 01:10:40.855  5334  5334 I DEBUG LOG: [03-08 01:10:40.855] [protocol_v3_queue.c] [process_queue] [line 265] free queue_data
03-08 01:10:40.985  5334  7275 I DEBUG LOG: [03-08 01:10:40.985] [protocol_v3.c] [process_tx_buff] [line 88] v3 protocol write complete
03-08 01:10:40.985  5334  7275 I DEBUG LOG: [03-08 01:10:40.985] [protocol_v3.c] [process_tx_buff] [line 102] send data buff length:13,offset:13
03-08 01:10:40.985  5334  7275 I DEBUG LOG: [03-08 01:10:40.985] [protocol_v3.c] [send_end] [line 67] protocol cmd id:0x7 nseq:0x6 send end
03-08 01:10:40.991  5334  7275 I DEBUG LOG: [03-08 01:10:40.991] [protocol.c] [protocol_receive_data] [line 469] RX : 33 DA AD DA AD 01 1E 00 07 00 05 00 42 61 6E 64 20 38 00 00 00 00 78 00 F0 00 85 00 00 00 04 BD 64 
03-08 01:10:40.991  5334  7275 I DEBUG LOG: [03-08 01:10:40.991] [protocol_v3.c] [protocol_v3_exec] [line 394] rec v3 protocol cmd id:0x7,nseq:0x5,total length:30(+2Bytes CRC),cur get data length:32
03-08 01:10:40.991  5334  7275 I DEBUG LOG: [03-08 01:10:40.991] [protocol_v3_queue.c] [protocol_v3_rx_data_cb_handle] [line 109] rec v3 protocol cmd id:0x7 nseq:0x5 vserion: 0x1 complete,length:30(+2Bytes CRC)
03-08 01:10:41.146  5334  5334 I DEBUG LOG: [03-08 01:10:41.145] [jni_protocol.cpp] [Java_com_veryfit_multi_nativeprotocol_Protocol_WriteJsonData] [line 612] app send protocol evt:107(VBUS_EVT_APP_SET_USER_INFO)
03-08 01:10:41.147  5334  5334 I DEBUG LOG: [03-08 01:10:41.147] [protocol_write.c] [protocol_write_data_add] [line 236] add queue to send evt:107(VBUS_EVT_APP_SET_USER_INFO)
03-08 01:10:41.147  5334  5334 I DEBUG LOG: [03-08 01:10:41.147] [protocol_write.c] [protocol_write_process] [line 102] warn:queue cmd 0x3 0x10 not reply yet add queue to send failed,queue list size:3
03-08 01:10:41.297  5334  5681 I DEBUG LOG: [03-08 01:10:41.297] [protocol_v3.c] [process_tx_buff] [line 88] v3 protocol write complete
03-08 01:10:41.297  5334  5681 I DEBUG LOG: [03-08 01:10:41.297] [protocol.c] [protocol_receive_data] [line 469] RX : 03 10 00 00 00 00 00 00 00 00 00 00 00 00 00 00 00 00 00 00 
03-08 01:10:41.297  5334  5681 I DEBUG LOG: [03-08 01:10:41.297] [protocol_write.c] [protocol_write_vbus_control] [line 1293] stop resend evt:107(VBUS_EVT_APP_SET_USER_INFO)
03-08 01:10:41.298  5334  5681 I DEBUG LOG: [03-08 01:10:41.298] [protocol_write.c] [protocol_write_process] [line 108] mem_pop is success
03-08 01:10:41.298  5334  5681 I DEBUG LOG: [03-08 01:10:41.298] [protocol.c] [protocol_write_data] [line 235]   TX : 02 01 
03-08 01:10:41.298  5334  5681 I DEBUG LOG: [03-08 01:10:41.298] [jni_protocol.cpp] [jni_notice_app_tx_data] [line 345] jni send tx data to app data len:2
03-08 01:10:41.298  5334  5681 I DEBUG LOG: [03-08 01:10:41.298] [jni_protocol.cpp] [jni_notice_app_evt] [line 436] jni send evt notice to app evt type:107
03-08 01:10:41.314  5334  5334 I DEBUG LOG: [03-08 01:10:41.314] [jni_protocol.cpp] [Java_com_veryfit_multi_nativeprotocol_Protocol_WriteJsonData] [line 612] app send protocol evt:174(174)
03-08 01:10:41.314  5334  5334 I DEBUG LOG: [03-08 01:10:41.314] [protocol_write.c] [protocol_write_data_add] [line 236] add queue to send evt:174(174)
03-08 01:10:41.314  5334  5334 I DEBUG LOG: [03-08 01:10:41.314] [protocol_write.c] [protocol_write_process] [line 102] warn:queue cmd 0x2 0x1 not reply yet add queue to send failed,queue list size:3
03-08 01:10:41.619  5334  5681 I DEBUG LOG: [03-08 01:10:41.619] [protocol_v3.c] [process_tx_buff] [line 88] v3 protocol write complete
03-08 01:10:41.621  5334  5681 I DEBUG LOG: [03-08 01:10:41.621] [protocol.c] [protocol_receive_data] [line 469] RX : 33 DA AD DA AD 01 1E 00 07 00 05 00 42 61 6E 64 20 38 00 00 00 00 78 00 F0 00 85 00 00 00 04 BD 64 
03-08 01:10:41.621  5334  5681 I DEBUG LOG: [03-08 01:10:41.621] [protocol_v3.c] [protocol_v3_exec] [line 394] rec v3 protocol cmd id:0x7,nseq:0x5,total length:30(+2Bytes CRC),cur get data length:32
03-08 01:10:41.621  5334  5681 I DEBUG LOG: [03-08 01:10:41.621] [protocol_v3_queue.c] [protocol_v3_rx_data_cb_handle] [line 109] rec v3 protocol cmd id:0x7 nseq:0x5 vserion: 0x1 complete,length:30(+2Bytes CRC)
03-08 01:10:41.942  5334  5681 I DEBUG LOG: [03-08 01:10:41.942] [protocol_v3.c] [process_tx_buff] [line 88] v3 protocol write complete
03-08 01:10:41.943  5334  5681 I DEBUG LOG: [03-08 01:10:41.943] [protocol.c] [protocol_receive_data] [line 469] RX : 33 DA AD DA AD 01 1E 00 07 00 06 00 42 61 6E 64 20 38 00 00 00 00 78 00 F0 00 85 00 00 00 04 86 0A 
03-08 01:10:41.943  5334  5681 I DEBUG LOG: [03-08 01:10:41.943] [protocol_v3.c] [protocol_v3_exec] [line 394] rec v3 protocol cmd id:0x7,nseq:0x6,total length:30(+2Bytes CRC),cur get data length:32
03-08 01:10:41.943  5334  5681 I DEBUG LOG: [03-08 01:10:41.943] [protocol_v3_queue.c] [protocol_v3_rx_data_cb_handle] [line 109] rec v3 protocol cmd id:0x7 nseq:0x6 vserion: 0x1 complete,length:30(+2Bytes CRC)
03-08 01:10:41.943  5334  5681 I DEBUG LOG: [03-08 01:10:41.943] [protocol_v3_queue.c] [cmd_reply_process] [line 86] cmd 0x7,nseq = 6,is reply
03-08 01:10:41.943  5334  5681 I DEBUG LOG: [03-08 01:10:41.943] [protocol_v3_queue.c] [process_queue] [line 269] warn:   queue is empty
03-08 01:10:42.257  5334  7275 I DEBUG LOG: [03-08 01:10:42.257] [protocol.c] [protocol_receive_data] [line 469] RX : 02 01 14 02 11 01 03 0D 01 00 01 00 28 02 01 03 03 00 00 00 
03-08 01:10:42.257  5334  7275 I DEBUG LOG: [03-08 01:10:42.257] [protocol_write.c] [protocol_write_vbus_control] [line 1293] stop resend evt:301(VBUS_EVT_APP_GET_DEVICE_INFO)
03-08 01:10:42.257  5334  7275 I DEBUG LOG: [03-08 01:10:42.257] [protocol_write.c] [protocol_write_process] [line 108] mem_pop is success
03-08 01:10:42.257  5334  7275 I DEBUG LOG: [03-08 01:10:42.257] [protocol.c] [protocol_write_data] [line 235]   TX : 03 11 01 01 01 00 02 01 00 00 00 01 01 01 01 00 00 
03-08 01:10:42.257  5334  7275 I DEBUG LOG: [03-08 01:10:42.257] [jni_protocol.cpp] [jni_notice_app_tx_data] [line 345] jni send tx data to app data len:17
03-08 01:10:42.258  5334  7275 I DEBUG LOG: [03-08 01:10:42.258] [jni_protocol.cpp] [jni_notice_app_evt] [line 436] jni send evt notice to app evt type:301
03-08 01:10:42.584  5334  5676 I DEBUG LOG: [03-08 01:10:42.584] [protocol.c] [protocol_receive_data] [line 469] RX : 03 11 00 00 00 00 00 00 00 00 00 00 00 00 00 00 00 00 00 00 
03-08 01:10:42.584  5334  5676 I DEBUG LOG: [03-08 01:10:42.584] [protocol_write.c] [protocol_write_vbus_control] [line 1293] stop resend evt:108(VBUS_EVT_APP_SET_UINT)
03-08 01:10:42.584  5334  5676 I DEBUG LOG: [03-08 01:10:42.584] [protocol_write.c] [protocol_write_process] [line 108] mem_pop is success
03-08 01:10:42.584  5334  5676 I DEBUG LOG: [03-08 01:10:42.584] [protocol.c] [protocol_write_data] [line 235]   TX : 03 10 B4 40 1F 00 D6 07 03 01 
03-08 01:10:42.584  5334  5676 I DEBUG LOG: [03-08 01:10:42.584] [jni_protocol.cpp] [jni_notice_app_tx_data] [line 345] jni send tx data to app data len:10
03-08 01:10:42.584  5334  5676 I DEBUG LOG: [03-08 01:10:42.584] [jni_protocol.cpp] [jni_notice_app_evt] [line 436] jni send evt notice to app evt type:108
03-08 01:10:43.356  5334  5334 I DEBUG LOG: [03-08 01:10:43.356] [jni_protocol.cpp] [Java_com_veryfit_multi_nativeprotocol_Protocol_WriteJsonData] [line 612] app send protocol evt:157(VBUS_EVT_APP_SET_CONN_PARAM)
03-08 01:10:43.357  5334  5334 I DEBUG LOG: [03-08 01:10:43.357] [protocol_write.c] [protocol_write_data_add] [line 236] add queue to send evt:157(VBUS_EVT_APP_SET_CONN_PARAM)
03-08 01:10:43.357  5334  5334 I DEBUG LOG: [03-08 01:10:43.357] [protocol_write.c] [protocol_write_process] [line 102] warn:queue cmd 0x3 0x10 not reply yet add queue to send failed,queue list size:2
03-08 01:10:43.382  5334  5334 I DEBUG LOG: [03-08 01:10:43.382] [jni_protocol.cpp] [Java_com_veryfit_multi_nativeprotocol_Protocol_WriteJsonData] [line 612] app send protocol evt:108(VBUS_EVT_APP_SET_UINT)
03-08 01:10:43.383  5334  5334 I DEBUG LOG: [03-08 01:10:43.383] [protocol_write.c] [protocol_write_data_add] [line 236] add queue to send evt:108(VBUS_EVT_APP_SET_UINT)
03-08 01:10:43.383  5334  5334 I DEBUG LOG: [03-08 01:10:43.383] [protocol_write.c] [protocol_write_process] [line 102] warn:queue cmd 0x3 0x10 not reply yet add queue to send failed,queue list size:3
03-08 01:10:44.187  5334  5681 I DEBUG LOG: [03-08 01:10:44.187] [protocol.c] [protocol_receive_data] [line 469] RX : 03 10 00 00 00 00 00 00 00 00 00 00 00 00 00 00 00 00 00 00 
03-08 01:10:44.187  5334  5681 I DEBUG LOG: [03-08 01:10:44.187] [protocol_write.c] [protocol_write_vbus_control] [line 1293] stop resend evt:107(VBUS_EVT_APP_SET_USER_INFO)
03-08 01:10:44.187  5334  5681 I DEBUG LOG: [03-08 01:10:44.187] [protocol_write.c] [protocol_write_process] [line 108] mem_pop is success
03-08 01:10:44.187  5334  5681 I DEBUG LOG: [03-08 01:10:44.187] [protocol.c] [protocol_write_data] [line 235]   TX : 03 E3 10 02 
03-08 01:10:44.187  5334  5681 I DEBUG LOG: [03-08 01:10:44.187] [jni_protocol.cpp] [jni_notice_app_tx_data] [line 345] jni send tx data to app data len:4
03-08 01:10:44.188  5334  5681 I DEBUG LOG: [03-08 01:10:44.188] [jni_protocol.cpp] [jni_notice_app_evt] [line 436] jni send evt notice to app evt type:107
03-08 01:10:44.504  5334  5681 I DEBUG LOG: [03-08 01:10:44.504] [protocol.c] [protocol_receive_data] [line 469] RX : 03 E3 01 00 00 00 00 00 00 00 00 00 00 00 00 00 00 00 00 00 
03-08 01:10:44.504  5334  5681 I DEBUG LOG: [03-08 01:10:44.504] [protocol_write.c] [protocol_write_vbus_control] [line 1293] stop resend evt:174(174)
03-08 01:10:44.504  5334  5681 I DEBUG LOG: [03-08 01:10:44.504] [protocol_write.c] [protocol_write_process] [line 108] mem_pop is success
03-08 01:10:44.504  5334  5681 I DEBUG LOG: [03-08 01:10:44.504] [protocol.c] [protocol_write_data] [line 235]   TX : 03 35 01 00 00 00 00 00 00 00 00 00 
03-08 01:10:44.504  5334  5681 I DEBUG LOG: [03-08 01:10:44.504] [jni_protocol.cpp] [jni_notice_app_tx_data] [line 345] jni send tx data to app data len:12
03-08 01:10:44.504  5334  5681 I DEBUG LOG: [03-08 01:10:44.504] [jni_protocol.cpp] [jni_notice_app_evt] [line 436] jni send evt notice to app evt type:174
03-08 01:10:46.500  5334  5334 I DEBUG LOG: [03-08 01:10:46.500] [protocol_sync_config.c] [protocol_sync_config_start] [line 473] sync config start
03-08 01:10:46.500  5334  5334 I DEBUG LOG: [03-08 01:10:46.500] [protocol_sync_config.c] [protocol_sync_config_stop] [line 500] sync config stop
03-08 01:10:46.500  5334  5334 I DEBUG LOG: [03-08 01:10:46.500] [protocol_write.c] [protocol_write_clean_resend_buf] [line 315] clean protocol resend buf
03-08 01:10:46.507  5334  5334 I DEBUG LOG: [03-08 01:10:46.507] [jni_protocol.cpp] [Java_com_veryfit_multi_nativeprotocol_Protocol_WriteJsonData] [line 612] app send protocol evt:108(VBUS_EVT_APP_SET_UINT)
03-08 01:10:46.508  5334  5334 I DEBUG LOG: [03-08 01:10:46.508] [protocol_write.c] [protocol_write_data_add] [line 200] cur sync evt:300 intput evt:108
03-08 01:10:46.508  5334  5334 I DEBUG LOG: [03-08 01:10:46.508] [protocol_write.c] [protocol_write_data_add] [line 236] add queue to send evt:108(VBUS_EVT_APP_SET_UINT)
03-08 01:10:46.508  5334  5334 I DEBUG LOG: [03-08 01:10:46.508] [protocol_write.c] [protocol_write_process] [line 108] mem_pop is success
