03-07 23:59:43.347  4046 30183 I DEBUG LOG: [03-07 23:59:43.347] [jni_protocol.cpp] [Java_com_veryfit_multi_nativeprotocol_Protocol_WriteJsonData] [line 612] app send protocol evt:5007(5007)
03-07 23:59:43.348  4046 30183 I DEBUG LOG: [03-07 23:59:43.348] [protocol_v3_queue.c] [protocol_v3_queue_write_ex] [line 315] warn:v3 write data is null
03-07 23:59:43.348  4046 30183 I DEBUG LOG: [03-07 23:59:43.348] [protocol_v3_queue.c] [protocol_v3_queue_write_ex] [line 360] free ptr:tmp & queue_data
03-07 23:59:43.348  4046 30183 I DEBUG LOG: [03-07 23:59:43.348] [protocol_v3_queue.c] [protocol_v3_queue_write_ex] [line 362] v3 protocol add queue cmd id=0x7 nseq=0x150 send queue cout=1
03-07 23:59:43.348  4046 30183 I DEBUG LOG: [03-07 23:59:43.348] [protocol_v3_queue.c] [send_packet] [line 193] v3 protocol send packet cmd id=0x7 nseq=0x150
03-07 23:59:43.348  4046 30183 I DEBUG LOG: [03-07 23:59:43.348] [protocol_v3.c] [process_tx_buff] [line 88] v3 protocol write complete
03-07 23:59:43.348  4046 30183 I DEBUG LOG: [03-07 23:59:43.348] [protocol_v3.c] [process_tx_buff] [line 102] send data buff length:13,offset:0
03-07 23:59:43.348  4046 30183 I DEBUG LOG: [03-07 23:59:43.348] [protocol.c] [protocol_write_data] [line 235]   TX : 33 DA AD DA AD 01 0B 00 07 00 50 01 82 A3 
03-07 23:59:43.348  4046 30183 I DEBUG LOG: [03-07 23:59:43.348] [jni_protocol.cpp] [jni_notice_app_tx_data] [line 345] jni send tx data to app data len:14
03-07 23:59:43.349  4046 30183 I DEBUG LOG: [03-07 23:59:43.349] [protocol_v3_queue.c] [send_packet] [line 208] v3 write data rel:0,free send buff
03-07 23:59:43.349  4046 30183 I DEBUG LOG: [03-07 23:59:43.349] [protocol_v3_queue.c] [process_queue] [line 265] free queue_data
03-07 23:59:44.039  4046  9735 I DEBUG LOG: [03-07 23:59:44.039] [protocol_v3.c] [process_tx_buff] [line 88] v3 protocol write complete
03-07 23:59:44.039  4046  9735 I DEBUG LOG: [03-07 23:59:44.039] [protocol_v3.c] [process_tx_buff] [line 102] send data buff length:13,offset:13
03-07 23:59:44.039  4046  9735 I DEBUG LOG: [03-07 23:59:44.039] [protocol_v3.c] [send_end] [line 67] protocol cmd id:0x7 nseq:0x150 send end
03-07 23:59:44.044  4046  9735 I DEBUG LOG: [03-07 23:59:44.044] [protocol.c] [protocol_receive_data] [line 469] RX : 33 DA AD DA AD 01 1E 00 07 00 50 01 42 61 6E 64 20 38 00 00 00 00 78 00 F0 00 85 00 00 00 04 F8 76 
03-07 23:59:44.044  4046  9735 I DEBUG LOG: [03-07 23:59:44.044] [protocol_v3.c] [protocol_v3_exec] [line 394] rec v3 protocol cmd id:0x7,nseq:0x150,total length:30(+2Bytes CRC),cur get data length:32
03-07 23:59:44.044  4046  9735 I DEBUG LOG: [03-07 23:59:44.044] [protocol_v3_queue.c] [protocol_v3_rx_data_cb_handle] [line 109] rec v3 protocol cmd id:0x7 nseq:0x150 vserion: 0x1 complete,length:30(+2Bytes CRC)
03-07 23:59:44.044  4046  9735 I DEBUG LOG: [03-07 23:59:44.044] [protocol_v3_queue.c] [cmd_reply_process] [line 86] cmd 0x7,nseq = 336,is reply
03-07 23:59:44.044  4046  9735 I DEBUG LOG: [03-07 23:59:44.044] [protocol_v3_queue.c] [process_queue] [line 269] warn:   queue is empty
03-07 23:59:44.066  4046  4046 I DEBUG LOG: [03-07 23:59:44.066] [jni_protocol.cpp] [Java_com_veryfit_multi_nativeprotocol_Protocol_WriteJsonData] [line 612] app send protocol evt:5009(5009)
03-07 23:59:44.157  4046  4046 I DEBUG LOG: [03-07 23:59:44.157] [jni_protocol.cpp] [Java_com_veryfit_multi_nativeprotocol_Protocol_WriteJsonData] [line 612] app send protocol evt:157(VBUS_EVT_APP_SET_CONN_PARAM)
03-07 23:59:44.158  4046  4046 I DEBUG LOG: [03-07 23:59:44.158] [protocol_write.c] [protocol_write_data_add] [line 236] add queue to send evt:157(VBUS_EVT_APP_SET_CONN_PARAM)
03-07 23:59:44.158  4046  4046 I DEBUG LOG: [03-07 23:59:44.158] [protocol_write.c] [protocol_write_process] [line 108] mem_pop is success
03-07 23:59:44.158  4046  4046 I DEBUG LOG: [03-07 23:59:44.158] [protocol.c] [protocol_write_data] [line 235]   TX : 03 35 00 00 00 00 00 00 00 00 00 00 
03-07 23:59:44.158  4046  4046 I DEBUG LOG: [03-07 23:59:44.158] [jni_protocol.cpp] [jni_notice_app_tx_data] [line 345] jni send tx data to app data len:12
03-07 23:59:44.358  4046  9735 I DEBUG LOG: [03-07 23:59:44.358] [protocol.c] [protocol_receive_data] [line 469] RX : 03 35 02 07 00 00 00 00 00 00 00 00 00 00 00 00 00 00 00 00 
03-07 23:59:44.358  4046  9735 I DEBUG LOG: [03-07 23:59:44.358] [protocol_write.c] [protocol_write_vbus_control] [line 1293] stop resend evt:157(VBUS_EVT_APP_SET_CONN_PARAM)
03-07 23:59:44.358  4046  9735 I DEBUG LOG: [03-07 23:59:44.358] [jni_protocol.cpp] [jni_notice_app_evt] [line 436] jni send evt notice to app evt type:157
03-07 23:59:44.387  4046  4046 I DEBUG LOG: [03-07 23:59:44.387] [jni_protocol.cpp] [Java_com_veryfit_multi_nativeprotocol_Protocol_WriteJsonData] [line 612] app send protocol evt:157(VBUS_EVT_APP_SET_CONN_PARAM)
03-07 23:59:44.389  4046  4046 I DEBUG LOG: [03-07 23:59:44.389] [protocol_write.c] [protocol_write_data_add] [line 236] add queue to send evt:157(VBUS_EVT_APP_SET_CONN_PARAM)
03-07 23:59:44.390  4046  4046 I DEBUG LOG: [03-07 23:59:44.390] [protocol_write.c] [protocol_write_process] [line 108] mem_pop is success
03-07 23:59:44.390  4046  4046 I DEBUG LOG: [03-07 23:59:44.390] [protocol.c] [protocol_write_data] [line 235]   TX : 03 35 01 00 00 00 00 00 00 00 00 00 
03-07 23:59:44.390  4046  4046 I DEBUG LOG: [03-07 23:59:44.390] [jni_protocol.cpp] [jni_notice_app_tx_data] [line 345] jni send tx data to app data len:12
03-07 23:59:44.699  4046  6425 I DEBUG LOG: [03-07 23:59:44.699] [protocol.c] [protocol_receive_data] [line 469] RX : 03 35 02 00 00 00 00 00 00 00 00 00 00 00 00 00 00 00 00 00 
03-07 23:59:44.699  4046  6425 I DEBUG LOG: [03-07 23:59:44.699] [protocol_write.c] [protocol_write_vbus_control] [line 1293] stop resend evt:157(VBUS_EVT_APP_SET_CONN_PARAM)
03-07 23:59:44.699  4046  6425 I DEBUG LOG: [03-07 23:59:44.699] [jni_protocol.cpp] [jni_notice_app_evt] [line 436] jni send evt notice to app evt type:157
03-07 23:59:44.719  4046  4046 I DEBUG LOG: [03-07 23:59:44.719] [protocol_write.c] [protocol_write_data_add] [line 236] add queue to send evt:317(VBUS_EVT_APP_GET_MTU_INFO)
03-07 23:59:44.719  4046  4046 I DEBUG LOG: [03-07 23:59:44.719] [protocol_write.c] [protocol_write_process] [line 108] mem_pop is success
03-07 23:59:44.719  4046  4046 I DEBUG LOG: [03-07 23:59:44.719] [protocol.c] [protocol_write_data] [line 235]   TX : 02 F0 
03-07 23:59:44.719  4046  4046 I DEBUG LOG: [03-07 23:59:44.719] [jni_protocol.cpp] [jni_notice_app_tx_data] [line 345] jni send tx data to app data len:2
03-07 23:59:44.754  4046  4155 I DEBUG LOG: [03-07 23:59:44.754] [protocol.c] [protocol_write_data] [line 235]   TX : D1 01 FF 2A D2 00 00 02 77 69 74 63 68 32 2E 69 77 66 2E 6C 7A 
03-07 23:59:44.754  4046  4155 I DEBUG LOG: [03-07 23:59:44.754] [jni_protocol.cpp] [jni_notice_app_tx_data] [line 345] jni send tx data to app data len:21
03-07 23:59:45.003  4046  6425 I DEBUG LOG: [03-07 23:59:45.003] [protocol.c] [protocol_receive_data] [line 469] RX : 02 F0 00 89 00 89 00 E8 03 8C 00 00 00 00 00 00 00 00 00 00 
03-07 23:59:45.003  4046  6425 I DEBUG LOG: [03-07 23:59:45.003] [protocol_write.c] [protocol_write_vbus_control] [line 1293] stop resend evt:317(VBUS_EVT_APP_GET_MTU_INFO)
03-07 23:59:45.003  4046  6425 I DEBUG LOG: [03-07 23:59:45.003] [protocol.c] [protocol_set_mtu] [line 773] set mtu tx:137 rx:137
03-07 23:59:45.003  4046  6425 I DEBUG LOG: [03-07 23:59:45.003] [jni_protocol.cpp] [jni_notice_app_evt] [line 436] jni send evt notice to app evt type:317
03-07 23:59:45.319  4046  6425 I DEBUG LOG: [03-07 23:59:45.319] [protocol.c] [protocol_receive_data] [line 469] RX : D1 01 00 00 00 00 00 00 00 00 00 00 00 00 00 00 00 00 00 00 
03-07 23:59:45.350  4046  4155 I DEBUG LOG: [03-07 23:59:45.350] [protocol.c] [protocol_write_data] [line 235]   TX : D1 05 0A 
03-07 23:59:45.350  4046  4155 I DEBUG LOG: [03-07 23:59:45.350] [jni_protocol.cpp] [jni_notice_app_tx_data] [line 345] jni send tx data to app data len:3
03-07 23:59:45.637  4046  6425 I DEBUG LOG: [03-07 23:59:45.637] [protocol.c] [protocol_receive_data] [line 469] RX : D1 05 00 00 00 00 00 00 00 00 00 00 00 00 00 00 00 00 00 00 
03-07 23:59:45.667  4046  4155 I DEBUG LOG: [03-07 23:59:45.667] [protocol.c] [protocol_write_data] [line 239]   TX : D1 02 00 00 00 01 8D 27 69 77 66 00 01 00 1A 00 20 07 05 2E 6A 73 6F 6E 00 E0 0E 00 0B 18 04 00 00 51 06 00 00 66 6F 6E 74 E0 13 28 04 69 0A 00 00 B6 20 44 09 69 6D 61 67 65 31 2E 70 6E 67 20 0C E0 0A 00 14 1F 0B 00 00 10 E1 00 00 70 72 65 76 69 65 77 5F 32 2E 62 6D 70 E0 0A 28 0C 2F EC 00 00 E0 82 00 00 73 74 65 70 73 E0 11 4E 14 00 0F 6F 01 00 94 03 00 00 62 61 74 74 65 72 79 5F 34 62 69 74 E0 0B 52 15 A3 
03-07 23:59:45.672  4046  4155 I DEBUG LOG: [03-07 23:59:45.672] [protocol.c] [protocol_write_data] [line 239]   TX : D1 02 00 72 01 00 30 01 00 00 6E 75 6D 5F 68 6F 75 72 5F 6D 69 6E 5F 35 20 40 E0 06 00 05 D3 73 01 00 F0 2E E0 06 27 00 38 E0 07 25 03 00 00 C3 A2 E0 0A 27 00 33 20 18 E0 06 00 01 B3 D1 E0 0A 27 00 32 E0 07 25 04 00 00 A3 00 02 E0 09 77 00 39 20 18 E0 06 00 01 93 2F E0 0A 27 00 30 E0 07 25 03 00 00 83 5E E0 0A 27 00 36 20 18 E0 06 00 01 73 8D E0 0A 27 00 31 E0 07 25 03 00 00 63 BC E0 0A 27 00 37 20 18 E0 06 
03-07 23:59:45.675  4046  4155 I DEBUG LOG: [03-07 23:59:45.675] [protocol.c] [protocol_write_data] [line 239]   TX : D1 02 00 00 01 53 EB E0 0A 27 00 34 E0 07 25 04 00 00 43 1A 03 E0 00 EF 61 E3 E0 0B 74 20 00 04 33 49 03 00 D2 A1 B7 80 27 E1 0A 3C 20 00 01 05 4B E0 07 27 E0 0A 74 20 00 01 D7 4C E0 07 27 E1 0A 64 20 00 01 A9 4E E0 07 27 E1 0A 64 20 00 01 7B 50 E0 07 27 E2 0A 54 20 00 01 4D 52 E0 07 27 E2 0A 2C 20 00 01 1F 54 E0 07 27 E1 0A 64 20 00 01 F1 55 E0 07 27 E1 0A DC 20 00 01 C3 57 E0 07 27 05 38 00 00 00 00 00 00 
03-07 23:59:45.678  4046  4155 I DEBUG LOG: [03-07 23:59:45.678] [protocol.c] [protocol_write_data] [line 239]   TX : D1 02 00 00 02 16 21 00 00 E0 05 00 19 95 59 03 00 D2 01 00 00 7B 0D 0A 20 20 22 76 65 72 73 69 6F 6E 22 3A 20 32 2C 60 10 06 70 72 65 76 69 65 77 20 10 C0 0A 06 5F 32 2E 62 6D 70 22 80 1E 03 6E 61 6D 65 40 1B 05 77 69 74 63 68 32 A0 14 05 61 75 74 68 6F 72 40 16 02 79 78 72 A0 13 07 64 65 73 63 72 69 70 74 80 5C 00 30 80 3D 0E 62 6C 75 65 74 6F 6F 74 68 22 3A 74 72 75 65 80 14 06 64 69 73 74 75 72 62 E0 03 
03-07 23:59:45.681  4046  4155 I DEBUG LOG: [03-07 23:59:45.681] [protocol.c] [protocol_write_data] [line 239]   TX : D1 02 00 12 06 62 61 74 74 65 72 79 E0 04 12 06 6B 67 72 6F 75 6E 64 40 65 09 69 6D 61 67 65 31 2E 70 6E 67 A0 6C 03 69 74 65 6D 20 18 03 5B 0D 0A 09 60 D6 40 00 20 A2 03 64 67 65 74 20 16 06 22 63 75 73 74 6F 6D 40 2B 00 09 20 17 05 74 79 70 65 22 20 20 16 02 68 6F 75 A0 AD 40 00 01 22 78 20 2A 80 A7 40 00 00 22 20 7D 02 20 33 39 20 A2 40 33 41 0F 01 31 32 40 1D 40 0D 20 BE 01 20 38 C0 0C 04 66 67 63 6F 6C 
03-07 23:59:45.685  4046  4155 I DEBUG LOG: [03-07 23:59:45.685] [protocol.c] [protocol_write_data] [line 239]   TX : D1 02 00 20 FD 0C 20 3A 22 30 78 46 46 37 30 46 39 46 30 40 6B 60 46 20 1F 01 6F 6E 20 84 04 22 6E 75 6D 5F 40 70 03 5F 6D 69 6E 40 1D 40 47 40 1A 20 17 20 4D 01 31 30 80 2F 00 7D 40 6F 20 C2 40 1D E0 18 BF A0 49 20 64 20 00 E0 0B BE 01 31 31 E0 06 BF C0 B3 E0 0C C0 80 BF 80 00 40 A1 40 55 00 20 80 A4 20 1B 20 A7 E0 16 BF 00 09 E0 0B BC E1 0D 7B 02 22 69 63 22 73 20 EB 20 60 20 00 60 BB 01 32 34 E0 01 0F 41 
03-07 23:59:45.691  4046  4155 I DEBUG LOG: [03-07 23:59:45.691] [protocol.c] [protocol_write_data] [line 239]   TX : D1 02 00 7B 02 32 31 35 20 10 61 08 21 20 E1 04 7B 01 31 38 A0 19 01 62 67 20 61 04 73 74 65 70 73 C2 0C 40 2F 00 62 A1 91 E0 07 D0 40 1B E1 05 72 E0 23 B2 40 66 E0 06 B2 01 34 36 20 87 40 C0 20 C2 E0 09 B2 00 36 E1 03 6D E0 00 B2 40 80 20 99 41 4E 40 51 00 73 40 52 40 98 03 61 6C 69 67 43 86 03 22 63 65 6E 22 FB C0 16 E2 00 5D 21 34 42 5E 20 00 02 35 41 35 E0 00 1D 22 5B 20 49 21 1F 42 40 E0 0A CD 02 22 3A 
03-07 23:59:45.696  4046  4155 I DEBUG LOG: [03-07 23:59:45.696] [protocol.c] [protocol_write_data] [line 239]   TX : D1 02 00 22 00 00 01 87 3E 63 75 73 74 6F 6D 22 2C 0D 0A 09 20 20 22 74 79 70 65 22 20 3A 22 62 6C 75 65 74 6F 6F 74 68 40 18 00 20 60 00 05 22 78 22 3A 20 36 20 27 A0 0E 00 79 20 0E 00 37 20 0E 40 36 00 77 20 0B 00 31 40 1B 40 0C 00 68 40 0C 00 38 A0 19 0C 62 67 63 6F 6C 6F 72 22 3A 22 30 78 46 A0 00 40 53 40 28 06 62 67 72 65 6E 64 65 20 1C 00 30 20 10 00 7D 40 31 00 7B 20 08 20 6A 05 77 69 64 67 65 74 20 
03-07 23:59:45.701  4046  4155 I DEBUG LOG: [03-07 23:59:45.701] [protocol.c] [protocol_write_data] [line 239]   TX : D1 02 00 34 E0 0D 9D 04 73 6C 65 65 70 40 45 A0 8A 40 99 01 32 33 20 3F A0 0F E0 08 9A C0 8D E0 59 9A 03 69 63 6F 6E E0 06 99 01 38 34 E0 11 99 01 33 32 20 1B 40 F1 E0 06 99 20 FA 0E 62 61 74 74 65 72 79 5F 34 62 69 74 2E 62 6D 60 EF 40 29 E1 36 51 02 70 72 6F 21 76 04 73 73 62 61 72 40 A7 40 51 E1 00 F4 80 71 40 16 A1 48 41 58 00 38 41 3C A0 0F 41 58 00 31 C0 B2 41 F4 00 32 C0 0C 40 BF 40 28 40 4F E0 00 A1 
03-07 23:59:45.704  4046  4155 I DEBUG LOG: [03-07 23:59:45.704] [protocol.c] [protocol_write_data] [line 239]   TX : D1 02 00 61 D6 40 3C 03 5D 0D 0A 7D 21 DA 21 D9 03 69 74 65 6D 22 1F 00 5B 20 29 60 10 40 00 04 22 6E 61 6D 65 20 14 0B 22 6E 75 6D 5F 68 6F 75 72 5F 6D 69 61 44 60 4C 01 70 70 22 90 82 5D 60 2D 06 20 22 66 6F 72 6D 61 22 1D 05 20 22 70 6E 67 22 80 16 C2 3D 20 1F 20 00 E0 04 51 04 73 74 65 70 73 40 D4 E0 23 4E 40 49 40 B5 09 52 41 57 00 78 00 F0 00 85 00 E0 A4 00 00 20 E0 1D 01 02 00 20 00 00 00 00 4B 23 20 
03-07 23:59:46.125  4046  6425 I DEBUG LOG: [03-07 23:59:46.125] [protocol.c] [protocol_receive_data] [line 473] RX : D1 02 00 E7 8D 01 00 3C 05 00 00 00 00 00 00 00 00 00 00 00 
03-07 23:59:46.126  4046  6425 I DEBUG LOG: [03-07 23:59:46.126] [jni_protocol.cpp] [jni_notice_app_evt] [line 436] jni send evt notice to app evt type:15
03-07 23:59:46.128  4046  4155 I DEBUG LOG: [03-07 23:59:46.128] [protocol.c] [protocol_write_data] [line 239]   TX : D1 02 00 00 20 00 E0 B1 00 00 20 E0 32 01 E0 A5 00 00 20 E0 07 01 00 08 E0 0C 01 E0 07 25 E0 08 01 E0 9B 00 00 20 C0 01 E0 0D E3 E0 0F 01 C0 35 E0 08 01 E0 91 00 00 20 80 01 E0 0F D1 E0 1B 01 80 41 E0 06 01 E0 1E 00 02 00 00 00 00 00 00 73 21 00 00 E0 5F 00 03 20 00 20 08 E0 19 01 00 40 E0 0E 01 00 20 E0 05 01 40 4D E0 06 01 E0 83 00 00 20 E0 16 EB 00 40 E0 20 01 00 20 E0 01 01 40 55 E0 04 01 E0 7D 00 E0 02 
03-07 23:59:46.144  4046  4155 I DEBUG LOG: [03-07 23:59:46.144] [protocol.c] [protocol_write_data] [line 239]   TX : D1 02 00 A1 E0 0A 01 00 40 E0 2C 01 00 20 80 01 E0 04 ED 40 01 E0 75 00 A0 95 E0 0E 01 00 40 E0 05 01 00 10 E0 06 01 E0 05 1D E0 0A 01 00 20 80 01 60 E7 E0 01 01 E0 54 00 02 00 00 00 00 00 00 A8 21 00 00 E0 0D 00 01 20 08 E0 11 01 00 40 C0 01 00 10 E0 09 01 00 60 E0 0B 01 C0 2F E0 08 01 00 20 40 01 00 00 E0 03 01 E0 6B 00 60 85 E0 0E 01 00 40 40 01 E0 08 E7 E0 0C E5 E0 07 01 01 08 60 40 3B E0 08 01 00 20 40 
03-07 23:59:46.151  4046  4155 I DEBUG LOG: [03-07 23:59:46.151] [protocol.c] [protocol_write_data] [line 239]   TX : D1 02 00 01 E0 00 F3 E0 67 00 60 7D E0 0E 01 00 40 E0 2F E9 E0 03 01 E0 0A F5 00 20 40 01 A0 F1 E0 61 00 00 20 E0 0C EB 00 21 60 01 01 41 10 E0 09 01 00 61 E0 0A 01 80 D9 00 80 E0 02 01 00 60 E0 0B 01 E0 0D F3 40 81 00 00 E0 5D 00 00 20 40 01 41 65 A0 01 00 21 E0 02 01 00 41 E0 11 EB 02 18 61 18 00 00 00 F2 21 61 18 80 01 00 81 E0 04 01 00 80 E0 01 01 00 10 E0 01 01 00 60 E0 01 01 00 08 40 01 00 40 E0 04 01 
03-07 23:59:46.158  4046  4155 I DEBUG LOG: [03-07 23:59:46.158] [protocol.c] [protocol_write_data] [line 239]   TX : D1 02 00 05 20 08 20 00 20 00 E0 57 00 00 20 80 01 40 6D 60 01 00 21 E0 03 01 01 10 41 E0 08 01 03 61 10 61 18 E0 05 01 E0 05 E9 E0 01 01 E0 02 F3 E0 02 F5 E0 05 F3 00 40 E0 04 01 20 81 00 00 E0 53 00 00 20 80 01 40 67 E0 03 E5 80 01 E0 08 E9 00 41 E0 1C E9 00 A1 E0 06 01 00 A0 20 01 20 EF 80 01 A1 EB E0 00 F3 E1 08 E5 01 20 00 E0 4D 00 00 20 E0 01 01 E0 0B EB 01 08 41 20 DD E0 05 01 E1 05 D7 00 81 E0 01 01 
03-07 23:59:46.160  4046  4155 I DEBUG LOG: [03-07 23:59:46.160] [protocol.c] [protocol_write_data] [line 239]   TX : D1 02 00 00 20 40 01 00 A1 E0 0D 01 A0 FB 00 A0 A0 01 60 F5 E0 05 F3 E0 07 F1 00 00 E0 49 00 E0 03 EB 00 21 E0 08 01 00 41 E0 0B EB E2 04 C1 60 EB 60 E5 40 01 E0 0E E9 E0 03 01 20 F5 00 A0 E0 00 01 20 F3 A0 F1 05 80 10 60 10 60 10 00 00 01 0E 21 60 08 40 01 00 40 C0 01 00 00 E0 45 00 00 20 E0 02 01 01 21 08 E0 07 01 00 41 40 01 00 10 E0 05 01 01 61 18 E0 01 01 05 62 18 82 18 82 20 80 01 02 81 20 A1 E0 05 01 
03-07 23:59:46.162  4046  4155 I DEBUG LOG: [03-07 23:59:46.162] [protocol.c] [protocol_write_data] [line 239]   TX : D1 02 00 01 28 C1 80 01 00 20 E0 0B 01 20 2B 01 18 A0 E0 00 01 03 80 18 80 10 80 01 00 60 40 01 00 08 40 01 A0 F1 00 00 E0 41 00 E0 04 EB E0 06 ED 60 E9 E0 06 EB 02 61 10 62 20 E1 E0 01 01 80 E7 80 01 00 A2 C0 01 03 28 A2 28 C2 60 01 A0 ED E0 05 01 E0 06 FB 00 A0 E0 00 F1 00 A0 E0 0A F1 00 60 40 F3 00 00 E0 3D 00 E0 1A EB E0 00 ED 00 42 20 01 00 62 E0 17 EB 20 E7 40 01 80 EB C0 01 02 E2 28 E1 E0 0B 01 E0 02 
03-07 23:59:46.164  4046  4155 I DEBUG LOG: [03-07 23:59:46.164] [protocol.c] [protocol_write_data] [line 239]   TX : D1 02 00 F5 00 C0 20 E9 C0 01 00 80 E1 06 E3 61 E1 00 00 E0 3B 00 E0 01 ED 21 D7 E1 04 D9 20 E5 80 01 62 C5 00 42 60 01 E0 16 EB 60 E7 00 A2 E0 00 E3 40 01 01 E2 30 E0 02 01 E0 0D F5 01 20 E1 A0 F5 00 C0 E0 02 F3 E0 0A F1 00 00 E0 24 00 02 00 00 00 00 00 01 5F 21 00 00 E0 05 00 00 20 E0 00 01 00 21 80 01 00 08 80 01 00 41 E0 03 01 01 10 42 60 01 00 62 80 01 00 18 C0 01 03 82 18 82 20 E0 01 01 01 A2 28 C0 01 
03-07 23:59:46.167  4046  4155 I DEBUG LOG: [03-07 23:59:46.167] [protocol.c] [protocol_write_data] [line 239]   TX : D1 02 00 00 C2 80 01 03 30 C2 30 E2 E0 05 01 01 31 02 E0 00 01 03 01 31 01 29 60 01 01 28 E1 C0 01 03 20 E1 20 C1 20 01 04 C0 20 C0 18 A0 A0 01 01 80 10 80 01 03 60 10 60 08 60 01 00 00 E0 35 00 E0 0D ED E0 25 EB 03 83 20 A3 28 E0 01 01 03 C3 28 C3 30 80 01 E0 02 EB E0 00 E5 E0 03 01 20 F1 40 01 E0 03 F5 20 F1 00 E1 A0 F1 00 C0 E0 0C F1 01 40 00 E0 31 00 E0 01 EB E1 03 DB E0 04 EB 01 08 42 21 D7 A1 D5 40 01 
03-07 23:59:46.170  4046  4155 I DEBUG LOG: [03-07 23:59:46.170] [protocol.c] [protocol_write_data] [line 239]   TX : D1 02 00 A1 D9 21 D7 01 18 83 20 E7 40 01 00 A3 E0 02 ED E0 01 EB 00 E3 80 01 03 38 E3 39 03 20 01 00 02 E0 00 01 00 22 E0 01 01 00 31 40 01 00 21 40 F1 E0 08 F3 81 E3 00 C0 80 F1 E1 01 E1 41 E3 00 00 E0 2F 00 40 E5 80 01 A2 C7 22 C9 E0 06 EB 20 ED 60 E5 80 01 60 EB 20 E7 40 01 60 E9 00 83 E0 05 EB A1 D5 00 C3 40 E9 00 38 20 01 20 E7 E0 01 01 00 23 20 01 E0 02 EB E0 01 01 20 F1 40 01 E0 04 F3 E1 07 E3 E0 01 
03-07 23:59:46.172  4046  4155 I DEBUG LOG: [03-07 23:59:46.172] [protocol.c] [protocol_write_data] [line 239]   TX : D1 02 00 F1 E0 30 EF 80 E9 40 01 20 E7 80 01 E0 04 ED 20 EB 00 08 A0 E7 80 01 08 18 62 18 83 18 83 18 83 18 00 00 01 98 23 83 18 83 20 40 01 03 A3 20 A3 28 80 01 03 C3 28 C3 30 C0 01 03 E3 30 E3 38 20 01 01 39 03 C0 01 01 41 23 E0 04 01 00 42 80 01 00 39 C0 01 00 22 20 01 01 21 31 80 01 01 01 29 60 01 07 28 E1 28 E1 20 E1 20 C0 40 01 01 18 A0 60 01 01 80 10 80 01 03 60 10 60 00 E0 2B 00 00 20 E0 00 01 00 21 
03-07 23:59:47.268  4046  6425 I DEBUG LOG: [03-07 23:59:47.268] [protocol.c] [protocol_receive_data] [line 473] RX : D1 02 00 FD 41 03 00 78 0A 00 00 00 00 00 00 00 00 00 00 00 
03-07 23:59:47.268  4046  6425 I DEBUG LOG: [03-07 23:59:47.268] [jni_protocol.cpp] [jni_notice_app_evt] [line 436] jni send evt notice to app evt type:15
03-07 23:59:47.270  4046  4155 I DEBUG LOG: [03-07 23:59:47.270] [protocol.c] [protocol_write_data] [line 239]   TX : D1 02 00 A0 01 01 41 08 E0 01 01 00 42 20 01 03 62 08 62 10 E0 01 01 20 E3 C0 01 20 EB 20 E9 40 01 60 ED 03 C4 28 C4 30 80 01 03 E4 30 E4 38 60 01 01 39 04 60 01 02 03 41 03 E0 02 E9 00 43 E0 02 01 A0 F3 E0 02 F5 00 21 A0 F1 00 21 E0 07 F1 01 18 C0 60 EF 00 A0 E0 34 EF E0 17 ED 20 EB E0 02 ED 00 83 E0 04 ED 60 E9 02 20 A4 28 40 01 20 EB A0 ED E0 04 EB 00 41 40 01 00 24 E0 00 01 01 43 49 E0 03 01 03 63 49 63 
03-07 23:59:47.275  4046  4155 I DEBUG LOG: [03-07 23:59:47.275] [protocol.c] [protocol_write_data] [line 239]   TX : D1 02 00 41 40 01 00 62 A0 01 00 42 A1 E9 00 41 C0 F3 C0 F1 21 E1 61 E3 E0 07 F1 00 00 E0 27 00 E0 13 ED A0 EB E0 00 ED 20 EB E0 00 ED 01 A3 18 40 EB 00 A4 40 01 40 E7 40 01 00 30 40 01 E0 10 EB 03 49 24 49 44 E0 00 01 20 E7 E0 06 01 00 62 A0 F1 20 01 60 F3 02 41 39 41 81 E5 E0 02 F1 00 E0 E2 01 D3 C1 E1 00 00 E0 25 00 E0 07 ED 00 41 E2 02 C9 E0 05 ED 00 82 40 EB A0 ED 40 EB 60 E9 20 01 60 E9 40 01 01 30 C4 
03-07 23:59:47.277  4046  4155 I DEBUG LOG: [03-07 23:59:47.277] [protocol.c] [protocol_write_data] [line 239]   TX : D1 02 00 40 EB 22 C5 07 E5 38 E5 39 05 39 05 41 40 01 00 25 41 D7 20 E9 00 24 E0 00 E9 0F 64 49 64 51 64 51 64 51 64 51 63 51 63 49 83 49 00 00 01 CB 21 83 49 C0 01 03 82 49 62 41 A0 01 01 39 42 20 01 04 41 39 41 31 21 40 01 01 29 01 40 01 0B 28 E1 20 E1 20 C0 20 C0 18 C0 18 A0 40 01 01 10 80 40 01 00 00 E0 23 00 00 20 E0 00 01 00 21 60 01 00 41 40 01 00 08 80 01 00 62 C0 01 05 10 62 10 82 10 83 80 01 03 18 
03-07 23:59:47.279  4046  4155 I DEBUG LOG: [03-07 23:59:47.279] [protocol.c] [protocol_write_data] [line 239]   TX : D1 02 00 83 18 A3 20 01 01 A4 20 80 01 01 C4 28 A0 01 01 30 E5 80 01 00 38 20 01 04 39 05 39 05 41 40 01 00 25 40 01 00 49 40 01 00 45 40 01 03 51 44 51 64 E0 00 01 00 84 A0 01 00 83 C0 01 00 49 40 01 00 82 40 01 E0 02 F3 E0 06 F1 20 EF 00 E0 E0 01 F1 40 ED E0 24 EF E0 29 ED 60 EB 60 ED 00 C4 40 01 60 ED 01 C5 28 A0 EB 00 30 60 E9 40 01 20 ED 20 EB E0 01 E9 20 EB 02 45 51 65 A0 01 C0 E9 80 01 02 A4 51 A3 E0 
03-07 23:59:47.280  4046  4155 I DEBUG LOG: [03-07 23:59:47.280] [protocol.c] [protocol_write_data] [line 239]   TX : D1 02 00 01 01 20 F3 80 F1 00 82 80 F3 01 39 61 C0 F1 01 29 21 E1 00 E1 20 F1 E1 03 E1 00 00 E0 21 00 C0 EF 00 21 60 01 E1 0D DB E1 00 D9 00 10 A0 EB 20 ED 60 EB 20 ED 20 E9 40 01 40 E9 E0 04 EB 00 26 40 01 03 49 26 49 46 A0 E9 00 45 80 E9 03 59 65 59 85 A0 01 00 84 20 01 00 A4 E0 01 01 E0 01 F1 20 F3 C0 F1 00 82 20 EF 60 F1 01 31 41 62 D3 00 21 A0 F1 20 EF 20 F1 E2 00 D1 00 00 E0 1F 00 E0 0A ED A2 CB E2 01 
03-07 23:59:47.283  4046  4155 I DEBUG LOG: [03-07 23:59:47.283] [protocol.c] [protocol_write_data] [line 239]   TX : D1 02 00 C9 C0 ED 00 A3 E0 00 ED 20 E7 60 01 A0 EB 40 ED 05 31 05 31 05 39 06 80 01 40 E9 A0 EB 20 01 00 51 40 01 00 66 40 01 01 59 66 A0 E9 02 85 59 A5 A0 01 80 EF 00 C4 A0 01 02 C3 59 C3 40 ED 40 01 01 49 A2 20 01 00 82 20 EF 00 82 20 F1 81 E1 00 41 60 F1 23 C5 23 C3 00 E0 20 01 0B C0 18 C0 18 A0 18 A0 10 80 10 80 00 00 00 02 00 21 00 00 E0 1B 00 00 20 E0 00 01 00 21 20 01 00 41 80 01 05 08 41 08 42 08 62 
03-07 23:59:47.288  4046  4155 I DEBUG LOG: [03-07 23:59:47.288] [protocol.c] [protocol_write_data] [line 239]   TX : D1 02 00 A0 01 04 82 08 82 10 83 60 01 04 A3 10 A3 18 A4 20 01 03 C4 18 C4 20 40 01 03 C5 20 E5 28 A0 01 01 31 05 20 01 01 06 39 40 01 01 26 41 A0 01 01 49 46 40 01 03 51 46 51 66 40 01 00 59 40 01 00 86 80 01 03 61 A6 61 A5 A0 01 00 C5 60 01 00 C4 40 01 00 59 80 01 06 C3 59 C3 51 C3 51 A3 20 01 01 A2 49 40 01 01 82 41 40 01 1A 62 39 61 39 41 39 41 31 41 31 21 29 21 29 01 29 01 20 E1 20 E0 20 C0 18 C0 18 A0 
03-07 23:59:47.289  4046  4155 I DEBUG LOG: [03-07 23:59:47.289] [protocol.c] [protocol_write_data] [line 239]   TX : D1 02 00 40 01 02 10 80 00 E0 1D 00 C0 EF 00 21 60 01 60 EF E0 0C ED 20 EB E0 01 ED 20 EF 20 EB C0 ED 02 29 06 31 60 01 20 ED 00 26 C0 ED 20 E9 00 47 40 01 01 51 67 40 01 E0 01 EB 01 61 86 20 EB 80 01 00 C6 60 E9 C0 01 40 F1 00 E4 20 01 60 EF 40 01 20 F3 00 C3 E0 02 F1 02 62 41 61 40 F1 40 EF 20 F1 20 EF 00 28 60 EF C0 F1 E0 1E EF E0 0A ED 60 EF 00 62 A0 01 C1 DB 20 EB 60 ED 20 E9 40 01 40 EB 40 ED 03 29 05 
03-07 23:59:47.291  4046  4155 I DEBUG LOG: [03-07 23:59:47.291] [protocol.c] [protocol_write_data] [line 239]   TX : D1 02 00 29 06 A0 ED 20 E9 20 01 05 27 41 27 41 47 41 60 E9 C0 EB 20 ED 02 67 59 87 40 01 03 61 87 61 A7 A0 EB 02 A6 69 C6 60 01 00 C5 60 01 00 E5 40 01 20 EB A0 01 01 59 E3 20 01 20 F3 20 EF E0 04 F1 20 EF 00 61 80 F1 A1 E1 00 E0 20 01 00 C0 81 E1 E0 1C EF C0 ED 81 DD 20 E9 40 01 21 DD 00 62 A0 01 20 ED 01 08 83 22 C9 20 EB 20 01 C0 ED 20 E9 40 01 00 21 60 EB 60 ED 00 26 20 ED 00 27 40 01 40 EB A0 ED 20 E7 
03-07 23:59:47.293  4046  4155 I DEBUG LOG: [03-07 23:59:47.293] [protocol.c] [protocol_write_data] [line 239]   TX : D1 02 00 60 01 60 E9 60 EB 00 87 20 ED 04 A7 69 A7 69 C7 60 E9 40 01 00 E6 20 01 60 EB A0 01 A0 EF 20 01 00 E3 20 F1 00 E3 60 F1 00 C2 81 E3 62 D3 00 61 E0 05 EF 81 E1 80 EF 02 18 A0 00 E0 19 00 40 E9 40 01 00 21 20 01 60 EB 40 01 08 08 62 08 62 08 62 08 62 08 00 00 02 1B 28 82 08 82 08 83 10 83 10 A3 60 01 01 C4 18 80 01 01 E5 20 60 01 03 21 05 29 06 40 01 01 31 26 20 01 07 27 39 27 39 47 39 47 41 60 01 01 
03-07 23:59:47.413  4046  6425 I DEBUG LOG: [03-07 23:59:47.413] [protocol.c] [protocol_receive_data] [line 473] RX : D1 02 00 07 1F 05 00 B4 0F 00 00 00 00 00 00 00 00 00 00 00 
03-07 23:59:47.413  4046  6425 I DEBUG LOG: [03-07 23:59:47.413] [jni_protocol.cpp] [jni_notice_app_evt] [line 436] jni send evt notice to app evt type:15
03-07 23:59:47.415  4046  4155 I DEBUG LOG: [03-07 23:59:47.415] [protocol.c] [protocol_write_data] [line 239]   TX : D1 02 00 49 67 20 01 01 68 51 40 01 04 88 59 88 59 87 40 03 01 61 A7 40 01 03 69 A7 69 C7 A0 01 00 E6 80 01 00 71 20 01 04 72 06 72 05 6A C0 01 03 04 6A 04 62 20 01 04 61 E4 61 E3 59 40 01 06 C3 51 C3 51 C2 49 A2 20 01 01 82 41 20 01 05 39 61 39 61 31 41 20 01 0E 21 29 01 29 01 28 E1 20 E0 20 C0 20 C0 18 A0 40 01 00 00 E0 17 00 00 20 E0 00 01 00 21 20 01 00 41 80 01 01 08 62 A0 01 E0 12 ED 02 21 05 21 60 EB 
03-07 23:59:47.417  4046  4155 I DEBUG LOG: [03-07 23:59:47.417] [protocol.c] [protocol_write_data] [line 239]   TX : D1 02 00 00 29 60 EB 20 ED 20 EB 60 ED 03 48 41 68 49 60 01 20 ED 00 88 60 ED 20 01 01 61 A8 40 01 00 69 40 01 00 C8 60 ED 01 E7 71 80 01 40 E9 C0 01 00 05 40 01 20 F5 20 EF 40 01 20 F1 00 E3 80 F1 40 EF 80 F1 40 EF 00 41 20 EF 01 39 41 60 EF 00 21 40 F1 20 EF 00 E0 20 EF 00 C0 E0 24 EF 00 21 20 01 A0 ED E0 00 EF 60 ED 21 DD A1 DB 61 DD 02 E4 18 E5 41 DD A0 ED 00 26 20 ED 20 EB 00 31 20 E9 40 01 01 41 68 40 
03-07 23:59:47.419  4046  4155 I DEBUG LOG: [03-07 23:59:47.419] [protocol.c] [protocol_write_data] [line 239]   TX : D1 02 00 01 60 ED 20 E9 40 01 20 EB 01 A8 59 60 EB 20 ED 00 C8 80 01 01 71 E8 20 01 60 ED 01 72 07 60 01 C0 EF 00 25 C0 01 01 6A 24 40 EF 40 F1 01 62 03 61 E1 60 F1 21 DF 20 01 20 EF 00 81 E0 30 EF C1 DD 00 21 60 01 20 E9 40 01 A1 DB 00 62 20 EF E0 0C ED 20 EB 21 DB 00 21 20 EB 20 01 20 EB 40 01 20 ED 60 EB 60 ED 00 88 20 ED 09 89 51 89 59 89 59 A9 59 A9 61 60 01 01 69 C9 20 01 20 EF 20 E9 A0 01 03 72 08 7A 
03-07 23:59:47.421  4046  4155 I DEBUG LOG: [03-07 23:59:47.421] [protocol.c] [protocol_write_data] [line 239]   TX : D1 02 00 07 A0 01 02 27 7A 26 80 01 C0 EF 60 F1 00 24 80 EF 80 F1 01 51 E3 E1 03 E1 20 EF E2 08 D1 E1 1C DF E0 03 EF 60 EB 20 01 00 61 20 E9 40 01 81 DD E1 00 DB 00 10 A1 DB 00 19 E0 01 ED 01 27 29 60 EB 20 ED 00 68 40 01 20 ED 20 E9 0E 49 89 49 89 51 89 51 A9 51 A9 59 A9 59 A9 61 00 00 02 42 25 A9 61 A9 61 C9 69 80 01 04 E9 71 E9 71 E8 40 01 01 7A 08 A0 01 02 07 7A 27 A0 01 00 26 A0 01 01 25 72 80 01 01 24 
03-07 23:59:47.422  4046  4155 I DEBUG LOG: [03-07 23:59:47.422] [protocol.c] [protocol_write_data] [line 239]   TX : D1 02 00 6A 40 01 14 04 62 04 62 03 62 03 59 E3 59 E3 51 C2 51 C2 49 A2 49 A2 41 82 20 01 19 61 39 61 39 41 31 41 31 21 29 21 29 01 29 01 20 E0 20 C0 18 C0 18 A0 18 A0 00 E0 13 00 00 20 E0 00 01 02 21 00 41 C0 01 01 08 62 60 01 00 82 20 01 03 83 08 A3 10 40 01 00 C4 40 01 0E 18 E4 18 E5 18 E5 19 05 21 05 21 06 21 26 29 40 01 01 47 31 40 01 01 68 39 60 01 04 41 88 41 89 49 60 01 01 51 A9 40 01 00 59 20 01 03 
03-07 23:59:47.424  4046  4155 I DEBUG LOG: [03-07 23:59:47.424] [protocol.c] [protocol_write_data] [line 239]   TX : D1 02 00 61 A9 61 C9 A0 ED 00 E9 60 ED 20 01 01 7A 09 20 01 80 EF 04 28 82 28 82 27 80 01 20 F5 00 46 A0 01 01 45 72 40 01 E0 01 F1 C0 EF E0 03 F1 00 81 E0 08 EF 00 E0 80 F1 00 00 E0 13 00 C0 EF 00 21 20 01 C0 EF 00 61 60 ED 00 62 20 ED C0 EF 60 ED 00 10 A0 ED 20 EF 20 ED 20 EF 00 47 40 01 20 EF 00 68 60 EF 20 EB 40 01 02 49 A9 49 60 EB 07 51 AA 59 CA 59 AA 61 CA 40 01 07 69 CA 69 EA 69 EA 71 EA 40 EB 00 72 
03-07 23:59:47.425  4046  4155 I DEBUG LOG: [03-07 23:59:47.425] [protocol.c] [protocol_write_data] [line 239]   TX : D1 02 00 40 EB 60 01 20 E9 C0 01 00 47 A0 01 E0 00 EF 40 01 20 F3 02 24 72 24 41 E3 40 EF E1 08 E1 40 EF 00 61 E1 04 DF 00 E0 E0 18 EF C0 ED 40 EF 00 41 C0 01 20 E9 40 01 40 EB 00 83 E1 02 DD E0 01 ED 20 EB E0 00 ED 00 67 60 ED 00 88 20 01 40 ED 20 EB 20 01 05 AA 51 AA 51 CA 59 60 01 20 ED 20 E9 40 01 20 ED 20 01 03 72 0A 7A 0A A0 ED 00 29 60 01 02 28 82 48 60 01 E0 00 F1 40 01 21 E5 20 F1 20 EF 03 45 72 44 
03-07 23:59:47.427  4046  4155 I DEBUG LOG: [03-07 23:59:47.427] [protocol.c] [protocol_write_data] [line 239]   TX : D1 02 00 72 40 F1 00 23 40 EF 00 5A 22 D3 01 51 E2 22 D1 00 C2 82 D1 21 DF 00 61 20 EF 00 41 22 D1 82 CF 00 E0 E0 20 EF 00 21 20 01 C0 EF 81 DD A1 DB 60 EF 00 C4 20 01 01 E4 10 62 C9 20 01 20 EB 20 01 61 DB 01 29 68 A0 ED 00 89 20 ED 00 A9 40 01 01 49 AA 20 ED 00 CA E0 00 ED 00 EA E0 03 ED 60 EB 40 01 00 2A 60 E9 40 01 05 49 82 49 8A 48 8A 20 F1 20 03 02 47 82 67 60 01 00 66 40 01 40 EF 08 7A 45 72 45 72 44 
03-07 23:59:47.428  4046  4155 I DEBUG LOG: [03-07 23:59:47.428] [protocol.c] [protocol_write_data] [line 239]   TX : D1 02 00 72 44 6A 00 00 02 2C 3F 24 6A 24 62 23 62 03 5A 03 59 E3 51 E2 51 C2 51 C2 49 A2 49 A2 41 82 41 61 39 61 39 41 31 41 31 0F 21 29 21 29 01 28 E0 20 E0 20 C0 18 C0 18 A0 00 E0 11 00 00 20 A0 01 00 21 20 01 00 41 A0 01 01 62 08 40 01 02 82 08 83 20 01 06 A3 08 A3 10 C3 10 C4 20 01 04 E4 18 E5 19 05 20 01 01 26 21 40 01 01 47 29 40 01 0C 68 31 68 31 88 31 88 39 89 39 89 41 A9 20 01 05 AA 49 CA 49 CA 51 
03-07 23:59:47.430  4046  4155 I DEBUG LOG: [03-07 23:59:47.430] [protocol.c] [protocol_write_data] [line 239]   TX : D1 02 00 60 01 04 59 EA 59 EB 61 20 01 00 69 20 01 02 6A 0B 72 60 01 01 7A 0A 20 01 01 2A 82 C0 01 03 29 82 49 8A 40 01 00 48 20 01 00 68 20 01 00 67 40 01 03 82 67 82 66 80 01 07 7A 65 7A 45 7A 45 72 44 20 01 20 EF 00 6A 20 EF 00 62 20 EF 20 F1 E0 01 EF 00 81 E0 26 EF E0 0B ED 00 61 A0 ED 40 EF 40 ED 00 A3 20 EB 03 C4 10 E4 10 80 ED 00 06 60 EF 00 47 20 EF 00 67 20 01 C0 ED 01 A9 39 E0 00 ED 60 EF 01 EB 59 
03-07 23:59:47.504  4046  6425 I DEBUG LOG: [03-07 23:59:47.504] [protocol.c] [protocol_receive_data] [line 473] RX : D1 02 00 67 FC 06 00 F0 14 00 00 00 00 00 00 00 00 00 00 00 
03-07 23:59:47.504  4046  6425 I DEBUG LOG: [03-07 23:59:47.504] [jni_protocol.cpp] [jni_notice_app_evt] [line 436] jni send evt notice to app evt type:15
03-07 23:59:47.506  4046  4155 I DEBUG LOG: [03-07 23:59:47.506] [protocol.c] [protocol_write_data] [line 239]   TX : D1 02 00 20 01 40 ED 02 62 0B 6A 20 01 A0 ED 04 0B 7A 2B 7A 2B C0 ED 01 8A 4A 20 01 40 ED 02 49 8A 69 20 EB 80 01 E0 04 F1 20 EF 00 65 20 EF 60 F1 20 EF E1 04 E1 01 49 C2 61 DF 40 EF 00 61 C1 DF 01 29 01 E1 18 DF E0 0B EF 00 62 A0 EF 00 83 20 01 40 EF 00 C4 20 01 00 E4 20 01 80 EF 41 DB 00 46 E0 03 ED 00 31 80 ED 03 AA 41 CA 41 20 EB 20 ED 00 EB 40 01 40 EF 01 62 0B 80 ED 60 EF 20 E9 40 01 00 82 40 01 01 2A 
03-07 23:59:47.508  4046  4155 I DEBUG LOG: [03-07 23:59:47.508] [protocol.c] [protocol_write_data] [line 239]   TX : D1 02 00 82 40 EB 80 01 00 69 A0 01 E0 02 EF 21 E3 81 E1 00 65 20 EF 00 65 20 F1 00 44 20 EF 00 44 E0 46 EF 00 41 A0 01 00 61 60 EF E1 00 DD 00 08 A2 CB C0 ED 20 EF 20 ED 60 EF 02 68 29 88 20 ED 21 D9 20 01 20 EB 60 ED 01 EB 49 60 ED 02 5A 0B 5A 20 EB 20 ED 00 0C 20 01 02 2C 72 2C 20 ED 00 2C E0 00 ED 04 4B 82 4B 8A 4B A0 ED 04 4A 8A 6A 92 69 A0 01 06 68 92 88 8A 88 8A 87 20 01 04 67 8A 86 82 86 20 F3 00 65 
03-07 23:59:47.510  4046  4155 I DEBUG LOG: [03-07 23:59:47.510] [protocol.c] [protocol_write_data] [line 239]   TX : D1 02 00 80 F1 40 EF 20 F1 E2 00 D1 43 C1 61 DF 00 A2 E1 0A DF 00 E0 E3 09 BF 02 00 00 00 00 00 02 40 21 00 00 40 00 00 20 A0 01 00 21 20 01 00 41 A0 01 06 61 00 62 08 62 08 82 20 01 06 83 08 A3 08 A3 10 C4 20 01 0E E4 10 E4 11 05 19 05 19 25 19 26 21 26 21 47 20 01 0F 67 29 68 29 88 31 88 31 A9 31 A9 39 A9 39 CA 41 40 01 0F EA 49 EB 49 EB 51 EB 52 0B 5A 0B 5A 0C 5A 0C 62 20 01 04 6A 2C 6A 2C 72 60 01 00 7A 
03-07 23:59:47.511  4046  4155 I DEBUG LOG: [03-07 23:59:47.511] [protocol.c] [protocol_write_data] [line 239]   TX : D1 02 00 40 01 02 4C 82 4B 40 01 00 8A 80 01 01 6A 92 80 01 00 69 A0 01 00 88 60 01 01 87 8A 80 01 07 86 82 86 82 66 82 65 7A 40 01 1F 64 72 44 72 44 6A 24 6A 23 62 03 62 03 5A 03 59 E2 51 C2 51 C2 49 A2 41 A2 41 82 39 61 39 61 31 0A 41 31 41 29 21 29 01 29 01 20 E0 20 01 03 C0 18 A0 00 E0 0D 00 E0 09 EF E0 06 ED 01 08 C3 20 ED 00 C4 20 EF 00 E5 60 EF 00 26 20 EF 00 46 C0 ED 20 EF 20 ED 20 EF 00 CA 60 EF 60 
03-07 23:59:47.513  4046  4155 I DEBUG LOG: [03-07 23:59:47.513] [protocol.c] [protocol_write_data] [line 239]   TX : D1 02 00 ED 04 4A 0B 52 0B 52 20 EB 20 ED 01 2C 62 20 EB 40 01 40 EF 02 7A 4C 7A 20 03 00 82 60 01 A0 ED 02 6B 92 6B A0 EF 40 F1 00 89 60 01 E0 03 F1 00 86 60 F1 40 ED 20 01 60 EF 00 44 20 EF 07 23 62 03 59 E3 59 E3 51 20 F1 01 49 A2 20 F1 01 82 41 20 EF 00 39 20 EF 00 31 E0 03 EF 01 C0 00 E0 0D 00 E0 01 EF 00 41 A0 01 E0 0B EF C1 DD 20 ED 00 19 60 ED 21 DD 20 ED 01 29 A8 C0 ED 20 EF 01 EA 41 21 DB 80 ED 20 
03-07 23:59:47.515  4046  4155 I DEBUG LOG: [03-07 23:59:47.515] [protocol.c] [protocol_write_data] [line 239]   TX : D1 02 00 EF 01 2C 5A 20 ED 80 EF 01 72 4C 40 01 20 EF 60 EB 20 ED 04 4C 8A 6C 8A 6B 60 ED 40 01 40 ED 00 8A 20 01 00 89 60 01 E0 09 EF 00 85 80 F1 A0 EF 00 24 40 EF 21 DF E0 03 EF 00 81 E0 20 EF E0 01 ED 00 21 A0 ED 02 41 00 62 A2 CD 62 CB E1 09 DD 20 EF 20 ED 01 21 88 20 ED 81 DD 04 C9 39 CA 39 EA 40 ED 04 42 0B 4A 0B 4A 20 EB 00 52 20 EB 60 ED 07 2D 6A 2D 6A 4D 6A 4D 72 20 01 00 7A 60 01 60 ED 00 6C 80 01 
03-07 23:59:47.519  4046  4155 I DEBUG LOG: [03-07 23:59:47.519] [protocol.c] [protocol_write_data] [line 239]   TX : D1 02 00 60 EB 02 6B 92 8B 20 01 40 ED 02 8A 9A 89 E0 03 EF A2 D3 00 86 22 D1 20 F1 61 DF A2 D1 E0 04 EF 00 C2 61 DF E0 2B EF 40 E9 40 01 21 DD 20 EF E3 00 BB 60 EF 61 DD 22 CD 00 26 20 01 09 46 21 47 21 67 21 67 29 88 29 00 00 02 3B 36 88 29 A8 31 A9 31 C9 31 CA 39 EA 39 EA 41 EB 42 0B 4A 0B 4A 0C 52 2C 40 01 08 5A 2C 5A 2D 62 4D 62 4D 6A 20 01 00 72 60 01 04 7A 4D 7A 6D 82 60 01 01 8A 6C 40 01 00 92 40 01 
03-07 23:59:47.522  4046  4155 I DEBUG LOG: [03-07 23:59:47.522] [protocol.c] [protocol_write_data] [line 239]   TX : D1 02 00 00 6B 20 01 04 8B 92 8B 9A 8A 60 01 00 89 40 01 03 92 A8 92 88 20 03 04 A8 92 A7 8A 87 20 01 08 86 8A 86 82 86 82 85 7A 65 20 01 1F 64 72 44 72 44 6A 24 6A 23 62 03 5A 03 59 E3 51 E2 51 C2 49 C2 49 A2 41 82 41 81 39 61 39 41 31 08 41 31 21 29 01 29 01 20 E0 20 01 03 C0 18 C0 00 E0 0B 00 00 20 A0 01 02 21 00 41 A0 01 06 61 00 62 08 62 08 82 20 01 00 A3 60 01 12 C4 10 C4 10 E4 10 E5 11 05 19 25 19 26 
03-07 23:59:47.525  4046  4155 I DEBUG LOG: [03-07 23:59:47.525] [protocol.c] [protocol_write_data] [line 239]   TX : D1 02 00 19 46 19 46 21 67 20 01 05 88 29 88 29 A8 29 E0 00 ED 00 39 20 ED 20 EF 01 0C 4A C0 ED 02 4D 5A 4D E0 00 EF 03 6D 72 6D 7A 60 01 A0 EF 60 F1 01 92 8C 20 F1 00 8C 20 EB 80 01 80 F1 00 A9 20 F1 00 A9 20 EB 40 01 00 A7 60 F1 A0 EF 00 82 E0 01 EF 00 44 20 EF 00 23 E0 10 EF 00 21 E0 14 EF E0 01 ED 00 21 A0 ED 02 41 00 62 20 EF 40 ED 00 83 60 ED 00 C3 20 EF 04 E4 10 E4 11 05 E0 00 EF 00 47 20 ED 40 EF 40 
03-07 23:59:47.528  4046  4155 I DEBUG LOG: [03-07 23:59:47.528] [protocol.c] [protocol_write_data] [line 239]   TX : D1 02 00 ED 00 A9 A1 DD 60 ED 20 EF 00 2C 60 EF 00 2D E0 07 ED 80 EF E0 00 ED 02 8D 8A 6D 20 E9 80 01 80 ED 40 EF 00 AA 20 F3 00 A9 60 01 40 ED E0 07 EF 41 E1 00 64 61 DF 60 EF 41 E1 E1 0C DF 00 21 E0 26 EF 21 DD E0 05 EF C1 DD 20 EF E1 0C DD 00 31 22 CB 00 3A 20 EB E0 00 ED 01 4D 52 21 DB 61 DD 05 6D 6A 6D 6A 6E 72 20 01 00 7A 60 01 20 EF 00 8D 22 CD 04 6D 8A 8D 92 8D 80 ED 00 9A 40 01 40 ED 00 AB 20 ED 40 
03-07 23:59:47.630  4046  4981 I DEBUG LOG: [03-07 23:59:47.629] [protocol.c] [protocol_receive_data] [line 473] RX : D1 02 00 1E F9 08 00 2C 1A 00 00 00 00 00 00 00 00 00 00 00 
03-07 23:59:47.630  4046  4981 I DEBUG LOG: [03-07 23:59:47.630] [jni_protocol.cpp] [jni_notice_app_evt] [line 436] jni send evt notice to app evt type:15
03-07 23:59:47.631  4046  4155 I DEBUG LOG: [03-07 23:59:47.631] [protocol.c] [protocol_write_data] [line 239]   TX : D1 02 00 01 A0 EF 60 F1 21 DF 21 E1 21 DF 22 D1 80 EF 01 65 72 20 F1 60 EF 00 03 E0 13 EF 01 28 E0 E2 10 CF E1 01 DF 00 41 A0 01 E0 01 EF 00 A3 20 01 E1 02 DD 00 11 82 CD 41 DD 00 87 22 CD 21 DD 01 29 C9 21 DD 60 ED 60 EF 21 DB 21 DD C0 ED 00 6D 20 01 01 6E 6A 20 01 60 EF 00 8E 40 01 03 82 8E 82 8D 21 DB 09 8D 8A 8D 92 8D 92 8D 92 8D 92 00 00 02 13 21 8C 9A 40 01 00 AB A0 01 00 AA 20 01 00 A9 A0 01 1F A8 9A 
03-07 23:59:47.634  4046  4155 I DEBUG LOG: [03-07 23:59:47.634] [protocol.c] [protocol_write_data] [line 239]   TX : D1 02 00 A8 92 A8 92 A7 92 A7 8A A6 8A 86 8A 86 82 85 82 85 7A 65 7A 65 72 64 72 44 6A 44 6A 23 62 1F 23 62 03 5A 03 59 E2 51 C2 49 C2 49 A2 41 82 41 81 39 61 39 61 31 41 31 21 29 21 29 01 28 E0 20 05 E0 20 C0 18 C0 00 E0 09 00 00 20 A0 01 02 21 00 41 A0 01 04 61 00 62 08 82 20 01 02 83 08 A3 20 01 0E C3 08 C4 10 E4 10 E4 11 05 11 05 19 26 19 46 20 01 1F 67 21 67 21 88 21 88 29 A8 29 C9 29 C9 31 EA 31 EA 3A 
03-07 23:59:47.636  4046  4155 I DEBUG LOG: [03-07 23:59:47.636] [protocol.c] [protocol_write_data] [line 239]   TX : D1 02 00 0A 3A 0B 3A 0B 42 2C 42 2C 4A 4C 4A 4C 52 0B 4D 52 4D 5A 6D 5A 6D 62 6E 62 6E 6A 20 01 01 72 8E 40 01 00 7A 20 01 00 82 20 01 00 8A 40 01 03 8D 8A 8D 92 60 01 00 9A 40 ED 02 8C 9A AC E0 02 EF C0 F1 E0 01 EF 60 F1 E0 16 EF 00 A2 E0 1E EF E0 01 ED 00 21 E0 01 ED E0 09 EF 40 ED 01 11 25 60 EF 00 47 20 EF 00 87 20 EF 02 A8 29 A9 20 ED 80 EF 40 ED 00 2B 20 EF 20 ED 00 4A 20 ED 00 52 20 ED 00 5A 20 ED 20 
03-07 23:59:47.638  4046  4155 I DEBUG LOG: [03-07 23:59:47.638] [protocol.c] [protocol_write_data] [line 239]   TX : D1 02 00 EF 01 8E 6A E0 00 ED E0 02 EF 00 8E 80 ED 03 92 AD 9A AD 20 EB 40 01 81 E1 40 ED E0 0F EF 20 F1 E1 12 DF E0 29 EF 00 41 60 01 00 61 20 01 C0 EF 00 A3 20 01 21 DD 00 08 A1 DD A0 EF 00 67 20 EF 00 88 20 01 00 A8 C1 DD 00 32 41 DD 40 ED 41 DD 00 4D 20 EF 00 6D 20 EF 00 6E 20 EF 01 8E 62 20 ED E0 01 EF 41 DD 61 DF 02 AE 8A AE 40 EB 21 DD E0 06 EF 02 A2 AA A2 E0 04 EF 22 D1 42 CF 00 A7 62 CF E0 02 EF 22 
03-07 23:59:47.640  4046  4155 I DEBUG LOG: [03-07 23:59:47.640] [protocol.c] [protocol_write_data] [line 239]   TX : D1 02 00 D1 00 23 E2 01 CF 22 D1 E0 31 EF 00 41 E0 09 EF A2 CD 01 25 11 C2 CD E1 00 DD 21 DF 20 ED 01 32 0B 21 DF 40 EF E0 03 ED 01 8E 5A A0 ED 01 6A 8F 22 CD 00 8F 21 DD 02 AF 82 AE 20 01 80 ED 40 01 00 AD 61 DD A1 DF 03 A2 AC A2 AB 60 01 20 EF 00 A2 83 C1 20 ED 80 EF 83 C1 62 CF 00 85 21 E1 23 BF 0A 72 44 6A 23 62 23 62 03 5A 03 59 00 00 01 E0 3F E2 51 E2 51 C2 49 A2 41 A2 41 81 39 61 39 61 31 41 31 21 29 
03-07 23:59:47.642  4046  4155 I DEBUG LOG: [03-07 23:59:47.642] [protocol.c] [protocol_write_data] [line 239]   TX : D1 02 00 21 29 01 28 E0 20 E0 20 C0 18 C0 00 E0 07 00 00 20 A0 01 02 21 00 41 60 01 00 61 20 01 08 62 00 82 08 82 08 83 08 A3 20 01 1A C3 08 C4 10 E4 11 04 11 05 11 25 11 26 19 46 19 66 19 67 21 87 21 88 21 A8 29 C9 20 01 1B EA 31 EA 32 0A 3A 0B 3A 2B 3A 2C 42 4C 42 4C 4A 4D 4A 6D 52 6D 52 6E 5A 8E 5A 8E 62 20 01 00 6A 20 01 01 72 AF 20 01 09 8F 7A AF 7A AF 82 AF 82 AE 8A 60 01 00 92 60 01 01 9A AD 60 01 00 
03-07 23:59:47.644  4046  4155 I DEBUG LOG: [03-07 23:59:47.644] [protocol.c] [protocol_write_data] [line 239]   TX : D1 02 00 AC 40 01 03 A2 AC A2 AB 60 01 06 AA A2 AA 9A AA 9A C9 20 01 00 A8 40 01 01 92 A7 40 01 1D 8A A6 8A A6 82 86 82 85 82 85 7A 65 7A 64 72 44 72 44 6A 23 62 23 62 03 5A 03 59 E2 51 E2 E0 22 EF C0 ED E0 03 EF 02 62 00 62 20 ED 00 82 20 EB 00 A3 40 ED 01 08 E4 20 EF 00 05 20 01 00 25 20 ED 02 46 19 67 20 EF 20 ED C0 EF 02 32 0A 32 40 ED 01 2B 3A 20 ED 20 EF 00 6D 60 EF 20 ED 60 EF 04 8F 6A AF 6A AF 20 ED 
03-07 23:59:47.645  4046  4155 I DEBUG LOG: [03-07 23:59:47.645] [protocol.c] [protocol_write_data] [line 239]   TX : D1 02 00 20 01 A0 EF 00 AF E0 0A EF 20 F1 20 ED C0 EF 00 CA 20 01 02 AA 9A A9 20 01 00 C8 E0 52 EF E1 05 DD E0 0B EF 81 DD 40 EF 61 DD 00 21 61 DD E0 00 EF 00 2C 60 EF 20 ED 20 EF 00 8E A0 EF 01 AF 62 20 ED 80 EF 40 ED 61 DF 01 AF 8A 40 01 61 DD 21 DF A1 E1 20 EB 40 01 02 AB A2 CB 20 03 00 CA 60 01 80 EF 00 C8 E1 03 DF 00 8A E1 05 DF 00 24 A1 DF 00 E3 E1 2C DF C0 EF 00 41 E2 00 CD E1 02 DF E2 05 CD 20 EF 21 
03-07 23:59:47.647  4046  4155 I DEBUG LOG: [03-07 23:59:47.647] [protocol.c] [protocol_write_data] [line 239]   TX : D1 02 00 DD 80 EF 41 DD 00 32 C1 DD 20 EB 20 01 00 8D A0 EF 20 ED E0 05 EF 22 CD 20 01 40 EF 01 92 AF 40 ED E0 06 EF 00 CC 20 EB 00 CB 20 01 80 EF 42 CF 00 C9 E0 59 EF 02 00 61 00 00 00 02 1D 28 61 00 62 00 82 08 82 08 A3 60 01 06 C3 08 E4 08 E4 11 05 20 01 06 25 11 46 19 46 19 67 20 01 02 88 21 A8 20 01 13 C9 29 E9 29 EA 32 0A 32 0B 32 2B 3A 2C 3A 4C 42 4C 42 6D 4A 20 01 04 52 8E 52 8E 5A 40 01 01 AF 62 20 
03-07 23:59:47.648  4046  4155 I DEBUG LOG: [03-07 23:59:47.648] [protocol.c] [protocol_write_data] [line 239]   TX : D1 02 00 01 00 6A 20 01 00 72 20 01 05 7A CF 7A AF 82 CF 20 01 01 AF 8A 20 01 03 92 AF 92 AE 40 01 03 9A AE 9A AD 40 01 05 A2 AD A2 CC A2 AC 20 03 00 CB 20 01 00 CA 60 01 01 C9 9A 40 01 04 A8 9A C8 92 A7 40 01 01 8A A6 20 01 1F 86 82 85 82 85 7A 65 7A 64 72 44 72 44 6A 44 62 23 62 03 5A 03 59 E3 51 E2 51 C2 49 A2 41 A2 41 15 81 39 61 39 61 31 41 31 21 29 21 29 01 28 E0 20 E0 20 C0 18 C0 00 E0 05 00 00 20 A0 
03-07 23:59:47.747  4046  4981 I DEBUG LOG: [03-07 23:59:47.747] [protocol.c] [protocol_receive_data] [line 473] RX : D1 02 00 26 01 0B 00 68 1F 00 00 00 00 00 00 00 00 00 00 00 
03-07 23:59:47.748  4046  4981 I DEBUG LOG: [03-07 23:59:47.747] [jni_protocol.cpp] [jni_notice_app_evt] [line 436] jni send evt notice to app evt type:15
03-07 23:59:47.749  4046  4155 I DEBUG LOG: [03-07 23:59:47.749] [protocol.c] [protocol_write_data] [line 239]   TX : D1 02 00 01 02 21 00 41 60 01 40 ED 00 62 E0 00 EF 05 C3 08 C4 08 E4 10 E0 05 EF 01 87 21 40 EF 06 C9 29 C9 29 EA 2A 0A 20 EF 04 2B 32 2B 3A 4C 20 EF 00 6C 60 EF 20 ED 20 EF 02 AE 5A AF 40 EF 40 ED 20 EF 00 CF 20 EF 02 AF 7A CF 20 ED 01 CF 8A 40 01 40 EF 00 CE 20 ED 00 CE 20 01 04 CD 9A CD A2 CD 20 E9 40 ED E0 21 EF 00 64 E0 2E EF E0 01 ED 00 21 A0 ED E0 0F EF 02 25 11 26 21 DF 00 66 21 DD 00 87 21 DB 40 EF 
03-07 23:59:47.751  4046  4155 I DEBUG LOG: [03-07 23:59:47.751] [protocol.c] [protocol_write_data] [line 239]   TX : D1 02 00 21 DD 20 EF 41 DD 80 EF 00 6D 20 EF 00 8D 60 EF 00 AE 40 EF A1 DD 08 CF 6A CF 72 D0 72 D0 7A D0 E0 02 EF 02 CF 92 CF 21 DD 40 ED 61 DF 21 DD 00 CD E0 02 EF 81 E1 41 DD 61 DF 01 9A A7 E1 0A DF 00 64 E0 38 EF 00 41 60 01 80 EF 00 82 E1 05 DF 01 11 04 62 CD 40 EF 00 67 20 01 00 87 20 ED E0 01 EF A1 DD 00 3A 21 DD 03 42 8D 4A 8E 20 EF 00 AE 20 EF 61 DD 00 62 20 EB 40 01 60 ED 20 01 01 82 D0 A1 DF 40 EF 
03-07 23:59:47.753  4046  4155 I DEBUG LOG: [03-07 23:59:47.753] [protocol.c] [protocol_write_data] [line 239]   TX : D1 02 00 00 CF 60 EF 40 01 41 DF 00 CD 21 DB 40 01 40 ED E0 03 EF 00 C8 20 01 00 A8 E0 52 EF 00 41 20 F1 20 EF 23 BD 00 A2 23 BD 00 C3 20 01 E3 02 BD 21 DF 20 ED 63 BD 00 C9 22 CF 81 DF E0 06 EF 02 4A AE 52 00 00 01 BA 23 AE 52 AF 5A 20 01 08 62 CF 62 CF 6A CF 6A D0 72 20 01 00 7A 60 01 00 82 20 01 01 8A CF 40 01 00 92 40 01 01 CE 9A 80 01 01 CD A2 40 01 00 CC 60 01 00 CB 60 01 00 CA 20 01 06 C9 A2 C9 9A C9 
03-07 23:59:47.755  4046  4155 I DEBUG LOG: [03-07 23:59:47.755] [protocol.c] [protocol_write_data] [line 239]   TX : D1 02 00 9A C8 20 01 06 A8 92 A7 92 A7 8A A6 20 01 1F 86 82 85 82 85 7A 65 7A 64 72 64 72 44 6A 44 62 23 62 03 5A 03 59 E3 51 E2 51 C2 49 A2 41 A2 41 15 81 39 61 39 61 31 41 31 21 29 21 29 01 28 E0 20 E0 20 C0 18 C0 00 E0 03 00 00 20 A0 01 02 21 00 41 60 01 02 61 00 62 20 01 04 82 08 82 08 A3 20 01 00 C3 20 01 06 E4 08 E4 11 05 11 25 20 01 1F 46 19 66 19 67 19 87 19 A8 21 A8 21 C9 21 E9 29 EA 2A 0A 2A 0B 32 
03-07 23:59:47.757  4046  4155 I DEBUG LOG: [03-07 23:59:47.757] [protocol.c] [protocol_write_data] [line 239]   TX : D1 02 00 2B 32 4B 3A 4C 3A 6C 42 6D 42 07 8D 42 8D 4A 8E 4A AE 52 40 EF 01 CF 5A 20 ED 20 EF 00 D0 80 EF 80 F1 E0 06 EF 00 CF E0 37 EF 00 6A E0 37 EF 00 61 20 01 00 62 20 01 E0 01 EF 00 C4 E0 00 EF 00 26 E0 0C EF 00 2B 20 EF 00 4C E0 06 EF 01 AF 52 20 ED 60 EF 20 ED 80 EF 41 DF 40 ED 21 DF 21 E1 61 DD 01 CF 9A E0 69 EF E1 09 DD E0 0A EF 01 09 05 61 DF 00 46 20 EF 41 DD 41 DF 00 C8 41 DF 21 DD 00 0A 20 ED 00 
03-07 23:59:47.759  4046  4155 I DEBUG LOG: [03-07 23:59:47.759] [protocol.c] [protocol_write_data] [line 239]   TX : D1 02 00 4B 20 EF 01 6C 3A 61 DD 00 42 21 DD 21 DF E0 05 EF 00 F0 21 DD 01 F0 7A 20 01 00 82 40 01 E0 0A EF 62 CD E2 13 CF 00 C8 E2 0F CF E1 16 DF 00 E1 E2 08 CF E0 0D EF 00 82 E1 02 DF 22 CD 01 09 04 E0 08 EF 02 C9 21 E9 60 EF 00 2A E0 05 EF 40 ED 20 EF 00 CF A1 DF 00 D0 21 DF 00 F0 20 EF 20 01 60 EF 21 DD E0 0B EF E3 05 BF 02 A2 CB A2 00 00 01 99 2C CB A2 CA A2 CA A2 C9 A2 C9 9A C9 9A C8 40 01 05 92 A7 92 
03-07 23:59:47.760  4046  4155 I DEBUG LOG: [03-07 23:59:47.760] [protocol.c] [protocol_write_data] [line 239]   TX : D1 02 00 A7 8A A6 20 01 1F 86 82 85 82 85 7A 65 7A 64 72 64 72 44 6A 44 6A 23 62 03 5A 03 59 E3 51 E2 51 C2 49 A2 41 A2 41 15 81 39 61 39 61 31 41 31 21 29 21 29 01 28 E1 20 E0 20 C0 18 C0 00 E0 01 00 00 20 A0 01 02 21 00 41 60 01 00 61 20 01 0A 62 00 82 00 82 08 A2 08 A3 08 C3 20 01 06 E4 08 E4 11 05 11 25 20 01 1F 46 11 66 19 67 19 87 19 A8 21 A8 21 C9 21 E9 21 EA 2A 0A 2A 2B 32 2B 32 4B 32 6C 3A 6C 3A 8D 
03-07 23:59:47.761  4046  4155 I DEBUG LOG: [03-07 23:59:47.761] [protocol.c] [protocol_write_data] [line 239]   TX : D1 02 00 42 03 8D 42 AE 4A 20 01 01 52 CF 40 01 04 5A CF 5A F0 62 20 01 00 6A 20 01 00 72 20 01 00 7A 20 01 00 82 60 01 04 8A F0 8A CF 92 A0 01 01 9A CE 60 01 01 CD A2 40 01 00 CC 60 01 00 CB 60 01 E0 61 EF 00 62 20 01 40 EF 00 A3 20 01 02 C3 08 C4 E0 00 EF 00 26 E0 02 EF 00 C8 40 EF 20 ED 40 EF 02 4B 32 4C E0 0C EF 00 EF E0 12 EF 00 D0 E0 0C EF 80 F1 E0 09 EF 00 A8 E1 54 DF 00 62 20 01 01 82 08 E0 02 EF 01 
03-07 23:59:47.763  4046  4155 I DEBUG LOG: [03-07 23:59:47.763] [protocol.c] [protocol_write_data] [line 239]   TX : D1 02 00 09 04 61 DF 00 46 20 01 00 66 21 DD 41 DF C0 EF 00 2A 21 DF 80 EF 00 8D E1 05 DF 41 DD E0 12 EF 02 F0 92 EF 40 F1 00 9A A1 DF 01 A2 CE 20 EB 40 01 41 E1 E0 53 EF E2 11 CD C0 EF 22 CD 01 09 05 E0 00 EF 62 CD 22 CF 00 C9 22 CD 41 DF 80 EF 00 6C 21 DF 40 EF 00 AD 62 CF 00 CF 42 CD 00 52 A1 DD E2 09 CF 22 CD 20 01 E0 24 EF 20 01 E3 00 BF 00 A6 E3 19 BF 02 39 61 31 00 00 01 A5 2F 41 31 21 29 21 29 01 28 
03-07 23:59:47.764  4046  4155 I DEBUG LOG: [03-07 23:59:47.764] [protocol.c] [protocol_write_data] [line 239]   TX : D1 02 00 E1 20 E0 20 C0 18 C0 00 C0 00 00 20 A0 01 02 21 00 41 60 01 00 61 20 01 0A 62 00 82 00 82 08 A2 08 A3 08 C3 20 01 06 E4 08 E4 09 05 11 25 20 01 1F 46 11 66 19 67 19 87 19 A8 19 A8 21 C9 21 E9 22 0A 2A 0A 2A 2B 2A 4B 32 4C 32 6C 3A 6C 3A 8D 3A 11 8D 42 AE 42 AE 4A CE 4A CF 52 CF 52 EF 5A F0 5A F0 62 60 01 00 6A 20 01 00 72 20 01 00 7A 20 01 00 82 20 01 00 8A 60 01 09 92 F0 92 CF 92 CF 9A CF 9A CE 40 
03-07 23:59:47.895  4046  4981 I DEBUG LOG: [03-07 23:59:47.895] [protocol.c] [protocol_receive_data] [line 473] RX : D1 02 00 21 13 0D 00 A4 24 00 00 00 00 00 00 00 00 00 00 00 
03-07 23:59:47.898  4046  4981 I DEBUG LOG: [03-07 23:59:47.898] [jni_protocol.cpp] [jni_notice_app_evt] [line 436] jni send evt notice to app evt type:15
03-07 23:59:47.904  4046  4155 I DEBUG LOG: [03-07 23:59:47.904] [protocol.c] [protocol_write_data] [line 239]   TX : D1 02 00 01 03 A2 CE A2 CD 20 01 00 CC 60 01 00 CB 60 01 00 CA 60 01 04 C9 9A C9 9A C8 40 01 05 92 A7 92 A7 8A A6 40 01 1F 82 85 82 85 7A 65 7A 64 72 64 72 44 6A 44 6A 23 62 03 5A 03 59 E3 51 E2 51 C2 49 A2 41 A2 41 81 04 39 61 39 61 31 E0 45 EF 00 C8 E0 08 EF 20 ED 01 3A AD 20 EF 00 CE 60 EF 00 EF E0 03 EF 03 6B 10 6B 10 E0 0E EF 00 EF 20 EF 60 F1 E0 72 EF 00 62 20 01 41 DF 00 A3 20 01 02 C3 08 C4 21 DD 00 
03-07 23:59:47.907  4046  4155 I DEBUG LOG: [03-07 23:59:47.907] [protocol.c] [protocol_write_data] [line 239]   TX : D1 02 00 04 61 DF 00 46 20 01 00 66 21 DD 41 DF 02 C8 21 E9 61 DF 00 2A E1 00 DF 00 8D 20 01 E0 01 EF 00 CF C0 EF 00 63 20 EB 20 01 06 11 72 F1 73 11 7B 11 E1 04 DF 00 EF 40 01 20 ED E0 93 EF 42 CD 00 A7 22 CF 20 EF 01 22 09 22 CF 02 2A 2A 4B 22 CF 00 6C 22 CF 20 ED 01 3A AE 61 DF 01 CF 4A 21 DD 00 52 22 CD 00 5A 20 ED C0 EF 00 73 20 01 00 7B 20 01 E2 04 CF 20 F1 20 ED E0 63 EF E3 10 BD 23 BF 00 A3 20 01 09 
03-07 23:59:47.910  4046  4155 I DEBUG LOG: [03-07 23:59:47.910] [protocol.c] [protocol_write_data] [line 239]   TX : D1 02 00 C3 08 E4 08 E4 09 05 09 25 11 00 00 01 D1 2A 25 11 46 11 66 11 67 19 87 19 A8 20 01 1F C9 21 E9 22 0A 22 0A 2A 2B 2A 4B 2A 4C 32 6C 32 8C 3A 8D 3A AD 3A AE 42 AE 42 CE 4A CF 4A EF 52 07 EF 52 F0 5A F0 5B 10 63 20 01 04 6B 11 6B 11 73 60 01 08 7B 11 7A F1 83 10 82 F0 8A 60 01 06 92 F0 92 EF 92 CF 9A 40 01 06 CE 9A CE A2 CE A2 CD 20 01 00 CC 60 01 00 CB 60 01 00 CA 60 01 04 C9 9A C9 9A C8 40 01 05 92 
03-07 23:59:47.914  4046  4155 I DEBUG LOG: [03-07 23:59:47.914] [protocol.c] [protocol_write_data] [line 239]   TX : D1 02 00 A7 92 A7 8A A6 40 01 1F 82 85 82 85 7A 65 7A 64 72 64 72 44 6A 44 6A 23 62 03 5A 03 59 E3 51 E2 51 C2 49 A2 41 A2 41 81 14 39 61 39 61 31 41 31 21 29 21 29 01 28 E1 20 E0 20 C0 18 C0 00 80 00 00 20 A0 01 02 21 00 41 60 01 00 61 20 01 02 62 00 82 20 01 04 A2 08 A3 08 C3 20 01 06 E4 08 E4 09 05 11 25 20 01 E0 01 EF 00 C8 A0 EF 00 2A 60 EF 00 6C 20 EF 00 8D 40 EF 40 ED 00 42 20 ED 00 4A 60 EF 01 5B 10 
