03-07 23:59:51.866  4046  4155 I DEBUG LOG: [03-07 23:59:51.866] [protocol.c] [protocol_write_data] [line 239]   TX : D1 02 00 C0 00 C0 DD 00 EE E0 00 11 A0 00 05 02 33 33 33 35 AE 20 18 40 00 E1 02 49 60 00 01 DF FF 60 00 00 FE 60 1C 81 37 E0 02 00 A0 1D A0 1F 00 E0 E0 03 1A 20 00 E0 00 1D 60 3E 00 90 40 12 E0 02 00 E0 01 1D 00 FF 20 59 E1 00 84 A0 00 E0 02 1D 00 FF E0 08 94 E0 04 1D 00 FE E2 02 38 80 00 E0 03 3B 00 FF E1 08 65 E0 03 1D 01 FE C4 A0 32 E0 00 00 E0 03 1D 01 EC CC E1 07 48 E0 02 1D 03 FE CC CC A0 E0 01 36 07 
03-07 23:59:52.069  4046  4981 I DEBUG LOG: [03-07 23:59:52.069] [protocol.c] [protocol_receive_data] [line 473] RX : D1 02 00 89 69 41 00 F8 B1 00 00 00 00 00 00 00 00 00 00 00 
03-07 23:59:52.069  4046  4981 I DEBUG LOG: [03-07 23:59:52.069] [jni_protocol.cpp] [jni_notice_app_evt] [line 436] jni send evt notice to app evt type:15
03-07 23:59:52.071  4046  4155 I DEBUG LOG: [03-07 23:59:52.071] [protocol.c] [protocol_write_data] [line 239]   TX : D1 02 00 00 00 00 00 00 DF FF FF 00 00 01 AE 21 FF FF 80 00 04 DC CC CC C7 00 E0 05 00 00 DF C0 1B 02 FF ED CC 20 00 00 20 E0 05 1E E0 00 1D 60 1C 01 CC 90 E0 0D 1D 80 1C 01 CC C3 E0 05 1D 01 8A AA 20 00 01 AB DD 20 73 60 00 00 C8 E0 05 1D 80 00 01 03 9C 80 1C 01 CC CC A0 10 E0 05 00 00 06 20 18 60 00 00 40 E0 06 18 80 00 00 5C 80 1C 01 CC 70 A0 0F E0 05 00 00 09 20 19 40 00 00 A0 E0 06 17 80 00 00 01 60 1B 
03-07 23:59:52.075  4046  4155 I DEBUG LOG: [03-07 23:59:52.075] [protocol.c] [protocol_write_data] [line 239]   TX : D1 02 00 02 CC CC C0 A0 0F E0 06 00 00 AC 20 1A 20 00 00 C1 E0 07 17 80 00 00 6C 40 1B E0 08 F0 C0 00 00 4C 20 1A 20 00 A1 0E 01 29 99 60 00 00 93 C0 1E 00 3C 40 1B E0 00 1D A0 0D 00 C6 C0 1D E0 05 59 00 2C 20 28 20 00 E1 00 3A 00 8C 40 0D 02 CC CC C2 80 2D 00 0C 20 0A 40 00 80 0D 01 00 00 60 0C 00 CC C0 D1 00 0B 20 0A 40 00 A1 1C 00 07 60 0C 02 CC CC B0 20 28 20 00 00 08 20 0A 40 00 A0 A4 A0 86 01 CC 80 40 
03-07 23:59:52.077  4046  4155 I DEBUG LOG: [03-07 23:59:52.077] [protocol.c] [protocol_write_data] [line 239]   TX : D1 02 00 1B 02 00 00 04 20 0A 60 00 62 0E 00 02 80 0B 00 CC C1 85 C1 3A 80 B5 A0 B1 02 CC CC 10 20 38 40 00 E1 00 D2 02 C8 43 34 A0 B0 02 CC CC C9 60 1A 20 00 A1 1C E0 05 00 00 C4 40 19 40 00 C0 B4 E0 04 00 A0 B2 E0 02 96 E0 03 00 E2 01 1A E0 00 78 E0 01 00 E0 00 76 02 00 00 1C E0 02 16 A0 00 E1 02 DD E0 00 F1 E0 01 00 E0 01 58 02 00 00 7C E0 02 17 60 00 E3 04 46 C1 4C E0 00 00 A1 46 A0 00 E0 06 3C E0 04 3A 
03-07 23:59:52.079  4046  4155 I DEBUG LOG: [03-07 23:59:52.079] [protocol.c] [protocol_write_data] [line 239]   TX : D1 02 00 E0 08 79 E0 03 75 40 00 00 2A E0 01 55 02 CC CC A2 60 12 E0 03 00 E1 02 4E 00 B4 E0 04 18 80 00 06 4B CC CC CC CC CC CC 00 00 00 3C 23 CC CC A4 00 E0 0B 00 02 26 9C CC 20 00 01 C9 62 E0 0C 1C 20 00 03 23 36 63 32 40 07 E0 5A 00 10 52 41 57 00 3C 00 50 00 85 66 00 00 80 25 00 00 FF E0 FF FF FF 43 00 02 FF FF FF 00 00 00 0D 21 FF FF E0 FF FF FF F5 00 02 FF FF FF 00 00 00 0D 21 FF FF E0 FF FF FF F5 00 
03-07 23:59:52.080  4046  4155 I DEBUG LOG: [03-07 23:59:52.080] [protocol.c] [protocol_write_data] [line 239]   TX : D1 02 00 02 FF FF FF 00 00 00 0D 21 FF FF E0 FF FF FF F5 00 02 FF FF FF 00 00 00 0D 21 FF FF E0 FF FF FF F5 00 02 FF FF FF 00 00 00 0D 21 FF FF E0 FF FF FF F5 00 02 FF FF FF 00 00 00 0D 21 FF FF E0 FF FF FF F5 00 02 FF FF FF 00 00 00 0D 21 FF FF E0 FF FF FF F5 00 02 FF FF FF 00 00 00 0D 21 FF FF E0 FF FF FF F5 00 02 FF FF FF 00 00 00 9A 21 FF FF E0 FF FF 2A 00 00 00 E0 5D 00 03 23 37 73 32 E0 0F 6A 02 27 AE 
03-07 23:59:52.082  4046  4155 I DEBUG LOG: [03-07 23:59:52.082] [protocol.c] [protocol_write_data] [line 239]   TX : D1 02 00 EE 20 00 01 EA 72 E0 0C 1F 00 6C 40 1B 40 00 00 C6 E0 0A 1E 00 7D 60 19 60 00 00 D7 E0 08 1E 00 3C 80 18 80 00 00 C3 E0 06 1E 00 07 A0 17 A0 00 00 70 E0 05 1E 00 9E C0 17 80 00 00 E9 E0 04 1D 00 0B A0 15 E0 00 00 00 B0 E0 03 1E 60 CB E0 03 00 00 EA E0 02 1D 00 09 E0 04 19 60 00 00 90 E0 01 1E 00 4E 80 11 E0 03 00 00 E4 E0 01 1D 00 DE E0 04 18 60 00 00 ED E0 00 1D 06 09 EE EE EE EE EE EE 00 00 01 9F 
03-07 23:59:52.084  4046  4155 I DEBUG LOG: [03-07 23:59:52.084] [protocol.c] [protocol_write_data] [line 239]   TX : D1 02 00 21 EE EE E0 03 00 01 90 00 A0 00 00 1E E0 05 17 80 00 00 E1 C0 1D 00 9E A0 10 E0 04 00 00 E9 C0 1D E0 00 16 03 EB 87 78 BE E0 00 0C A0 1D 00 06 C0 10 04 E9 10 00 00 01 E0 00 48 00 60 80 1E 00 0A C0 1D 00 50 40 0F 00 05 C0 0D 00 A0 40 0D 02 00 00 0E A0 0F 00 E5 20 0B 20 00 00 5E A0 0E 00 E0 40 0C 02 00 00 3E A0 0E 00 80 20 0B 20 00 00 08 A0 0E 00 E3 40 0C 02 00 00 7E 80 0E 00 ED 20 0A 60 00 00 DE 80 
03-07 23:59:52.087  4046  4155 I DEBUG LOG: [03-07 23:59:52.087] [protocol.c] [protocol_write_data] [line 239]   TX : D1 02 00 0F 00 E7 80 0D A0 1D 00 E8 80 0D 02 00 00 8E E0 04 1D 00 AE 80 0D A0 49 00 00 C0 69 00 EA 20 0A 20 00 A0 1D E1 00 1C A1 3A A0 1D 01 57 77 60 00 00 70 40 29 40 00 A0 C3 A0 1D E0 07 00 00 2E 80 69 E0 0E 1D A0 F0 E1 00 68 E0 05 00 A1 4B A0 D1 E0 06 00 00 01 80 58 C1 3A E0 06 00 C1 76 00 E2 E0 07 18 60 00 A0 58 01 EE D0 80 0E E0 05 00 00 09 20 18 60 00 E2 00 3A E0 02 00 00 17 A1 65 02 EE EE 40 E0 03 16 
03-07 23:59:52.089  4046  4155 I DEBUG LOG: [03-07 23:59:52.089] [protocol.c] [protocol_write_data] [line 239]   TX : D1 02 00 60 00 01 01 7C 20 16 80 00 E1 00 94 E0 00 00 00 05 E2 01 37 E0 09 D0 00 18 E0 00 55 20 00 E0 07 94 00 19 40 14 E0 00 00 A2 56 C0 00 E0 05 1C E1 06 65 00 07 E0 01 36 40 00 00 D1 E0 00 35 40 00 01 02 CE 60 14 E0 00 00 E0 05 CF 00 6E E0 01 18 40 00 A2 9F A0 00 E1 00 21 A0 00 62 DA E0 00 00 C1 5C A0 00 E0 05 3A E3 00 00 80 00 01 EC 20 E0 01 37 20 00 C2 F0 A0 00 A2 F7 C0 00 E1 03 24 02 EE EE 91 E0 00 17 
03-07 23:59:52.093  4046  4155 I DEBUG LOG: [03-07 23:59:52.093] [protocol.c] [protocol_write_data] [line 239]   TX : D1 02 00 60 00 09 09 EE EE EE EE EE EE EE EE EE 00 00 00 D9 25 EE EE EE EC 81 00 E0 05 00 00 2E 20 14 C0 00 01 EC 50 E0 06 1C 01 00 AE E0 00 1B 02 EE E9 30 20 0F E0 04 00 00 01 20 15 A0 00 01 D8 10 E0 05 1A 20 00 00 08 C0 1B 01 EE A5 40 0E E0 06 00 00 0D 20 17 60 00 00 C3 E0 07 19 40 00 C0 94 00 EB 60 0D E0 07 00 00 7E 80 39 01 EE C0 E0 08 19 40 00 C0 B2 00 20 60 0D E0 07 00 00 CE 20 37 20 00 00 E9 E0 08 18 
03-07 23:59:52.343  4046  4981 I DEBUG LOG: [03-07 23:59:52.342] [protocol.c] [protocol_receive_data] [line 473] RX : D1 02 00 58 3F 43 00 34 B7 00 00 00 00 00 00 00 00 00 00 00 
03-07 23:59:52.343  4046  4981 I DEBUG LOG: [03-07 23:59:52.343] [jni_protocol.cpp] [jni_notice_app_evt] [line 436] jni send evt notice to app evt type:15
03-07 23:59:52.346  4046  4155 I DEBUG LOG: [03-07 23:59:52.346] [protocol.c] [protocol_write_data] [line 239]   TX : D1 02 00 60 00 40 1A 20 00 00 E4 80 0D E0 07 00 40 1A 20 00 00 E0 E0 08 18 60 00 40 1A 20 00 E0 0D 94 01 00 FF 80 00 01 D9 99 E0 04 00 20 18 60 00 A0 1D 01 EC CC E0 04 00 80 1B E0 FF 62 1D 00 AA 80 00 01 96 66 E0 04 00 21 80 E0 52 00 0D 52 41 57 00 3C 00 50 00 85 66 FF FF 80 25 E1 00 EB E0 4A 00 02 FF FF FF 00 00 00 0D 21 FF FF E0 FF FF FF F5 00 02 FF FF FF 00 00 00 0D 21 FF FF E0 FF FF FF F5 00 02 FF FF FF 
03-07 23:59:52.350  4046  4155 I DEBUG LOG: [03-07 23:59:52.350] [protocol.c] [protocol_write_data] [line 239]   TX : D1 02 00 00 00 00 0D 21 FF FF E0 FF FF FF F5 00 02 FF FF FF 00 00 00 0D 21 FF FF E0 FF FF FF F5 00 02 FF FF FF 00 00 00 0D 21 FF FF E0 FF FF FF F5 00 02 FF FF FF 00 00 00 0D 21 FF FF E0 FF FF FF F5 00 02 FF FF FF 00 00 00 0D 21 FF FF E0 FF FF FF F5 00 02 FF FF FF 00 00 00 0D 21 FF FF E0 FF FF FF F5 00 02 FF FF FF 00 00 00 0D 21 FF FF E0 FF FF FF F5 00 02 FF FF FF 00 00 01 17 21 FF FF E0 FF 19 00 00 00 E0 5D 
03-07 23:59:52.353  4046  4155 I DEBUG LOG: [03-07 23:59:52.353] [protocol.c] [protocol_write_data] [line 239]   TX : D1 02 00 00 03 16 68 86 61 E0 0F 6A 01 19 DF 41 A7 01 FE 92 E0 0C 1F 00 6D 40 1B 40 00 00 D6 E0 0A 1E 00 3E 60 19 60 00 00 E4 E0 08 1E 00 0A 80 18 80 00 00 B0 E0 06 1E 01 01 EF A0 18 60 00 01 FE 10 E0 05 1E 00 1E 80 16 C0 00 00 F3 E0 04 1D E0 05 3A 20 00 00 20 E0 03 1E E0 06 3A 02 FF FF E1 E0 03 1D 00 CF 20 10 E0 04 00 00 FD E0 02 1D 00 06 E0 05 1A 40 00 00 80 E0 01 1E 00 1F 60 10 E0 04 00 00 F1 E0 01 1D 00 
03-07 23:59:52.357  4046  4155 I DEBUG LOG: [03-07 23:59:52.357] [protocol.c] [protocol_write_data] [line 239]   TX : D1 02 00 AF E0 05 19 40 00 00 FB E0 00 1D 00 01 60 0F E0 06 00 E0 00 F2 00 08 E0 07 19 40 00 00 90 C0 3C 00 0E 60 0E 20 00 02 FE 96 69 61 A7 40 00 00 E0 C0 1D 00 2F 60 0E 20 1C 03 40 00 00 04 C1 52 E1 00 2E 00 8F 20 19 40 00 61 02 C1 18 00 F9 C0 3B 00 BF 60 1B 00 FF 81 3E C0 A2 00 FC C0 1D A0 4C 00 FA 80 0F 00 9F 20 27 20 00 00 FE 80 0D E0 00 1D 00 F2 20 0A 20 00 A1 1A E0 00 1D 08 FF FF FF FF FF FF FF F0 00 
03-07 23:59:52.360  4046  4155 I DEBUG LOG: [03-07 23:59:52.360] [protocol.c] [protocol_write_data] [line 239]   TX : D1 02 00 00 00 01 95 21 00 00 20 00 01 0E FF 80 00 60 0C 20 00 A0 0E 00 E0 40 0B E0 A6 1D 00 F0 20 B0 20 00 00 0F A0 C2 40 0B 40 00 00 EF 80 0F 00 F5 60 0C 01 00 5F 80 0D E0 00 1D 00 DF 20 0B 20 00 00 FC 20 1A 20 00 00 CF 40 0B 02 FF FF FE 40 0B 40 00 00 AF 20 0C 40 00 00 80 40 0D 00 08 60 0A E0 02 1D 00 4F 20 0C 40 00 00 F9 40 1D 00 9F 60 0A 02 FF FF FD 40 0C 40 00 C0 87 04 FF E6 20 02 6E 20 06 60 00 A0 67 
03-07 23:59:52.365  4046  4155 I DEBUG LOG: [03-07 23:59:52.365] [protocol.c] [protocol_write_data] [line 239]   TX : D1 02 00 02 00 00 0C 80 0F E0 05 00 00 EC 20 18 60 00 00 03 E0 06 18 60 00 00 DC 80 1B 20 00 A0 B4 E0 03 00 01 FE CC 40 18 60 00 00 3F E0 04 18 60 00 00 FD E0 01 1D 00 0B 80 11 E0 03 00 00 EC E0 01 1D C1 2D E0 02 00 00 CC E0 02 1D E0 08 5A 00 FD E0 03 1D 00 04 E0 03 36 40 00 00 DC E0 03 1D 01 00 6F 60 13 E0 00 00 20 3A E0 02 59 E0 07 3C 20 3A E0 03 1D 01 00 2E E0 01 38 02 FF FF FC 20 1C E0 04 1D E1 00 A8 20 
03-07 23:59:52.370  4046  4155 I DEBUG LOG: [03-07 23:59:52.370] [protocol.c] [protocol_write_data] [line 239]   TX : D1 02 00 00 00 FE 20 1B E0 06 1D 00 02 A1 D7 C0 1C E0 05 3B 02 00 01 7A 20 19 20 00 00 AB 20 19 40 00 20 12 E0 04 00 06 03 58 88 88 85 30 09 60 1B E0 09 1D 80 00 E0 25 1D 00 66 80 00 00 40 80 3C E0 07 3B 20 64 40 00 00 A0 80 1D 00 0B 60 0C 01 CC CA 80 0D 02 00 00 9C 20 0C 20 00 00 C0 20 0A 20 00 00 1C 40 0B 02 CC CC C9 40 0B 40 00 A0 1D 00 C4 60 0C 01 00 6C 20 1A 20 00 00 C8 20 0A 60 00 0C 7C CC CC CC CC CC 
03-07 23:59:52.375  4046  4155 I DEBUG LOG: [03-07 23:59:52.375] [protocol.c] [protocol_write_data] [line 239]   TX : D1 02 00 CC CC 00 00 00 00 00 00 00 01 0C 21 01 CC 80 00 01 C5 00 A0 00 01 4C CC 80 00 00 A0 40 10 00 0A A0 0C 00 C2 40 0C 40 00 00 1C A0 10 05 CA 20 00 00 03 BC A0 0C 00 C0 60 1A 20 00 C0 2E 04 CC C8 53 35 9C 20 06 60 00 00 80 40 19 40 00 00 05 80 0F E0 05 00 00 30 60 1A 40 00 E0 06 18 40 00 00 CA 60 18 60 00 00 6C 60 10 E0 04 00 00 C4 80 19 40 00 00 0C E0 05 19 40 00 00 90 60 18 60 00 00 04 60 10 E0 04 00 
03-07 23:59:52.377  4046  4155 I DEBUG LOG: [03-07 23:59:52.377] [protocol.c] [protocol_write_data] [line 239]   TX : D1 02 00 20 BE E0 00 00 00 8C E0 05 1A E1 02 0B 40 00 E0 00 D3 C0 00 E0 00 CF 40 00 C1 3E C0 00 E0 02 B1 40 00 00 2B E0 00 18 60 00 E0 02 93 60 00 00 AC 80 16 80 00 00 C8 80 13 E0 01 00 00 06 A0 18 60 00 00 40 E0 02 18 80 00 00 29 80 18 40 00 00 81 A0 12 E0 03 00 00 39 60 19 20 00 00 83 E0 04 16 C0 00 00 15 61 9F 00 C8 E0 09 56 A0 00 03 13 36 63 31 C0 0B E0 56 00 10 52 41 57 00 3C 00 50 00 85 66 FF FF 80 25 
03-07 23:59:52.380  4046  4155 I DEBUG LOG: [03-07 23:59:52.380] [protocol.c] [protocol_write_data] [line 239]   TX : D1 02 00 00 00 FF E0 FF 61 00 02 FF FF FF 00 00 00 0D 21 FF FF E0 FF FF FF F5 00 02 FF FF FF 00 00 00 0D 21 FF FF E0 FF FF FF F5 00 02 FF FF FF 00 00 00 0D 21 FF FF E0 FF FF FF F5 00 02 FF FF FF 00 00 00 0D 21 FF FF E0 FF FF FF F5 00 02 FF FF FF 00 00 00 0D 21 FF FF E0 FF FF FF F5 00 02 FF FF FF 00 00 00 0D 21 FF FF E0 FF FF FF F5 00 02 FF FF FF 00 00 00 0D 21 FF FF E0 FF FF FF F5 00 02 FF FF FF 00 00 00 0D 
03-07 23:59:52.738  4046  4981 I DEBUG LOG: [03-07 23:59:52.738] [protocol.c] [protocol_receive_data] [line 473] RX : D1 02 00 1D 1E 45 00 70 BC 00 00 00 00 00 00 00 00 00 00 00 
03-07 23:59:52.738  4046  4981 I DEBUG LOG: [03-07 23:59:52.738] [jni_protocol.cpp] [jni_notice_app_evt] [line 436] jni send evt notice to app evt type:15
03-07 23:59:52.741  4046  4155 I DEBUG LOG: [03-07 23:59:52.741] [protocol.c] [protocol_write_data] [line 239]   TX : D1 02 00 21 FF FF E0 FF FF FF F5 00 02 FF FF FF 00 00 00 0D 21 FF FF E0 FF FF FF F5 00 02 FF FF FF 00 00 01 2C 21 FF FF E0 08 00 00 00 E0 5D 00 03 13 37 73 31 E0 0F 6A 02 16 AD EE 20 00 01 DA 61 E0 0C 1F 00 3A 40 1B 40 00 00 A3 E0 0A 1E 00 2A 60 19 60 00 00 A2 E0 08 1E 00 08 80 18 80 00 00 80 E0 07 1E 00 BE A0 18 60 00 00 EB E0 06 1D 00 2C 80 16 C0 00 00 C2 E0 04 1E 01 01 DE E0 00 18 60 00 01 ED 10 E0 03 1E 
03-07 23:59:52.743  4046  4155 I DEBUG LOG: [03-07 23:59:52.743] [protocol.c] [protocol_write_data] [line 239]   TX : D1 02 00 00 0B 80 14 E0 01 00 00 B0 E0 03 1D 00 9E E0 02 18 60 00 00 E9 E0 02 1D 00 06 80 12 E0 03 00 00 60 E0 01 1E 00 0D E0 04 18 60 00 00 D0 E0 01 1D 00 7E 80 11 E0 03 00 00 E7 E0 01 1D E0 06 B1 40 00 00 ED E0 00 1D E0 0A 76 E0 02 78 E0 00 CF 02 E9 63 36 E0 00 BD E0 00 D3 00 1E 20 2A 40 00 04 EB 20 00 00 02 C1 52 00 E1 C0 5A 00 5E 60 1B A0 2E C0 48 00 E5 C0 1D 00 8E 20 19 20 00 A0 88 A0 A2 00 E8 C0 1D 00 
03-07 23:59:52.747  4046  4155 I DEBUG LOG: [03-07 23:59:52.747] [protocol.c] [protocol_write_data] [line 239]   TX : D1 02 00 AE 40 1B E0 00 2D A0 49 00 EA E0 06 1D 00 E0 80 0F 00 0E 20 28 20 00 E0 00 1D 40 0C 20 00 A0 A5 C0 78 80 2B E0 00 1D 00 A0 20 0A 20 00 00 0A 40 29 20 00 40 0B 40 00 40 0B 20 00 E0 CA 1D 02 00 00 00 00 00 00 C9 24 00 00 00 0A EE 80 00 20 0A 60 00 A0 0E 00 A0 80 0D E0 FF FF 68 1D 00 B0 82 75 00 0B A2 84 80 0D 02 00 00 AE 80 0F 00 E0 20 0A 20 00 00 0E 80 0D 00 EA 40 0B 40 00 A0 1D 00 E5 60 0C 01 00 5E 
03-07 23:59:52.750  4046  4155 I DEBUG LOG: [03-07 23:59:52.750] [protocol.c] [protocol_write_data] [line 239]   TX : D1 02 00 E0 06 1D 00 8E 80 0F 00 ED 20 1A 20 00 00 DE 80 0D 00 E8 40 0B 40 00 A0 2D 80 78 C0 76 A0 49 02 00 00 1E 20 19 40 00 05 EB 20 00 00 02 BE 60 0A 02 EE EE E1 20 18 60 00 C0 2E 04 EE E9 63 36 9E 20 06 60 00 A0 C1 02 00 00 06 80 0F E0 05 00 00 60 20 18 80 00 A0 88 E0 03 00 A0 A2 40 00 00 7E E0 04 18 60 00 00 E7 60 18 60 00 00 0D 80 11 E0 03 00 00 D0 80 19 40 00 E0 0A 78 E0 01 76 01 00 00 E0 00 A9 03 EE 
03-07 23:59:52.753  4046  4155 I DEBUG LOG: [03-07 23:59:52.753] [protocol.c] [protocol_write_data] [line 239]   TX : D1 02 00 EE EE EE 00 00 00 94 25 EE EE EE EE E9 00 E0 02 00 00 0B 40 11 E0 03 00 00 B0 E0 03 1D 01 01 DE E0 04 1B 02 EE ED 10 E0 03 1D 01 00 2C 20 12 E0 02 00 00 C2 20 12 E0 03 00 00 BE E0 03 1C 00 EB E0 04 1A 20 00 00 08 E0 03 1D 00 80 40 11 E0 04 00 00 2A E0 01 1E 00 A2 E0 05 19 60 00 00 3A C0 1E 00 A3 80 0F E0 06 00 01 16 9D 40 1F 01 D9 61 E0 07 17 C0 00 03 13 37 73 31 E0 00 0C E0 55 00 10 52 41 57 00 3C 
03-07 23:59:52.756  4046  4155 I DEBUG LOG: [03-07 23:59:52.756] [protocol.c] [protocol_write_data] [line 239]   TX : D1 02 00 00 50 00 85 66 FF FF 80 25 00 00 FF E0 FF FF 72 00 02 FF FF FF 00 00 00 0D 21 FF FF E0 FF FF FF F5 00 02 FF FF FF 00 00 00 0D 21 FF FF E0 FF FF FF F5 00 02 FF FF FF 00 00 00 0D 21 FF FF E0 FF FF FF F5 00 02 FF FF FF 00 00 00 0D 21 FF FF E0 FF FF FF F5 00 02 FF FF FF 00 00 00 0D 21 FF FF E0 FF FF FF F5 00 02 FF FF FF 00 00 00 0D 21 FF FF E0 FF FF FF F5 00 02 FF FF FF 00 00 00 0D 21 FF FF E0 FF FF FF 
03-07 23:59:52.759  4046  4155 I DEBUG LOG: [03-07 23:59:52.759] [protocol.c] [protocol_write_data] [line 239]   TX : D1 02 00 F5 00 02 FF FF FF 00 00 00 0D 21 FF FF E0 FF FF FF F5 00 02 FF FF FF 00 00 00 48 21 FF FF E0 FF FF FA 00 00 00 E0 5D 00 03 13 36 63 31 E0 0F 6A 02 15 9C CC 20 00 01 C9 51 E0 0C 1F 00 39 40 1B 40 00 00 93 E0 0A 1E 00 29 60 19 60 00 00 92 E0 08 1E 00 07 80 18 80 00 00 60 E0 07 1E 04 AC CC CC CC CC 00 00 01 AF 21 CC CC 80 00 01 CA 00 E0 05 00 00 2B C0 18 80 00 00 B2 E0 04 1E 00 02 A0 15 E0 00 00 00 10 
03-07 23:59:52.762  4046  4155 I DEBUG LOG: [03-07 23:59:52.762] [protocol.c] [protocol_write_data] [line 239]   TX : D1 02 00 E0 03 1E 00 0A E0 01 17 80 00 00 A0 E0 03 1D 00 8C A0 14 E0 00 00 00 C8 E0 02 1D 00 05 E0 01 16 C0 00 00 40 E0 01 1E 00 0C E0 00 14 E0 00 00 00 C0 E0 01 1D 00 6C E0 01 15 C0 00 00 C6 E0 01 1D E0 00 13 E0 02 00 E0 00 1D E0 0A 76 02 CC CC 50 C0 1E E0 00 CF 02 C8 53 35 E0 00 BD E0 00 D3 00 1C 20 2A 40 00 01 CA 20 21 17 00 AC 60 0A 02 CC CC C1 C0 3B 00 4C 20 0C 40 00 60 2E C0 48 00 C4 C0 1D 00 7C 60 1B 
03-07 23:59:52.768  4046  4155 I DEBUG LOG: [03-07 23:59:52.768] [protocol.c] [protocol_write_data] [line 239]   TX : D1 02 00 00 CC A0 88 20 08 40 00 00 C7 C0 1D 00 9C 60 0E C0 2D A0 DE 00 C9 C0 1D A0 6A A1 00 A1 1A E0 00 1D 20 37 40 00 60 76 E0 01 78 20 0A 60 00 60 1B 02 CC CC 90 80 0D 01 02 33 80 00 80 0D E0 07 1D E0 07 00 20 37 40 00 A0 3B E0 07 00 60 1B 20 1D 04 02 47 88 88 74 E2 04 15 40 00 20 19 40 00 02 BA EF FF 20 00 01 FE A4 60 13 E0 01 00 60 1B 01 CC DF 40 1B 40 00 00 E6 E0 02 1A 20 00 20 1A E0 02 1C 02 FF FF E5 
03-07 23:59:52.774  4046  4155 I DEBUG LOG: [03-07 23:59:52.774] [protocol.c] [protocol_write_data] [line 239]   TX : D1 02 00 40 14 E0 00 00 20 1B 01 CC CE 20 15 E0 00 00 00 B1 E0 01 1B 60 1D 00 CD E0 01 1A 20 00 01 FE 30 20 15 C0 00 20 3A E0 00 74 80 00 00 F3 E0 00 1B 40 1D E0 05 3A 20 00 E0 02 3C E0 08 3A 02 FF FF F2 20 34 A0 00 01 CC CC 20 0F E0 05 00 00 FD C0 1B 20 1D E0 04 B0 80 00 00 80 20 17 80 00 E0 07 93 40 00 E0 01 5A 00 CC 61 42 E0 05 00 00 FA A0 39 01 00 00 E0 08 B1 40 00 22 9F 80 00 E0 01 76 02 FF FF FF 00 00 
03-07 23:59:53.026  4046  6425 I DEBUG LOG: [03-07 23:59:53.026] [protocol.c] [protocol_receive_data] [line 473] RX : D1 02 00 36 F1 46 00 AC C1 00 00 00 00 00 00 00 00 00 00 00 
03-07 23:59:53.027  4046  6425 I DEBUG LOG: [03-07 23:59:53.027] [jni_protocol.cpp] [jni_notice_app_evt] [line 436] jni send evt notice to app evt type:15
03-07 23:59:53.029  4046  4155 I DEBUG LOG: [03-07 23:59:53.029] [protocol.c] [protocol_write_data] [line 239]   TX : D1 02 00 01 94 21 FF FF 80 00 01 80 00 A0 00 00 CF C0 11 03 E7 30 03 7E C0 0B 00 E0 C0 1D 00 DF A0 11 05 FA 10 00 00 01 AF A0 0C 00 F2 C0 1D 00 EF A0 10 00 A0 40 10 00 0A A0 0C 00 F7 40 0C 40 00 A0 1D 00 FD 60 0C C0 49 00 F9 20 0A 60 00 A0 2D 00 F5 80 0D 00 5F 80 0E 00 FC 80 0D 00 00 C0 1D 00 F0 20 0A 20 00 00 0F 80 1D A0 49 E0 00 1D A0 A5 00 0C 80 1D 00 FF 20 18 60 00 20 0A 40 00 E0 76 1D 00 0D 60 84 00 FF 
03-07 23:59:53.035  4046  4155 I DEBUG LOG: [03-07 23:59:53.035] [protocol.c] [protocol_write_data] [line 239]   TX : D1 02 00 E0 0E 95 00 0E 20 19 40 00 80 B1 00 00 C1 2B 00 F1 20 0A 20 00 00 1F 60 1B 01 FF FE 40 0B 40 00 A1 49 A1 3B 00 9F 20 1A 20 00 E0 00 1D C1 C1 21 A2 21 A4 40 1A 20 00 E1 00 49 A0 2D 81 0E C0 76 A0 49 02 00 00 3F 20 19 40 00 04 FE 40 00 00 04 A0 66 01 FF F3 20 18 60 00 C0 2E 03 FF FD 86 68 C2 09 80 48 40 00 C1 F0 E0 04 00 62 0A 40 00 C0 88 E0 04 00 60 A2 60 00 00 BF E0 05 18 40 00 00 FB 80 19 40 00 A1 
03-07 23:59:53.038  4046  4155 I DEBUG LOG: [03-07 23:59:53.038] [protocol.c] [protocol_write_data] [line 239]   TX : D1 02 00 00 E0 03 00 A1 1A 40 00 E0 0A 78 00 90 60 18 80 00 E0 00 A9 C0 00 E2 00 37 40 00 00 1E E0 00 16 A0 00 00 E1 60 16 A0 00 00 04 C0 15 C0 00 00 30 C0 19 60 00 00 4F E0 00 17 60 00 00 F4 80 15 C0 00 00 01 C1 40 60 00 00 FE E0 01 EC 80 00 C2 A7 60 00 00 B0 A0 14 E0 01 00 00 4E 80 18 40 00 00 E4 E0 02 16 C0 00 00 6E 60 19 20 00 00 E6 E0 00 12 E0 03 00 00 3A 60 7B 01 FD A3 E0 04 14 E0 02 00 07 36 6B B6 63 
03-07 23:59:53.042  4046  4155 I DEBUG LOG: [03-07 23:59:53.042] [protocol.c] [protocol_write_data] [line 239]   TX : D1 02 00 00 00 00 00 00 00 00 22 21 00 00 E0 58 00 10 52 41 57 00 3C 00 50 00 85 66 FF FF 80 25 00 00 FF E0 FF FF FF 83 00 02 FF FF FF 00 00 00 0D 21 FF FF E0 FF FF FF F5 00 02 FF FF FF 00 00 00 0D 21 FF FF E0 FF FF FF F5 00 02 FF FF FF 00 00 00 0D 21 FF FF E0 FF FF FF F5 00 02 FF FF FF 00 00 00 0D 21 FF FF E0 FF FF FF F5 00 02 FF FF FF 00 00 00 0D 21 FF FF E0 FF FF FF F5 00 02 FF FF FF 00 00 00 0D 21 FF FF 
03-07 23:59:53.045  4046  4155 I DEBUG LOG: [03-07 23:59:53.045] [protocol.c] [protocol_write_data] [line 239]   TX : D1 02 00 E0 FF FF FF F5 00 02 FF FF FF 00 00 00 0D 21 FF FF E0 FF FF FF F5 00 02 FF FF FF 00 00 00 0D 21 FF FF E0 FF FF FF F5 00 02 FF FF FF 00 00 00 66 21 FF FF E0 FF E9 00 00 00 E0 7E 00 01 AD DD 40 00 00 D8 E0 0E 8E 00 BD 60 1D 00 D7 E0 2B 1D 00 03 E0 14 3B 00 05 80 1D 00 D6 E0 0D 59 00 09 E0 14 1D 00 3A E0 14 1D 00 8A E0 13 1D 01 05 AA 80 1D 00 C6 E0 0C 77 00 2A E0 13 1D 01 01 9A E0 13 1D 01 19 AA 80 1D 
03-07 23:59:53.051  4046  4155 I DEBUG LOG: [03-07 23:59:53.051] [protocol.c] [protocol_write_data] [line 239]   TX : D1 02 00 00 DC E0 0B 59 01 04 AA E0 12 1D 03 02 7A AA AA 00 00 00 87 22 AA BD DD 20 00 02 CC C6 00 E0 07 00 02 13 7A AA 20 00 00 BD E0 0B 1D 02 59 77 79 40 1B 80 1D 00 DC E0 07 3B 00 5A 20 18 60 00 40 3B E0 15 1D 00 CC E0 13 3B 00 DC E0 32 1D 00 CC E0 13 3B 20 58 E0 12 77 20 1C E0 11 1D 20 1B E0 11 1D 00 9C 20 1B E0 10 1D 01 82 6C 20 1B E0 0F 1D 01 83 00 E0 12 1D 01 62 00 E0 11 1D 01 75 30 21 B7 E0 0C 3B 02 
03-07 23:59:53.054  4046  4155 I DEBUG LOG: [03-07 23:59:53.054] [protocol.c] [protocol_write_data] [line 239]   TX : D1 02 00 12 22 22 20 1A 20 00 E0 0C 1D E0 00 00 E0 FF F6 1D 02 6C CC CC 00 00 00 30 24 CC CC CC C6 00 E0 0D 00 00 6C 20 1B 00 CC E0 FF FF C4 1D E0 5F 00 10 52 41 57 00 3C 00 50 00 85 66 FF FF 80 25 00 00 FF E0 90 00 02 FF FF FF 00 00 00 0D 21 FF FF E0 FF FF FF F5 00 02 FF FF FF 00 00 00 0D 21 FF FF E0 FF FF FF F5 00 02 FF FF FF 00 00 00 0D 21 FF FF E0 FF FF FF F5 00 02 FF FF FF 00 00 00 0D 21 FF FF E0 FF FF 
03-07 23:59:53.057  4046  4155 I DEBUG LOG: [03-07 23:59:53.057] [protocol.c] [protocol_write_data] [line 239]   TX : D1 02 00 FF F5 00 02 FF FF FF 00 00 00 0D 21 FF FF E0 FF FF FF F5 00 02 FF FF FF 00 00 00 0D 21 FF FF E0 FF FF FF F5 00 02 FF FF FF 00 00 00 0D 21 FF FF E0 FF FF FF F5 00 02 FF FF FF 00 00 00 0D 21 FF FF E0 FF FF FF F5 00 02 FF FF FF 00 00 00 0D 21 FF FF E0 FF FF FF F5 00 02 FF FF FF 00 00 00 C3 21 FF FF E0 D8 00 00 00 E0 53 00 01 03 77 E0 08 00 04 9A AA AA AA 60 80 74 01 07 EE E0 08 00 41 70 00 A0 E0 0F 1D 
03-07 23:59:53.063  4046  4155 I DEBUG LOG: [03-07 23:59:53.063] [protocol.c] [protocol_write_data] [line 239]   TX : D1 02 00 00 EF E0 14 1D 40 1C E0 10 3B 60 3A E0 2E 1D 20 38 20 00 E0 0E 95 80 58 E0 0F 1D 20 19 40 00 E0 0D 3B A0 3A E0 2C 1D 20 36 60 00 E0 0C 59 C0 58 E0 2B 1D 20 35 80 00 A0 59 00 05 21 AE E0 00 00 00 AE E1 00 B0 00 90 81 A3 E0 04 00 01 6C CC A0 00 00 C8 E0 05 17 60 00 00 02 C0 1C 01 CC 80 80 10 E0 04 00 00 0A 20 17 60 00 E0 0B 3A 01 00 5C 80 1B E0 0D 3A 00 01 20 17 60 00 E0 0C 3A 00 09 80 1B 01 CC CC A0 
03-07 23:59:53.072  4046  4155 I DEBUG LOG: [03-07 23:59:53.072] [protocol.c] [protocol_write_data] [line 239]   TX : D1 02 00 CE E0 05 00 00 4C 20 18 60 00 E0 06 17 08 00 00 00 00 00 00 CC CC CC 00 00 01 2C 21 CC CC 20 00 01 C2 00 E0 0A 00 00 07 60 1A 20 00 00 50 E0 0B 1D 00 1C 40 19 20 00 00 C8 E0 0B 1C 01 00 9C 40 1A 20 00 00 B0 20 0B E0 08 00 00 04 40 19 40 00 00 30 E0 09 1B 02 00 00 0B 60 1A 02 CC CC C7 20 0B E0 09 00 00 5C 20 19 40 00 E0 0C 58 00 00 60 1A 20 00 E0 0C 58 00 06 40 19 20 00 E0 0D B1 00 0C 40 1A 20 00 00 
03-07 23:59:53.387  4046  6425 I DEBUG LOG: [03-07 23:59:53.387] [protocol.c] [protocol_receive_data] [line 473] RX : D1 02 00 A3 E2 48 00 E8 C6 00 00 00 00 00 00 00 00 00 00 00 
03-07 23:59:53.388  4046  6425 I DEBUG LOG: [03-07 23:59:53.388] [jni_protocol.cpp] [jni_notice_app_evt] [line 436] jni send evt notice to app evt type:15
03-07 23:59:53.390  4046  4155 I DEBUG LOG: [03-07 23:59:53.390] [protocol.c] [protocol_write_data] [line 239]   TX : D1 02 00 C0 20 46 E0 09 00 00 6C 40 1A 20 00 E1 0C 0A C0 76 00 CB 20 0A E0 09 00 C0 76 00 C4 E0 0A 1B 00 00 E0 00 76 00 90 20 0B E0 09 00 C0 76 E0 0C CF C0 76 00 C9 20 0A E0 09 00 00 05 40 AE 20 00 00 C3 E0 0A 1B E1 01 64 E1 0D 46 00 4C 40 38 20 00 00 40 20 29 E0 09 00 A1 DB E0 0D ED 00 01 40 37 20 00 00 C6 E0 0A 38 E2 01 52 E1 0D 64 C1 82 00 80 20 29 E0 09 00 E0 15 94 00 8C 40 74 E0 17 94 E2 0D 52 C1 29 00 
03-07 23:59:53.392  4046  4155 I DEBUG LOG: [03-07 23:59:53.392] [protocol.c] [protocol_write_data] [line 239]   TX : D1 02 00 C1 E0 0A 74 02 00 00 0A 20 55 40 00 00 A0 20 0B E0 09 00 C3 05 E2 0D 17 C2 AC 00 10 E0 0A 39 E0 16 B2 C1 DC E0 0D B2 C3 41 E1 0D DC C3 B8 E1 0D 65 C0 D0 06 80 00 00 00 00 00 00 00 00 00 D1 21 00 00 E0 04 00 01 0C CC 80 00 00 50 E0 06 17 80 00 00 3C A0 1D 00 20 A0 0F E0 05 00 00 6C A0 1D E0 06 16 A0 00 00 8C 80 1D 00 C9 C0 0F E0 05 00 00 BC 80 1D 00 C6 E0 06 16 A0 00 80 1C 01 CC C3 C0 0F E0 04 00 00 
03-07 23:59:53.394  4046  4155 I DEBUG LOG: [03-07 23:59:53.394] [protocol.c] [protocol_write_data] [line 239]   TX : D1 02 00 03 20 19 40 00 00 C0 E0 05 16 A0 00 00 04 60 1B 02 CC CC B0 C0 10 E0 04 00 00 06 20 19 40 00 00 90 E0 05 16 A0 00 00 08 60 1B 02 CC CC 60 C0 10 E0 04 00 00 09 20 19 40 00 00 40 E0 05 16 A0 00 C0 1D 00 30 C0 10 E0 04 00 00 0B 60 39 00 CC E1 0E 2A C1 84 E0 05 33 C0 00 A0 1D 00 CA E0 00 10 E0 04 00 01 06 66 60 00 00 64 E0 05 15 E0 54 00 10 52 41 57 00 3C 00 50 00 85 66 00 00 80 25 00 00 FF E0 FF A1 00 
03-07 23:59:53.395  4046  4155 I DEBUG LOG: [03-07 23:59:53.395] [protocol.c] [protocol_write_data] [line 239]   TX : D1 02 00 02 FF FF FF 00 00 00 0D 21 FF FF E0 FF FF FF F5 00 02 FF FF FF 00 00 00 0D 21 FF FF E0 FF FF FF F5 00 02 FF FF FF 00 00 00 0D 21 FF FF E0 FF FF FF F5 00 02 FF FF FF 00 00 00 0D 21 FF FF E0 FF FF FF F5 00 02 FF FF FF 00 00 00 0D 21 FF FF E0 FF FF FF F5 00 02 FF FF FF 00 00 00 0D 21 FF FF E0 FF FF FF F5 00 02 FF FF FF 00 00 00 0D 21 FF FF E0 FF FF FF F5 00 02 FF FF FF 00 00 00 0D 21 FF FF E0 FF FF FF 
03-07 23:59:53.397  4046  4155 I DEBUG LOG: [03-07 23:59:53.397] [protocol.c] [protocol_write_data] [line 239]   TX : D1 02 00 F5 00 02 FF FF FF 00 00 00 12 21 FF FF E0 FF FF FF CB 00 00 00 E0 20 00 02 00 00 00 00 00 01 7B 21 00 00 E0 32 00 01 06 10 E0 13 3E 02 5F FD 81 E0 11 1E 04 01 DF FF FF D8 E0 10 3E 06 0B EF FF FF FF FD 93 E0 0E 3E 00 8E 40 1D 03 FF FF E9 30 E0 0B 1F 01 03 EE 80 1D 01 FF FE E0 0B 1D 00 0D C0 1D 00 FD E0 0B 1D 00 9E C0 1D 00 EC E0 0A 1D 01 06 EE C0 1D 00 CC E0 0A 1D 00 2D C0 1D 00 FD E0 0B 1D 00 BE C0 
03-07 23:59:53.399  4046  4155 I DEBUG LOG: [03-07 23:59:53.399] [protocol.c] [protocol_write_data] [line 239]   TX : D1 02 00 1D 00 EC E0 0A 1D 01 08 EE A0 1D 01 FE CC E0 0A 1D 00 4E C0 1D 00 FC E0 0B 1D 00 DE C0 1D 00 DC E0 0A 1D 00 0A 20 1C 60 B3 20 58 E0 09 59 00 6E 20 1C 60 1D 20 58 E0 08 1D 00 02 20 1B 80 1D 20 58 E0 08 1D 00 0B 20 1B 60 1D 00 FD 20 1C E0 08 1D 00 9E 20 1B 60 1D 00 EC 20 1C E0 07 1D 00 04 20 1A 20 00 21 A3 20 1B E0 08 1D 00 1D 40 1B 40 1D 60 58 E0 07 3B 00 AE 20 1A 20 00 00 EF 80 58 E0 06 1D 00 07 40 
03-07 23:59:53.406  4046  4155 I DEBUG LOG: [03-07 23:59:53.406] [protocol.c] [protocol_write_data] [line 239]   TX : D1 02 00 1A 20 00 00 EF 80 58 E0 06 1D 00 2E 40 1A 20 00 00 EF 80 58 E0 06 1D 00 CE 40 1A 20 00 00 EF 40 EC 20 00 E1 04 DF 00 09 40 19 40 00 00 ED 40 1A 20 00 E0 04 1D 00 5E 60 1A 20 00 00 CA 40 1A 20 00 E0 03 1D 00 01 41 9E 60 00 00 29 40 1A 20 00 E0 03 1D 81 45 20 00 01 E7 09 40 1A 20 00 E0 03 1D 00 7E 40 19 40 00 00 A0 E0 0A 1D 00 03 60 19 20 00 01 ED 10 E0 0A 1D 00 0C 40 19 40 00 01 E4 00 E0 0A 1D 81 9E 
03-07 23:59:53.408  4046  4155 I DEBUG LOG: [03-07 23:59:53.408] [protocol.c] [protocol_write_data] [line 239]   TX : D1 02 00 07 EE EE EE 80 00 09 CC CC 00 00 00 94 21 CC CC 20 00 00 00 E0 00 00 01 06 EE A0 00 03 EB 00 00 09 60 1B E0 03 1D 00 2D C0 1D 00 E2 E0 0B 1D 00 BE C0 1D 00 60 E0 0A 1D 00 08 C0 1C 00 EA 20 6C E0 08 59 00 3E C0 1D 00 D0 E0 0B 1D 00 DE C0 1D 00 40 E0 0A 1D 00 0A C0 1C 00 E8 20 1C E0 08 59 00 6E C0 1D 00 B0 20 1C E0 08 1D 00 AE C0 1D 60 00 01 EF FF 80 00 20 0D 40 A4 E0 FF 7F 1D 01 8A AA E0 03 00 00 AD 
03-07 23:59:53.410  4046  4155 I DEBUG LOG: [03-07 23:59:53.410] [protocol.c] [protocol_write_data] [line 239]   TX : D1 02 00 21 9C 40 00 20 14 00 A8 21 A2 E0 06 00 E2 08 57 E0 04 00 E0 FF 0A 1D 02 CC CC CC 00 00 00 D6 21 CC 00 E0 0C 00 01 09 CC 80 00 00 00 E0 0C 00 E0 8D 1D 01 04 66 80 00 E0 0D B3 E0 41 00 10 52 41 57 00 0A 00 12 00 85 66 FF FF 68 01 00 00 FF E0 00 00 01 B5 96 40 01 E0 07 0F 40 01 C0 13 40 0B C0 01 E0 2B 13 C0 41 C0 3B 80 00 80 51 A0 0C A0 00 E0 C9 13 21 E1 00 52 21 C6 05 7B B5 00 00 19 BB 20 04 01 5B A9 
03-07 23:59:53.412  4046  4155 I DEBUG LOG: [03-07 23:59:53.412] [protocol.c] [protocol_write_data] [line 239]   TX : D1 02 00 20 04 01 59 18 20 04 01 10 08 20 04 00 00 E0 2E 04 20 54 E1 0B D1 81 3F 80 01 81 53 80 0B E0 01 01 40 15 E0 01 0D 80 01 E0 01 13 E0 01 09 C0 01 40 11 40 00 80 0F 60 0A A0 00 80 11 E0 0B 13 C0 21 40 00 40 21 40 01 60 0C 60 00 40 0D 40 01 80 0D 40 00 40 0D 40 01 60 0C 60 00 40 0D 80 01 80 0F 40 00 0A B5 96 B5 96 B5 96 B5 96 FF FF FF 00 00 01 78 21 FF FF 60 00 01 B5 96 80 01 A0 0E 60 00 E0 0F 11 E0 0B 
03-07 23:59:53.626  4046  6425 I DEBUG LOG: [03-07 23:59:53.626] [protocol.c] [protocol_receive_data] [line 473] RX : D1 02 00 2F AB 4A 00 24 CC 00 00 00 00 00 00 00 00 00 00 00 
03-07 23:59:53.626  4046  6425 I DEBUG LOG: [03-07 23:59:53.626] [jni_protocol.cpp] [jni_notice_app_evt] [line 436] jni send evt notice to app evt type:15
03-07 23:59:53.628  4046  4155 I DEBUG LOG: [03-07 23:59:53.628] [protocol.c] [protocol_write_data] [line 239]   TX : D1 02 00 25 E0 2D 01 16 00 04 77 40 00 00 9B BB BA 20 07 BA 54 AB 80 0B B2 00 2B B1 2B B0 00 20 07 03 00 00 1B B0 20 04 0E 7B 90 00 00 04 BB 20 00 00 2B B7 00 00 02 AB 20 0D 01 1A B9 20 16 01 9B A0 A0 16 01 09 B5 20 0D 01 2B B1 40 04 1D A2 22 22 20 2B BB BB BB B2 28 88 88 88 82 52 41 57 00 0A 00 12 00 85 66 FF FF 68 01 00 00 E0 0F D1 E0 0B E5 E0 0B 13 80 DF 20 1A E0 02 00 E0 13 13 40 1B 80 2B 40 09 80 0B C0 
03-07 23:59:53.633  4046  4155 I DEBUG LOG: [03-07 23:59:53.633] [protocol.c] [protocol_write_data] [line 239]   TX : D1 02 00 07 80 09 E0 19 13 40 23 80 25 80 0B 20 06 E0 12 13 E0 2D 01 20 52 E0 00 00 40 41 E0 01 0D 80 00 E0 27 13 02 00 02 54 21 8C 00 07 21 AD 02 00 0B B3 20 04 00 3B 21 A9 02 00 7B 70 20 04 07 AB 30 88 00 03 BA 00 BB 40 1C 03 BB 00 0A B3 20 04 01 2B A0 20 04 01 6B 70 20 04 04 9B 98 88 BB 88 21 BC 06 BB BB 22 22 22 BB 22 20 2E 00 BB 20 03 E0 02 04 01 55 00 E1 0B D1 40 9D C0 01 80 B0 C0 0D C0 01 40 15 C0 0B 
03-07 23:59:53.636  4046  4155 I DEBUG LOG: [03-07 23:59:53.636] [protocol.c] [protocol_write_data] [line 239]   TX : D1 02 00 C0 01 E0 01 11 E0 09 1D 40 11 40 00 C0 2B 40 01 60 10 20 00 40 0B C0 01 40 0F 40 00 C0 0F 40 01 60 10 20 00 40 0B E0 01 01 E0 03 11 E0 07 1B 40 01 E0 0D 13 E0 09 15 20 12 E0 02 00 40 39 C0 01 C0 17 80 0F E0 01 07 C0 09 E0 01 13 E0 01 01 08 FF FF FF FF B5 96 B5 96 B5 00 00 01 78 21 96 B5 E0 00 01 00 FF 60 00 00 B5 E0 00 0F 80 11 18 00 16 88 61 00 02 AB BB BA 20 09 B9 44 AB 90 2B B2 00 2B B1 2B B0 00 
03-07 23:59:53.639  4046  4155 I DEBUG LOG: [03-07 23:59:53.639] [protocol.c] [protocol_write_data] [line 239]   TX : D1 02 00 0B B2 E0 07 04 03 B2 00 1B B2 20 22 01 9B B2 20 2C 08 BB B2 00 17 88 4B B2 00 00 20 27 01 15 50 20 04 00 0B 40 1D 05 07 BA 44 9B 90 01 40 4A 14 00 06 88 71 00 52 41 57 00 0A 00 12 00 85 66 77 DE 68 01 00 00 40 7F 40 75 C0 01 40 0F E0 05 11 40 01 20 12 E0 04 25 40 01 E0 01 11 20 1C E0 06 1D 20 10 60 00 40 27 C0 01 80 11 E0 A5 13 80 B5 40 07 40 01 E0 01 09 C0 01 20 CE E0 00 1D C0 01 20 12 20 00 C0 0D 
03-07 23:59:53.642  4046  4155 I DEBUG LOG: [03-07 23:59:53.642] [protocol.c] [protocol_write_data] [line 239]   TX : D1 02 00 40 01 40 0F E1 03 D1 0D 43 9B 90 2B A0 00 0A B2 4B 80 00 08 B4 5B 20 04 00 B5 E0 1A 04 60 2C 60 36 41 EF 00 90 21 EF 21 D1 42 26 E1 01 D1 01 FF FF 81 D1 40 73 E0 03 01 40 7F E0 03 0F 40 01 E0 15 13 40 1D E0 01 00 40 2F E0 0F 13 E0 03 17 40 25 E0 01 01 80 40 E0 01 0F 80 01 40 15 80 09 40 0B 40 05 40 07 E0 0D 09 E0 03 00 40 27 80 29 E0 01 00 40 11 E0 0D 13 80 01 80 2A E0 01 0B E0 11 09 E0 01 01 40 33 
03-07 23:59:53.646  4046  4155 I DEBUG LOG: [03-07 23:59:53.646] [protocol.c] [protocol_write_data] [line 239]   TX : D1 02 00 E0 01 0D 80 01 40 13 E0 05 15 20 0E 0F FF 08 88 88 88 60 0B BB BB BB 80 0B B4 22 22 20 23 6C 43 78 60 04 00 02 20 09 03 B7 AB B6 00 40 1D 13 40 0B B7 00 7B 90 05 51 00 1B B0 00 00 00 0B B2 00 00 00 0B 00 00 01 B0 3F B2 00 00 00 0B B2 1B B0 00 1B B0 0B B4 00 4B A0 07 BA 66 AB 70 00 9B BB B9 00 00 04 77 40 00 52 12 41 57 00 0A 00 12 00 85 66 FF FF 68 01 00 00 FF FF B5 96 E0 05 01 00 FF 20 00 E0 05 11 
03-07 23:59:53.648  4046  4155 I DEBUG LOG: [03-07 23:59:53.648] [protocol.c] [protocol_write_data] [line 239]   TX : D1 02 00 E0 11 13 C0 00 40 23 40 01 E0 00 10 E0 0A 11 C0 13 20 08 E0 00 00 40 33 40 01 E0 01 11 E0 01 13 E0 03 15 40 0D C0 01 20 22 E0 00 00 C0 13 E0 05 15 C0 17 20 08 E0 02 00 40 25 C0 01 C0 17 C0 0F 40 01 E0 0B 13 80 15 40 07 40 01 E0 01 09 C0 01 40 33 C0 0B C0 01 40 13 E0 05 15 20 0E 18 FF 06 88 88 88 80 08 BB BB BB B0 02 22 23 AB 60 00 00 05 BA 00 00 00 1B B3 20 04 01 8B 70 21 9A 0C BA 10 00 00 0A BA 73 
03-07 23:59:53.650  4046  4155 I DEBUG LOG: [03-07 23:59:53.650] [protocol.c] [protocol_write_data] [line 239]   TX : D1 02 00 00 00 0B BB BB 50 20 14 01 7B B0 20 04 00 0A 41 CC 03 08 B2 02 20 20 04 13 2B 90 00 09 B2 2B B2 00 1B B2 09 BA 55 AB 90 02 AB BB BA 20 21 D1 00 51 E1 08 D1 C0 87 E0 29 01 20 A6 E0 02 00 80 3F E0 03 11 E0 0B 13 80 25 E0 05 27 40 0F E0 05 11 E0 0B 13 40 23 40 01 20 1C E0 00 00 40 0F E0 05 11 E0 1F 13 40 37 40 01 20 30 E0 00 00 40 0F E0 05 11 E0 0B 13 40 23 40 01 20 1C E0 00 00 40 0F E0 05 11 E0 09 13 
03-07 23:59:53.652  4046  4155 I DEBUG LOG: [03-07 23:59:53.652] [protocol.c] [protocol_write_data] [line 239]   TX : D1 02 00 05 15 55 55 55 51 2B 21 D1 00 B2 20 09 01 7B A0 21 AE 00 7B 21 C8 06 00 AB 40 00 00 02 BB 21 CD 00 05 23 71 02 00 09 B6 20 04 00 0B 41 C6 00 4B E0 06 21 20 17 01 06 B8 20 04 01 09 B4 20 04 00 1B 60 21 00 90 20 09 00 35 20 3E E3 09 A3 00 FF A0 91 80 01 20 0E 20 00 80 0B E0 01 01 06 FF FF FF FF B5 96 B5 00 00 01 6D 21 96 B5 E0 02 01 02 FF FF B5 A0 0D 00 FF 20 00 80 0B E0 01 07 80 00 80 15 80 01 A0 12 
03-07 23:59:53.657  4046  4155 I DEBUG LOG: [03-07 23:59:53.657] [protocol.c] [protocol_write_data] [line 239]   TX : D1 02 00 A0 00 80 13 E0 01 01 40 17 E0 01 0D C0 01 E0 15 13 E0 09 33 40 11 40 00 C0 3F 40 01 60 10 20 00 40 0B C0 01 40 0F 40 00 C0 0F 40 01 60 10 20 00 40 0B E0 01 01 E0 03 11 E0 07 1B 40 11 E0 0D 13 E0 05 15 20 0E 19 FF 00 17 88 60 00 02 AB BB BA 10 09 B9 44 AB 70 2B B1 00 2B B0 2B B0 00 05 51 20 04 10 00 00 2B B4 88 71 00 2B BB BB BA 20 2B B9 44 9B 90 40 1D 00 B2 20 18 00 0B E0 08 04 00 B2 20 18 01 09 BA 
03-07 23:59:53.777  4046  6425 I DEBUG LOG: [03-07 23:59:53.777] [protocol.c] [protocol_receive_data] [line 473] RX : D1 02 00 46 34 4C 00 60 D1 00 00 00 00 00 00 00 00 00 00 00 
03-07 23:59:53.777  4046  6425 I DEBUG LOG: [03-07 23:59:53.777] [jni_protocol.cpp] [jni_notice_app_evt] [line 436] jni send evt notice to app evt type:15
03-07 23:59:53.779  4046  4155 I DEBUG LOG: [03-07 23:59:53.779] [protocol.c] [protocol_write_data] [line 239]   TX : D1 02 00 20 22 40 4A 15 20 00 16 88 61 00 52 41 57 00 0A 00 12 00 85 66 B5 96 68 01 00 00 20 6C E0 04 C3 20 0E 20 00 40 AD E0 03 01 E0 0D 13 C0 21 E0 09 1D 40 11 40 00 C0 21 40 01 60 10 20 00 40 0B E0 01 01 E0 03 11 E0 07 1B 40 11 E0 1F 13 40 2D 40 01 20 30 E0 00 0B 80 01 20 10 60 00 80 0D 80 01 80 11 E0 19 13 80 29 40 07 E0 0F 01 E0 09 1D 20 56 20 00 E0 03 2F 40 0F 21 D1 00 71 61 D1 00 20 21 D1 06 9B 90 1B 
03-07 23:59:53.782  4046  4155 I DEBUG LOG: [03-07 23:59:53.782] [protocol.c] [protocol_write_data] [line 239]   TX : D1 02 00 B1 00 1B B1 E1 01 B3 05 0B B2 00 1B B0 07 20 18 01 70 00 21 F4 1F 00 07 BB 99 BB 70 2B B4 00 4B B2 5B 90 00 09 B5 5B 60 00 06 B5 5B 70 00 07 B5 4B A0 00 0A B4 0A 20 27 0A A0 04 BB BB BB 40 00 27 88 72 00 
03-07 23:59:53.785  4046  4155 I DEBUG LOG: [03-07 23:59:53.785] [jni_protocol.cpp] [jni_notice_app_evt] [line 436] jni send evt notice to app evt type:15
03-07 23:59:53.819  4046  4155 I DEBUG LOG: [03-07 23:59:53.819] [protocol.c] [protocol_write_data] [line 235]   TX : D1 03 27 6D 4C 00 
03-07 23:59:53.819  4046  4155 I DEBUG LOG: [03-07 23:59:53.819] [jni_protocol.cpp] [jni_notice_app_tx_data] [line 345] jni send tx data to app data len:6
03-07 23:59:53.994  4046  4981 I DEBUG LOG: [03-07 23:59:53.994] [protocol.c] [protocol_receive_data] [line 469] RX : D1 03 00 00 00 00 00 00 00 00 00 00 00 00 00 00 00 00 00 00 
03-07 23:59:53.994  4046  4981 I DEBUG LOG: [03-07 23:59:53.994] [jni_protocol.cpp] [jni_notice_app_evt] [line 436] jni send evt notice to app evt type:16
03-07 23:59:54.007  4046  4046 I DEBUG LOG: [03-07 23:59:54.007] [jni_protocol.cpp] [Java_com_veryfit_multi_nativeprotocol_Protocol_tranDataStop] [line 693] jni api tranDataStop
03-07 23:59:55.055  4046  4046 I DEBUG LOG: [03-07 23:59:55.055] [jni_protocol.cpp] [Java_com_veryfit_multi_nativeprotocol_Protocol_WriteJsonData] [line 612] app send protocol evt:5006(5006)
03-07 23:59:55.057  4046  4046 I DEBUG LOG: [03-07 23:59:55.057] [protocol_v3_queue.c] [protocol_v3_queue_write_ex] [line 315] warn:v3 write data is null
03-07 23:59:55.058  4046  4046 I DEBUG LOG: [03-07 23:59:55.058] [protocol_v3_queue.c] [protocol_v3_queue_write_ex] [line 360] free ptr:tmp & queue_data
03-07 23:59:55.058  4046  4046 I DEBUG LOG: [03-07 23:59:55.058] [protocol_v3_queue.c] [protocol_v3_queue_write_ex] [line 362] v3 protocol add queue cmd id=0x6 nseq=0x151 send queue cout=1
03-07 23:59:55.058  4046  4046 I DEBUG LOG: [03-07 23:59:55.058] [protocol_v3_queue.c] [send_packet] [line 193] v3 protocol send packet cmd id=0x6 nseq=0x151
03-07 23:59:55.058  4046  4046 I DEBUG LOG: [03-07 23:59:55.058] [protocol_v3.c] [process_tx_buff] [line 88] v3 protocol write complete
03-07 23:59:55.058  4046  4046 I DEBUG LOG: [03-07 23:59:55.058] [protocol_v3.c] [process_tx_buff] [line 102] send data buff length:13,offset:0
03-07 23:59:55.058  4046  4046 I DEBUG LOG: [03-07 23:59:55.058] [protocol.c] [protocol_write_data] [line 235]   TX : 33 DA AD DA AD 01 0B 00 06 00 51 01 07 E6 
03-07 23:59:55.058  4046  4046 I DEBUG LOG: [03-07 23:59:55.058] [jni_protocol.cpp] [jni_notice_app_tx_data] [line 345] jni send tx data to app data len:14
03-07 23:59:55.059  4046  4046 I DEBUG LOG: [03-07 23:59:55.059] [protocol_v3_queue.c] [send_packet] [line 208] v3 write data rel:0,free send buff
03-07 23:59:55.059  4046  4046 I DEBUG LOG: [03-07 23:59:55.059] [protocol_v3_queue.c] [process_queue] [line 265] free queue_data
03-07 23:59:55.128  4046  4981 I DEBUG LOG: [03-07 23:59:55.128] [protocol_v3.c] [process_tx_buff] [line 88] v3 protocol write complete
03-07 23:59:55.128  4046  4981 I DEBUG LOG: [03-07 23:59:55.128] [protocol_v3.c] [process_tx_buff] [line 102] send data buff length:13,offset:13
03-07 23:59:55.128  4046  4981 I DEBUG LOG: [03-07 23:59:55.128] [protocol_v3.c] [send_end] [line 67] protocol cmd id:0x6 nseq:0x151 send end
03-07 23:59:55.132  4046  4981 I DEBUG LOG: [03-07 23:59:55.132] [protocol.c] [protocol_receive_data] [line 469] RX : 33 DA AD DA AD 01 45 00 06 00 51 01 01 04 00 00 00 1C 01 01 07 00 00 00 6C 6F 63 61 6C 5F 31 01 07 00 00 00 6C 6F 63 61 6C 5F 32 01 07 00 00 00 6C 6F 63 61 6C 5F 33 01 0A 00 00 00 77 69 74 63 68 32 2E 69 77 66 09 35 
03-07 23:59:55.132  4046  4981 I DEBUG LOG: [03-07 23:59:55.132] [protocol_v3.c] [protocol_v3_exec] [line 394] rec v3 protocol cmd id:0x6,nseq:0x151,total length:69(+2Bytes CRC),cur get data length:71
03-07 23:59:55.132  4046  4981 I DEBUG LOG: [03-07 23:59:55.132] [protocol_v3_queue.c] [protocol_v3_rx_data_cb_handle] [line 109] rec v3 protocol cmd id:0x6 nseq:0x151 vserion: 0x1 complete,length:69(+2Bytes CRC)
03-07 23:59:55.132  4046  4981 I DEBUG LOG: [03-07 23:59:55.132] [protocol_v3_queue.c] [cmd_reply_process] [line 86] cmd 0x6,nseq = 337,is reply
03-07 23:59:55.132  4046  4981 I DEBUG LOG: [03-07 23:59:55.132] [protocol_v3_queue.c] [process_queue] [line 269] warn:   queue is empty
03-07 23:59:55.153  4046  4046 I DEBUG LOG: [03-07 23:59:55.153] [jni_protocol.cpp] [Java_com_veryfit_multi_nativeprotocol_Protocol_WriteJsonData] [line 612] app send protocol evt:5008(5008)
03-07 23:59:55.155  4046  4046 I DEBUG LOG: [03-07 23:59:55.155] [protocol_v3_queue.c] [protocol_v3_queue_write_ex] [line 360] free ptr:tmp & queue_data
03-07 23:59:55.155  4046  4046 I DEBUG LOG: [03-07 23:59:55.155] [protocol_v3_queue.c] [protocol_v3_queue_write_ex] [line 362] v3 protocol add queue cmd id=0x8 nseq=0x152 send queue cout=1
03-07 23:59:55.155  4046  4046 I DEBUG LOG: [03-07 23:59:55.155] [protocol_v3_queue.c] [send_packet] [line 193] v3 protocol send packet cmd id=0x8 nseq=0x152
03-07 23:59:55.155  4046  4046 I DEBUG LOG: [03-07 23:59:55.155] [protocol_v3.c] [process_tx_buff] [line 88] v3 protocol write complete
03-07 23:59:55.155  4046  4046 I DEBUG LOG: [03-07 23:59:55.155] [protocol_v3.c] [process_tx_buff] [line 102] send data buff length:44,offset:0
03-07 23:59:55.155  4046  4046 I DEBUG LOG: [03-07 23:59:55.155] [protocol.c] [protocol_write_data] [line 235]   TX : 33 DA AD DA AD 01 2A 00 08 00 52 01 00 00 00 00 00 00 00 00 00 00 00 00 00 00 00 00 00 00 00 00 00 00 00 00 00 00 00 00 00 00 00 DF 1D 
03-07 23:59:55.155  4046  4046 I DEBUG LOG: [03-07 23:59:55.155] [jni_protocol.cpp] [jni_notice_app_tx_data] [line 345] jni send tx data to app data len:45
03-07 23:59:55.156  4046  4046 I DEBUG LOG: [03-07 23:59:55.156] [protocol_v3_queue.c] [send_packet] [line 208] v3 write data rel:0,free send buff
03-07 23:59:55.156  4046  4046 I DEBUG LOG: [03-07 23:59:55.156] [protocol_v3_queue.c] [process_queue] [line 265] free queue_data
03-07 23:59:55.162  4046  4046 I DEBUG LOG: [03-07 23:59:55.162] [jni_protocol.cpp] [Java_com_veryfit_multi_nativeprotocol_Protocol_WriteJsonData] [line 612] app send protocol evt:5008(5008)
03-07 23:59:55.163  4046  4046 I DEBUG LOG: [03-07 23:59:55.163] [protocol_v3_queue.c] [protocol_v3_queue_write_ex] [line 360] free ptr:tmp & queue_data
03-07 23:59:55.163  4046  4046 I DEBUG LOG: [03-07 23:59:55.163] [protocol_v3_queue.c] [protocol_v3_queue_write_ex] [line 362] v3 protocol add queue cmd id=0x8 nseq=0x153 send queue cout=1
03-07 23:59:55.163  4046  4046 I DEBUG LOG: [03-07 23:59:55.163] [protocol_v3_queue.c] [process_queue] [line 269] warn:  cmd is not reply 
03-07 23:59:55.164  4046  4046 I DEBUG LOG: [03-07 23:59:55.164] [protocol_v3_queue.c] [send_packet] [line 193] v3 protocol send packet cmd id=0x8 nseq=0x153
03-07 23:59:55.164  4046  4046 I DEBUG LOG: [03-07 23:59:55.164] [protocol_v3.c] [process_tx_buff] [line 88] v3 protocol write complete
03-07 23:59:55.164  4046  4046 I DEBUG LOG: [03-07 23:59:55.164] [protocol_v3.c] [process_tx_buff] [line 102] send data buff length:44,offset:0
03-07 23:59:55.164  4046  4046 I DEBUG LOG: [03-07 23:59:55.164] [protocol.c] [protocol_write_data] [line 235]   TX : 33 DA AD DA AD 01 2A 00 08 00 53 01 01 77 69 74 63 68 32 2E 69 77 66 00 00 00 00 00 00 00 00 00 00 00 00 00 00 00 00 00 00 00 00 21 AD 
03-07 23:59:55.164  4046  4046 I DEBUG LOG: [03-07 23:59:55.164] [jni_protocol.cpp] [jni_notice_app_tx_data] [line 345] jni send tx data to app data len:45
03-07 23:59:55.164  4046  4046 I DEBUG LOG: [03-07 23:59:55.164] [protocol_v3_queue.c] [send_packet] [line 208] v3 write data rel:0,free send buff
03-07 23:59:55.164  4046  4046 I DEBUG LOG: [03-07 23:59:55.164] [protocol_v3_queue.c] [process_queue] [line 265] free queue_data
03-07 23:59:55.217  4046  4981 I DEBUG LOG: [03-07 23:59:55.217] [protocol_v3.c] [process_tx_buff] [line 88] v3 protocol write complete
03-07 23:59:55.217  4046  4981 I DEBUG LOG: [03-07 23:59:55.217] [protocol_v3.c] [process_tx_buff] [line 102] send data buff length:44,offset:44
03-07 23:59:55.218  4046  4981 I DEBUG LOG: [03-07 23:59:55.217] [protocol_v3.c] [send_end] [line 67] protocol cmd id:0x8 nseq:0x153 send end
03-07 23:59:55.220  4046  4981 I DEBUG LOG: [03-07 23:59:55.220] [protocol.c] [protocol_receive_data] [line 469] RX : 33 DA AD DA AD 01 2B 00 08 00 52 01 00 00 77 69 74 63 68 32 2E 69 77 66 00 00 00 00 00 00 00 00 00 00 00 00 00 00 00 00 00 00 00 00 0C 4B 
03-07 23:59:55.221  4046  4981 I DEBUG LOG: [03-07 23:59:55.221] [protocol_v3.c] [protocol_v3_exec] [line 394] rec v3 protocol cmd id:0x8,nseq:0x152,total length:43(+2Bytes CRC),cur get data length:45
03-07 23:59:55.221  4046  4981 I DEBUG LOG: [03-07 23:59:55.221] [protocol_v3_queue.c] [protocol_v3_rx_data_cb_handle] [line 109] rec v3 protocol cmd id:0x8 nseq:0x152 vserion: 0x1 complete,length:43(+2Bytes CRC)
03-07 23:59:55.273  4046  4981 I DEBUG LOG: [03-07 23:59:55.273] [protocol_v3.c] [process_tx_buff] [line 88] v3 protocol write complete
03-07 23:59:55.275  4046  4981 I DEBUG LOG: [03-07 23:59:55.275] [protocol.c] [protocol_receive_data] [line 469] RX : 33 DA AD DA AD 01 2B 00 08 00 53 01 00 01 77 69 74 63 68 32 2E 69 77 66 00 00 00 00 00 00 00 00 00 00 00 00 00 00 00 00 00 00 00 00 00 59 
03-07 23:59:55.275  4046  4981 I DEBUG LOG: [03-07 23:59:55.275] [protocol_v3.c] [protocol_v3_exec] [line 394] rec v3 protocol cmd id:0x8,nseq:0x153,total length:43(+2Bytes CRC),cur get data length:45
03-07 23:59:55.275  4046  4981 I DEBUG LOG: [03-07 23:59:55.275] [protocol_v3_queue.c] [protocol_v3_rx_data_cb_handle] [line 109] rec v3 protocol cmd id:0x8 nseq:0x153 vserion: 0x1 complete,length:43(+2Bytes CRC)
03-07 23:59:55.275  4046  4981 I DEBUG LOG: [03-07 23:59:55.275] [protocol_v3_queue.c] [cmd_reply_process] [line 86] cmd 0x8,nseq = 339,is reply
03-07 23:59:55.275  4046  4981 I DEBUG LOG: [03-07 23:59:55.275] [protocol_v3_queue.c] [process_queue] [line 269] warn:   queue is empty
03-07 23:59:55.321  4046  4046 I DEBUG LOG: [03-07 23:59:55.321] [jni_protocol.cpp] [Java_com_veryfit_multi_nativeprotocol_Protocol_WriteJsonData] [line 612] app send protocol evt:5006(5006)
03-07 23:59:55.321  4046  4046 I DEBUG LOG: [03-07 23:59:55.321] [protocol_v3_queue.c] [protocol_v3_queue_write_ex] [line 315] warn:v3 write data is null
03-07 23:59:55.322  4046  4046 I DEBUG LOG: [03-07 23:59:55.322] [protocol_v3_queue.c] [protocol_v3_queue_write_ex] [line 360] free ptr:tmp & queue_data
03-07 23:59:55.322  4046  4046 I DEBUG LOG: [03-07 23:59:55.322] [protocol_v3_queue.c] [protocol_v3_queue_write_ex] [line 362] v3 protocol add queue cmd id=0x6 nseq=0x154 send queue cout=1
03-07 23:59:55.322  4046  4046 I DEBUG LOG: [03-07 23:59:55.322] [protocol_v3_queue.c] [send_packet] [line 193] v3 protocol send packet cmd id=0x6 nseq=0x154
03-07 23:59:55.322  4046  4046 I DEBUG LOG: [03-07 23:59:55.322] [protocol_v3.c] [process_tx_buff] [line 88] v3 protocol write complete
03-07 23:59:55.322  4046  4046 I DEBUG LOG: [03-07 23:59:55.322] [protocol_v3.c] [process_tx_buff] [line 102] send data buff length:13,offset:0
03-07 23:59:55.322  4046  4046 I DEBUG LOG: [03-07 23:59:55.322] [protocol.c] [protocol_write_data] [line 235]   TX : 33 DA AD DA AD 01 0B 00 06 00 54 01 F2 19 
03-07 23:59:55.322  4046  4046 I DEBUG LOG: [03-07 23:59:55.322] [jni_protocol.cpp] [jni_notice_app_tx_data] [line 345] jni send tx data to app data len:14
03-07 23:59:55.322  4046  4046 I DEBUG LOG: [03-07 23:59:55.322] [protocol_v3_queue.c] [send_packet] [line 208] v3 write data rel:0,free send buff
03-07 23:59:55.322  4046  4046 I DEBUG LOG: [03-07 23:59:55.322] [protocol_v3_queue.c] [process_queue] [line 265] free queue_data
03-07 23:59:55.394  4046  4981 I DEBUG LOG: [03-07 23:59:55.394] [protocol_v3.c] [process_tx_buff] [line 88] v3 protocol write complete
03-07 23:59:55.394  4046  4981 I DEBUG LOG: [03-07 23:59:55.394] [protocol_v3.c] [process_tx_buff] [line 102] send data buff length:13,offset:13
03-07 23:59:55.394  4046  4981 I DEBUG LOG: [03-07 23:59:55.394] [protocol_v3.c] [send_end] [line 67] protocol cmd id:0x6 nseq:0x154 send end
03-07 23:59:55.396  4046  4981 I DEBUG LOG: [03-07 23:59:55.396] [protocol.c] [protocol_receive_data] [line 469] RX : 33 DA AD DA AD 01 45 00 06 00 54 01 01 04 00 00 00 1C 01 01 07 00 00 00 6C 6F 63 61 6C 5F 31 01 07 00 00 00 6C 6F 63 61 6C 5F 32 01 07 00 00 00 6C 6F 63 61 6C 5F 33 01 0A 00 00 00 77 69 74 63 68 32 2E 69 77 66 38 43 
03-07 23:59:55.396  4046  4981 I DEBUG LOG: [03-07 23:59:55.396] [protocol_v3.c] [protocol_v3_exec] [line 394] rec v3 protocol cmd id:0x6,nseq:0x154,total length:69(+2Bytes CRC),cur get data length:71
03-07 23:59:55.396  4046  4981 I DEBUG LOG: [03-07 23:59:55.396] [protocol_v3_queue.c] [protocol_v3_rx_data_cb_handle] [line 109] rec v3 protocol cmd id:0x6 nseq:0x154 vserion: 0x1 complete,length:69(+2Bytes CRC)
03-07 23:59:55.396  4046  4981 I DEBUG LOG: [03-07 23:59:55.396] [protocol_v3_queue.c] [cmd_reply_process] [line 86] cmd 0x6,nseq = 340,is reply
03-07 23:59:55.396  4046  4981 I DEBUG LOG: [03-07 23:59:55.396] [protocol_v3_queue.c] [process_queue] [line 269] warn:   queue is empty
03-07 23:59:55.851  4046  4046 I DEBUG LOG: [03-07 23:59:55.851] [jni_protocol.cpp] [Java_com_veryfit_multi_nativeprotocol_Protocol_WriteJsonData] [line 612] app send protocol evt:5006(5006)
03-07 23:59:55.852  4046  4046 I DEBUG LOG: [03-07 23:59:55.852] [protocol_v3_queue.c] [protocol_v3_queue_write_ex] [line 315] warn:v3 write data is null
03-07 23:59:55.852  4046  4046 I DEBUG LOG: [03-07 23:59:55.852] [protocol_v3_queue.c] [protocol_v3_queue_write_ex] [line 360] free ptr:tmp & queue_data
03-07 23:59:55.852  4046  4046 I DEBUG LOG: [03-07 23:59:55.852] [protocol_v3_queue.c] [protocol_v3_queue_write_ex] [line 362] v3 protocol add queue cmd id=0x6 nseq=0x155 send queue cout=1
03-07 23:59:55.853  4046  4046 I DEBUG LOG: [03-07 23:59:55.853] [protocol_v3_queue.c] [send_packet] [line 193] v3 protocol send packet cmd id=0x6 nseq=0x155
03-07 23:59:55.853  4046  4046 I DEBUG LOG: [03-07 23:59:55.853] [protocol_v3.c] [process_tx_buff] [line 88] v3 protocol write complete
03-07 23:59:55.853  4046  4046 I DEBUG LOG: [03-07 23:59:55.853] [protocol_v3.c] [process_tx_buff] [line 102] send data buff length:13,offset:0
03-07 23:59:55.853  4046  4046 I DEBUG LOG: [03-07 23:59:55.853] [protocol.c] [protocol_write_data] [line 235]   TX : 33 DA AD DA AD 01 0B 00 06 00 55 01 C3 2A 
03-07 23:59:55.853  4046  4046 I DEBUG LOG: [03-07 23:59:55.853] [jni_protocol.cpp] [jni_notice_app_tx_data] [line 345] jni send tx data to app data len:14
